Archive member included to satisfy reference by file (symbol)

C:/Renesas/RA/e2studio_v2024-10_fsp_v5.7.0/toolchains/gcc_arm/13.2.rel1/bin/../lib/gcc/arm-none-eabi/13.2.1/thumb/v8-m.base/nofp\libgcc.a(_aeabi_ldivmod.o)
                              ./ra/fsp/src/r_sci_uart/r_sci_uart.o (__aeabi_ldivmod)
C:/Renesas/RA/e2studio_v2024-10_fsp_v5.7.0/toolchains/gcc_arm/13.2.rel1/bin/../lib/gcc/arm-none-eabi/13.2.1/thumb/v8-m.base/nofp\libgcc.a(_muldi3.o)
                              ./ra/fsp/src/r_sci_uart/r_sci_uart.o (__aeabi_lmul)
C:/Renesas/RA/e2studio_v2024-10_fsp_v5.7.0/toolchains/gcc_arm/13.2.rel1/bin/../lib/gcc/arm-none-eabi/13.2.1/thumb/v8-m.base/nofp\libgcc.a(_fixunssfsi.o)
                              ./src/http_server.o (__aeabi_f2uiz)
C:/Renesas/RA/e2studio_v2024-10_fsp_v5.7.0/toolchains/gcc_arm/13.2.rel1/bin/../lib/gcc/arm-none-eabi/13.2.1/thumb/v8-m.base/nofp\libgcc.a(bpabi.o)
                              C:/Renesas/RA/e2studio_v2024-10_fsp_v5.7.0/toolchains/gcc_arm/13.2.rel1/bin/../lib/gcc/arm-none-eabi/13.2.1/thumb/v8-m.base/nofp\libgcc.a(_aeabi_ldivmod.o) (__gnu_ldivmod_helper)
C:/Renesas/RA/e2studio_v2024-10_fsp_v5.7.0/toolchains/gcc_arm/13.2.rel1/bin/../lib/gcc/arm-none-eabi/13.2.1/thumb/v8-m.base/nofp\libgcc.a(divsf3.o)
                              ./src/hs3001.o (__aeabi_fdiv)
C:/Renesas/RA/e2studio_v2024-10_fsp_v5.7.0/toolchains/gcc_arm/13.2.rel1/bin/../lib/gcc/arm-none-eabi/13.2.1/thumb/v8-m.base/nofp\libgcc.a(mulsf3.o)
                              ./src/hs3001.o (__aeabi_fmul)
C:/Renesas/RA/e2studio_v2024-10_fsp_v5.7.0/toolchains/gcc_arm/13.2.rel1/bin/../lib/gcc/arm-none-eabi/13.2.1/thumb/v8-m.base/nofp\libgcc.a(subsf3.o)
                              ./src/hs3001.o (__aeabi_fsub)
C:/Renesas/RA/e2studio_v2024-10_fsp_v5.7.0/toolchains/gcc_arm/13.2.rel1/bin/../lib/gcc/arm-none-eabi/13.2.1/thumb/v8-m.base/nofp\libgcc.a(fixsfsi.o)
                              C:/Renesas/RA/e2studio_v2024-10_fsp_v5.7.0/toolchains/gcc_arm/13.2.rel1/bin/../lib/gcc/arm-none-eabi/13.2.1/thumb/v8-m.base/nofp\libgcc.a(_fixunssfsi.o) (__aeabi_f2iz)
C:/Renesas/RA/e2studio_v2024-10_fsp_v5.7.0/toolchains/gcc_arm/13.2.rel1/bin/../lib/gcc/arm-none-eabi/13.2.1/thumb/v8-m.base/nofp\libgcc.a(floatunsisf.o)
                              ./src/hs3001.o (__aeabi_ui2f)
C:/Renesas/RA/e2studio_v2024-10_fsp_v5.7.0/toolchains/gcc_arm/13.2.rel1/bin/../lib/gcc/arm-none-eabi/13.2.1/thumb/v8-m.base/nofp\libgcc.a(_dvmd_tls.o)
                              C:/Renesas/RA/e2studio_v2024-10_fsp_v5.7.0/toolchains/gcc_arm/13.2.rel1/bin/../lib/gcc/arm-none-eabi/13.2.1/thumb/v8-m.base/nofp\libgcc.a(_aeabi_ldivmod.o) (__aeabi_ldiv0)
C:/Renesas/RA/e2studio_v2024-10_fsp_v5.7.0/toolchains/gcc_arm/13.2.rel1/bin/../lib/gcc/arm-none-eabi/13.2.1/thumb/v8-m.base/nofp\libgcc.a(_arm_cmpsf2.o)
                              C:/Renesas/RA/e2studio_v2024-10_fsp_v5.7.0/toolchains/gcc_arm/13.2.rel1/bin/../lib/gcc/arm-none-eabi/13.2.1/thumb/v8-m.base/nofp\libgcc.a(_fixunssfsi.o) (__aeabi_fcmpge)
C:/Renesas/RA/e2studio_v2024-10_fsp_v5.7.0/toolchains/gcc_arm/13.2.rel1/bin/../lib/gcc/arm-none-eabi/13.2.1/thumb/v8-m.base/nofp\libgcc.a(_clzsi2.o)
                              C:/Renesas/RA/e2studio_v2024-10_fsp_v5.7.0/toolchains/gcc_arm/13.2.rel1/bin/../lib/gcc/arm-none-eabi/13.2.1/thumb/v8-m.base/nofp\libgcc.a(divsf3.o) (__clzsi2)
C:/Renesas/RA/e2studio_v2024-10_fsp_v5.7.0/toolchains/gcc_arm/13.2.rel1/bin/../lib/gcc/arm-none-eabi/13.2.1/thumb/v8-m.base/nofp\libgcc.a(_divdi3.o)
                              C:/Renesas/RA/e2studio_v2024-10_fsp_v5.7.0/toolchains/gcc_arm/13.2.rel1/bin/../lib/gcc/arm-none-eabi/13.2.1/thumb/v8-m.base/nofp\libgcc.a(bpabi.o) (__divdi3)
C:/Renesas/RA/e2studio_v2024-10_fsp_v5.7.0/toolchains/gcc_arm/13.2.rel1/bin/../lib/gcc/arm-none-eabi/13.2.1/thumb/v8-m.base/nofp\libgcc.a(eqsf2.o)
                              C:/Renesas/RA/e2studio_v2024-10_fsp_v5.7.0/toolchains/gcc_arm/13.2.rel1/bin/../lib/gcc/arm-none-eabi/13.2.1/thumb/v8-m.base/nofp\libgcc.a(_arm_cmpsf2.o) (__eqsf2)
C:/Renesas/RA/e2studio_v2024-10_fsp_v5.7.0/toolchains/gcc_arm/13.2.rel1/bin/../lib/gcc/arm-none-eabi/13.2.1/thumb/v8-m.base/nofp\libgcc.a(gesf2.o)
                              C:/Renesas/RA/e2studio_v2024-10_fsp_v5.7.0/toolchains/gcc_arm/13.2.rel1/bin/../lib/gcc/arm-none-eabi/13.2.1/thumb/v8-m.base/nofp\libgcc.a(_arm_cmpsf2.o) (__gesf2)
C:/Renesas/RA/e2studio_v2024-10_fsp_v5.7.0/toolchains/gcc_arm/13.2.rel1/bin/../lib/gcc/arm-none-eabi/13.2.1/thumb/v8-m.base/nofp\libgcc.a(lesf2.o)
                              C:/Renesas/RA/e2studio_v2024-10_fsp_v5.7.0/toolchains/gcc_arm/13.2.rel1/bin/../lib/gcc/arm-none-eabi/13.2.1/thumb/v8-m.base/nofp\libgcc.a(_arm_cmpsf2.o) (__lesf2)
C:/Renesas/RA/e2studio_v2024-10_fsp_v5.7.0/toolchains/gcc_arm/13.2.rel1/bin/../lib/gcc/arm-none-eabi/13.2.1/thumb/v8-m.base/nofp\libg_nano.a(libc_a-exit.o)
[...]
Memory Configuration

Name             Origin             Length             Attributes
ITCM             0x00000000         0x00000000         xr
DTCM             0x00000000         0x00000000         xrw
FLASH            0x00000000         0x00080000         xr
RAM              0x20000000         0x0000c000         xrw
DATA_FLASH       0x40100000         0x00002000         xr
QSPI_FLASH       0x60000000         0x00000000         xr
OSPI_DEVICE_0    0x80020000         0x00000000         xr
OSPI_DEVICE_1    0x80030000         0x00000000         xr
OSPI_DEVICE_0_RAM 0x80020000         0x00000000         xrw
OSPI_DEVICE_1_RAM 0x80030000         0x00000000         xrw
SDRAM            0x80010000         0x00000000         xrw
OPTION_SETTING   0x00000000         0x00000000         r
OPTION_SETTING_OFS 0x00000000         0x00000018         r
OPTION_SETTING_SAS 0x00000034         0x00000000         r
OPTION_SETTING_S 0x80000000         0x00000000         r
ID_CODE          0x01010018         0x00000020         xr
*default*        0x00000000         0xffffffff

Linker script and memory map

LOAD C:/Renesas/RA/e2studio_v2024-10_fsp_v5.7.0/toolchains/gcc_arm/13.2.rel1/bin/../lib/gcc/arm-none-eabi/13.2.1/thumb/v8-m.base/nofp/crti.o
LOAD C:/Renesas/RA/e2studio_v2024-10_fsp_v5.7.0/toolchains/gcc_arm/13.2.rel1/bin/../lib/gcc/arm-none-eabi/13.2.1/thumb/v8-m.base/nofp/crtbegin.o
LOAD C:/Renesas/RA/e2studio_v2024-10_fsp_v5.7.0/toolchains/gcc_arm/13.2.rel1/bin/../lib/gcc/arm-none-eabi/13.2.1/thumb/v8-m.base/nofp/rdimon-crt0.o
START GROUP
LOAD ./src/SEGGER_RTT/SEGGER_RTT.o
LOAD ./src/SEGGER_RTT/SEGGER_RTT_printf.o
LOAD ./src/da16200_AT.o
LOAD ./src/dialog_wifi_demo.o
LOAD ./src/hal_entry.o
LOAD ./src/hs3001.o
LOAD ./src/http_server.o
LOAD ./ra_gen/common_data.o
LOAD ./ra_gen/hal_data.o
LOAD ./ra_gen/main.o
LOAD ./ra_gen/pin_data.o
LOAD ./ra_gen/vector_data.o
LOAD ./ra/fsp/src/r_sci_uart/r_sci_uart.o
LOAD ./ra/fsp/src/r_sci_i2c/r_sci_i2c.o
LOAD ./ra/fsp/src/r_ioport/r_ioport.o
LOAD ./ra/fsp/src/r_icu/r_icu.o
LOAD ./ra/fsp/src/r_agt/r_agt.o
LOAD ./ra/fsp/src/bsp/mcu/all/bsp_clocks.o
LOAD ./ra/fsp/src/bsp/mcu/all/bsp_common.o
LOAD ./ra/fsp/src/bsp/mcu/all/bsp_delay.o
LOAD ./ra/fsp/src/bsp/mcu/all/bsp_group_irq.o
LOAD ./ra/fsp/src/bsp/mcu/all/bsp_guard.o
LOAD ./ra/fsp/src/bsp/mcu/all/bsp_io.o
LOAD ./ra/fsp/src/bsp/mcu/all/bsp_irq.o
LOAD ./ra/fsp/src/bsp/mcu/all/bsp_macl.o
LOAD ./ra/fsp/src/bsp/mcu/all/bsp_register_protection.o
LOAD ./ra/fsp/src/bsp/mcu/all/bsp_rom_registers.o
LOAD ./ra/fsp/src/bsp/mcu/all/bsp_sbrk.o
LOAD ./ra/fsp/src/bsp/mcu/all/bsp_sdram.o
LOAD ./ra/fsp/src/bsp/mcu/all/bsp_security.o
LOAD ./ra/fsp/src/bsp/cmsis/Device/RENESAS/Source/startup.o
LOAD ./ra/fsp/src/bsp/cmsis/Device/RENESAS/Source/system.o
LOAD ./ra/board/ra2a2_ek/board_init.o
LOAD ./ra/board/ra2a2_ek/board_leds.o
END GROUP
START GROUP
LOAD C:/Renesas/RA/e2studio_v2024-10_fsp_v5.7.0/toolchains/gcc_arm/13.2.rel1/bin/../lib/gcc/arm-none-eabi/13.2.1/thumb/v8-m.base/nofp\libgcc.a
LOAD C:/Renesas/RA/e2studio_v2024-10_fsp_v5.7.0/toolchains/gcc_arm/13.2.rel1/bin/../lib/gcc/arm-none-eabi/13.2.1/thumb/v8-m.base/nofp\libg_nano.a
LOAD C:/Renesas/RA/e2studio_v2024-10_fsp_v5.7.0/toolchains/gcc_arm/13.2.rel1/bin/../lib/gcc/arm-none-eabi/13.2.1/thumb/v8-m.base/nofp\libc_nano.a
END GROUP
START GROUP
LOAD C:/Renesas/RA/e2studio_v2024-10_fsp_v5.7.0/toolchains/gcc_arm/13.2.rel1/bin/../lib/gcc/arm-none-eabi/13.2.1/thumb/v8-m.base/nofp\libgcc.a
LOAD C:/Renesas/RA/e2studio_v2024-10_fsp_v5.7.0/toolchains/gcc_arm/13.2.rel1/bin/../lib/gcc/arm-none-eabi/13.2.1/thumb/v8-m.base/nofp\libc_nano.a
LOAD C:/Renesas/RA/e2studio_v2024-10_fsp_v5.7.0/toolchains/gcc_arm/13.2.rel1/bin/../lib/gcc/arm-none-eabi/13.2.1/thumb/v8-m.base/nofp\librdimon_nano.a
END GROUP
START GROUP
LOAD C:/Renesas/RA/e2studio_v2024-10_fsp_v5.7.0/toolchains/gcc_arm/13.2.rel1/bin/../lib/gcc/arm-none-eabi/13.2.1/thumb/v8-m.base/nofp\libgcc.a
LOAD C:/Renesas/RA/e2studio_v2024-10_fsp_v5.7.0/toolchains/gcc_arm/13.2.rel1/bin/../lib/gcc/arm-none-eabi/13.2.1/thumb/v8-m.base/nofp\libc_nano.a
LOAD C:/Renesas/RA/e2studio_v2024-10_fsp_v5.7.0/toolchains/gcc_arm/13.2.rel1/bin/../lib/gcc/arm-none-eabi/13.2.1/thumb/v8-m.base/nofp\librdimon_nano.a
END GROUP
LOAD C:/Renesas/RA/e2studio_v2024-10_fsp_v5.7.0/toolchains/gcc_arm/13.2.rel1/bin/../lib/gcc/arm-none-eabi/13.2.1/thumb/v8-m.base/nofp/crtend.o
LOAD C:/Renesas/RA/e2studio_v2024-10_fsp_v5.7.0/toolchains/gcc_arm/13.2.rel1/bin/../lib/gcc/arm-none-eabi/13.2.1/thumb/v8-m.base/nofp/crtn.o
                0x20000000                        RAM_START = 0x20000000
                0x0000c000                        RAM_LENGTH = 0xc000
                0x00000000                        FLASH_START = 0x0
                0x00080000                        FLASH_LENGTH = 0x80000
                0x40100000                        DATA_FLASH_START = 0x40100000
                0x00002000                        DATA_FLASH_LENGTH = 0x2000
                0x00000000                        OPTION_SETTING_START = 0x0
                0x00000000                        OPTION_SETTING_LENGTH = 0x0
                0x80000000                        OPTION_SETTING_S_START = 0x80000000
                0x00000000                        OPTION_SETTING_S_LENGTH = 0x0
                0x01010018                        ID_CODE_START = 0x1010018
                0x00000020                        ID_CODE_LENGTH = 0x20
                0x80010000                        SDRAM_START = 0x80010000
                0x00000000                        SDRAM_LENGTH = 0x0
                0x60000000                        QSPI_FLASH_START = 0x60000000
                0x00000000                        QSPI_FLASH_LENGTH = 0x0
                0x80020000                        OSPI_DEVICE_0_START = 0x80020000
                0x00000000                        OSPI_DEVICE_0_LENGTH = 0x0
                0x80030000                        OSPI_DEVICE_1_START = 0x80030000
                0x00000000                        OSPI_DEVICE_1_LENGTH = 0x0
                0x00000000                        QSPI_FLASH_PRV_LENGTH = DEFINED (QSPI_FLASH_SIZE)?ABSOLUTE (QSPI_FLASH_SIZE):ABSOLUTE (QSPI_FLASH_LENGTH)
                0x00000000                        OSPI_DEVICE_0_PRV_LENGTH = DEFINED (OSPI_DEVICE_0_SIZE)?ABSOLUTE (OSPI_DEVICE_0_SIZE):ABSOLUTE (OSPI_DEVICE_0_LENGTH)
                0x00000000                        OSPI_DEVICE_1_PRV_LENGTH = DEFINED (OSPI_DEVICE_1_SIZE)?ABSOLUTE (OSPI_DEVICE_1_SIZE):ABSOLUTE (OSPI_DEVICE_1_LENGTH)
                0x00000000                        __RESERVE_NS_RAM = ((! (DEFINED (PROJECT_NONSECURE)) && DEFINED (RAM_NS_BUFFER_LENGTH)) && (OPTION_SETTING_S_LENGTH != 0x0))
                0x00000000                        ITCM_START = DEFINED (ITCM_START)?ITCM_START:0x0
                0x00000000                        ITCM_LENGTH = DEFINED (ITCM_LENGTH)?ITCM_LENGTH:0x0
                0x00000000                        DTCM_START = DEFINED (DTCM_START)?DTCM_START:0x0
                0x00000000                        DTCM_LENGTH = DEFINED (DTCM_LENGTH)?DTCM_LENGTH:0x0
                0x00000000                        RAM_NS_BUFFER_BLOCK_LENGTH = DEFINED (RAM_NS_BUFFER_LENGTH)?ALIGN (RAM_NS_BUFFER_LENGTH, 0x2000):0x0
                0x00000000                        RAM_NS_BUFFER_LENGTH = DEFINED (RAM_NS_BUFFER_LENGTH)?RAM_NS_BUFFER_LENGTH:0x0
                0x2000c000                        RAM_NS_BUFFER_START = ((RAM_START + RAM_LENGTH) - RAM_NS_BUFFER_LENGTH)
                0x2000c000                        RAM_NS_BUFFER_BLOCK_START = ((RAM_START + RAM_LENGTH) - RAM_NS_BUFFER_BLOCK_LENGTH)
                0x00000080                        OPTION_SETTING_START_NS = DEFINED (PROJECT_NONSECURE)?OPTION_SETTING_START:(OPTION_SETTING_START + 0x80)
                0x00000001                        __bl_FSP_BOOTABLE_IMAGE = 0x1
                0x00000001                        __bln_FSP_BOOTABLE_IMAGE = 0x1
                0x00000000                        PROJECT_SECURE_OR_FLAT = (((! (DEFINED (PROJECT_NONSECURE)) || DEFINED (PROJECT_SECURE)) && OPTION_SETTING_LENGTH) && ! (DEFINED (FSP_BOOTABLE_IMAGE)))
                0x00000000                        USE_OPTION_SETTING_NS = (DEFINED (PROJECT_NONSECURE) && ! (DEFINED (FSP_BOOTABLE_IMAGE)))
                0x00000000                        __bl_FLASH_IMAGE_START = ! (DEFINED (FLASH_BOOTLOADER_LENGTH))?0x0:(FLASH_APPLICATION_IMAGE_NUMBER == 0x1)?((FLASH_START + FLASH_BOOTLOADER_LENGTH) + FLASH_BOOTLOADER_HEADER_LENGTH):(DEFINED (BOOTLOADER_SECONDARY_USE_QSPI) || DEFINED (BOOTLOADER_SECONDARY_USE_OSPI_B))?(((FLASH_START + FLASH_BOOTLOADER_LENGTH) + FLASH_BOOTLOADER_SCRATCH_LENGTH) + FLASH_BOOTLOADER_HEADER_LENGTH):((((FLASH_START + FLASH_BOOTLOADER_LENGTH) + FLASH_BOOTLOADER_SCRATCH_LENGTH) + FLASH_APPLICATION_S_LENGTH) + FLASH_BOOTLOADER_HEADER_LENGTH)
                0x00000000                        __bl_FLASH_IMAGE_LENGTH = ! (DEFINED (FLASH_BOOTLOADER_LENGTH))?0x0:(FLASH_APPLICATION_S_LENGTH - FLASH_BOOTLOADER_HEADER_LENGTH)
                0x00000000                        __bl_FLASH_IMAGE_END = (__bl_FLASH_IMAGE_START + __bl_FLASH_IMAGE_LENGTH)
                0x00000000                        __bl_XIP_SECONDARY_FLASH_IMAGE_START = ! (DEFINED (FLASH_BOOTLOADER_LENGTH))?0x0:(((FLASH_START + FLASH_BOOTLOADER_LENGTH) + FLASH_APPLICATION_S_LENGTH) + FLASH_BOOTLOADER_HEADER_LENGTH)
                0x00000000                        __bl_XIP_SECONDARY_FLASH_IMAGE_END = (__bl_XIP_SECONDARY_FLASH_IMAGE_START + __bl_FLASH_IMAGE_LENGTH)
                0x00000000                        __bl_FLASH_IMAGE_START_FROM_MMF_REGION = DEFINED (BOOT_IMAGE_FROM_MMF_REGION)?BOOT_IMAGE_FROM_MMF_REGION:0x0
                0x00000000                        __bl_MEMORY_MIRROR_REGION_START = DEFINED (MMF_REGION_START_ADDR)?MMF_REGION_START_ADDR:0x0
                0x00000000                        __bl_FLASH_NS_START = ! (DEFINED (FLASH_BOOTLOADER_LENGTH))?0x0:(FLASH_APPLICATION_NS_LENGTH == 0x0)?__bl_FLASH_IMAGE_END:((__bl_FLASH_IMAGE_START - FLASH_BOOTLOADER_HEADER_LENGTH) + FLASH_APPLICATION_S_LENGTH)
                0x00000000                        __bl_FLASH_NSC_START = ! (DEFINED (FLASH_BOOTLOADER_LENGTH))?0x0:(FLASH_APPLICATION_NS_LENGTH == 0x0)?__bl_FLASH_IMAGE_END:(__bl_FLASH_IMAGE_END - FLASH_APPLICATION_NSC_LENGTH)
                0x00000000                        __bl_RAM_NS_START = ! (DEFINED (FLASH_BOOTLOADER_LENGTH))?0x0:(FLASH_APPLICATION_NS_LENGTH == 0x0)?(RAM_START + RAM_LENGTH):((RAM_START + RAM_LENGTH) - RAM_APPLICATION_NS_LENGTH)
                0x00000000                        __bl_RAM_NSC_START = ! (DEFINED (FLASH_BOOTLOADER_LENGTH))?0x0:(FLASH_APPLICATION_NS_LENGTH == 0x0)?(RAM_START + RAM_LENGTH):(__bl_RAM_NS_START - RAM_APPLICATION_NSC_LENGTH)
                0x00000000                        __bl_FLASH_NS_IMAGE_START = ! (DEFINED (FLASH_BOOTLOADER_LENGTH))?0x0:(FLASH_APPLICATION_NS_LENGTH == 0x0)?__bl_FLASH_IMAGE_END:(__bl_FLASH_NS_START + FLASH_BOOTLOADER_HEADER_LENGTH_2)
                0x00000000                        __bln_FLASH_IMAGE_START = (__bl_FLASH_NS_IMAGE_START | ! (DEFINED (NS_OFFSET_START))?0x0:NS_OFFSET_START)
                0x00000000                        __bln_FLASH_IMAGE_LENGTH = ! (DEFINED (FLASH_BOOTLOADER_LENGTH))?0x0:(FLASH_APPLICATION_NS_LENGTH == 0x0)?__bl_FLASH_IMAGE_END:(FLASH_APPLICATION_NS_LENGTH - FLASH_BOOTLOADER_HEADER_LENGTH_2)
                0x00000000                        XIP_SECONDARY_SLOT_IMAGE = DEFINED (XIP_SECONDARY_SLOT_IMAGE)?XIP_SECONDARY_SLOT_IMAGE:0x0
                0x00000000                        FLASH_IMAGE_START_FROM_MMF_REGION = ! (DEFINED (FLASH_IMAGE_START_FROM_MMF_REGION))?0x0:FLASH_IMAGE_START_FROM_MMF_REGION
                0x00000000                        MEMORY_MIRROR_REGION_START = ! (DEFINED (MEMORY_MIRROR_REGION_START))?0x0:MEMORY_MIRROR_REGION_START
                0x00000000                        FLASH_ORIGIN = ! (DEFINED (FLASH_IMAGE_START))?FLASH_START:(XIP_SECONDARY_SLOT_IMAGE == 0x1)?XIP_SECONDARY_FLASH_IMAGE_START:(FLASH_IMAGE_START_FROM_MMF_REGION == 0x1)?MEMORY_MIRROR_REGION_START:FLASH_IMAGE_START
                0x00080000                        LIMITED_FLASH_LENGTH = DEFINED (FLASH_IMAGE_LENGTH)?FLASH_IMAGE_LENGTH:DEFINED (FLASH_BOOTLOADER_LENGTH)?FLASH_BOOTLOADER_LENGTH:FLASH_LENGTH
                0x00000034                        OPTION_SETTING_SAS_SIZE = 0x34
                0x00000000                        OPTION_SETTING_SAS_LENGTH = ! (DEFINED (OPTION_SETTING_LENGTH))?0x0:(OPTION_SETTING_LENGTH == 0x0)?0x0:(OPTION_SETTING_LENGTH - OPTION_SETTING_SAS_SIZE)
START GROUP
LOAD C:/Renesas/RA/e2studio_v2024-10_fsp_v5.7.0/toolchains/gcc_arm/13.2.rel1/bin/../lib/gcc/arm-none-eabi/13.2.1/thumb/v8-m.base/nofp\libgcc.a
LOAD C:/Renesas/RA/e2studio_v2024-10_fsp_v5.7.0/toolchains/gcc_arm/13.2.rel1/bin/../lib/gcc/arm-none-eabi/13.2.1/thumb/v8-m.base/nofp\libc.a
LOAD C:/Renesas/RA/e2studio_v2024-10_fsp_v5.7.0/toolchains/gcc_arm/13.2.rel1/bin/../lib/gcc/arm-none-eabi/13.2.1/thumb/v8-m.base/nofp\libm.a
END GROUP

.text           0x00000000     0x4e5c
                0x00000000                        __tz_FLASH_S = ABSOLUTE (FLASH_START)
                0x00000000                        __ROM_Start = .
 *(.fixed_vectors*)
 .fixed_vectors
                0x00000000       0x40 ./ra/fsp/src/bsp/cmsis/Device/RENESAS/Source/startup.o
                0x00000000                __Vectors
 *(.application_vectors*)
 .application_vectors
                0x00000040      0x110 ./ra_gen/vector_data.o
                0x00000040                g_vector_table
                0x00000150                        __Vectors_End = .
 *(.flash_gap*)
                0x00000400                        . = (OPTION_SETTING_LENGTH > 0x0)?.:(__ROM_Start + 0x400)
 *fill*         0x00000150      0x2b0 ff
 *(.rom_registers*)
 .rom_registers
                0x00000400       0x3c ./ra/fsp/src/bsp/mcu/all/bsp_rom_registers.o
 *(.mcuboot_sce9_key*)
 *(.text*)
 .text.deregister_tm_clones
                0x0000043c       0x24 C:/Renesas/RA/e2studio_v2024-10_fsp_v5.7.0/toolchains/gcc_arm/13.2.rel1/bin/../lib/gcc/arm-none-eabi/13.2.1/thumb/v8-m.base/nofp/crtbegin.o
 .text.register_tm_clones
                0x00000460       0x2c C:/Renesas/RA/e2studio_v2024-10_fsp_v5.7.0/toolchains/gcc_arm/13.2.rel1/bin/../lib/gcc/arm-none-eabi/13.2.1/thumb/v8-m.base/nofp/crtbegin.o
 .text.__do_global_dtors_aux
                0x0000048c       0x30 C:/Renesas/RA/e2studio_v2024-10_fsp_v5.7.0/toolchains/gcc_arm/13.2.rel1/bin/../lib/gcc/arm-none-eabi/13.2.1/thumb/v8-m.base/nofp/crtbegin.o
 .text.frame_dummy
                0x000004bc       0x28 C:/Renesas/RA/e2studio_v2024-10_fsp_v5.7.0/toolchains/gcc_arm/13.2.rel1/bin/../lib/gcc/arm-none-eabi/13.2.1/thumb/v8-m.base/nofp/crtbegin.o
 .text._WriteNoCheck
                0x000004e4       0x4c ./src/SEGGER_RTT/SEGGER_RTT.o
 .text._WriteBlocking
                0x00000530       0x6c ./src/SEGGER_RTT/SEGGER_RTT.o
 .text._DoInit  0x0000059c       0x7c ./src/SEGGER_RTT/SEGGER_RTT.o
 .text.SEGGER_RTT_WriteNoLock
                0x00000618       0x88 ./src/SEGGER_RTT/SEGGER_RTT.o
                0x00000618                SEGGER_RTT_WriteNoLock
 .text.SEGGER_RTT_Write
                0x000006a0       0x34 ./src/SEGGER_RTT/SEGGER_RTT.o
                0x000006a0                SEGGER_RTT_Write
 .text._StoreChar
                0x000006d4       0x40 ./src/SEGGER_RTT/SEGGER_RTT_printf.o
 .text._PrintUnsigned
                0x00000714      0x108 ./src/SEGGER_RTT/SEGGER_RTT_printf.o
 .text.SEGGER_RTT_vprintf
                0x0000081c      0x334 ./src/SEGGER_RTT/SEGGER_RTT_printf.o
                0x0000081c                SEGGER_RTT_vprintf
 .text.SEGGER_RTT_printf
                0x00000b50       0x1c ./src/SEGGER_RTT/SEGGER_RTT_printf.o
                0x00000b50                SEGGER_RTT_printf
 .text.wifi_serial_write
                0x00000b6c       0x1c ./src/da16200_AT.o
                0x00000b6c                wifi_serial_write
 .text.is_str_present
                0x00000b88       0x10 ./src/da16200_AT.o
                0x00000b88                is_str_present
 .text.wifi_serial_read
                0x00000b98       0x90 ./src/da16200_AT.o
                0x00000b98                wifi_serial_read
 .text.wifi_command_ATE
                0x00000c28       0x94 ./src/da16200_AT.o
 .text.wifi_init
                0x00000cbc       0xfc ./src/da16200_AT.o
                0x00000cbc                wifi_init
 .text.wifi_set
                0x00000db8      0x460 ./src/da16200_AT.o
                0x00000db8                wifi_set
 .text.user_uart_callback
                0x00001218       0x14 ./src/da16200_AT.o
                0x00001218                user_uart_callback
 .text.timer_1ms_callback
                0x0000122c       0x68 ./src/da16200_AT.o
                0x0000122c                timer_1ms_callback
 .text.dialog_wifi_demo
                0x00001294      0x174 ./src/dialog_wifi_demo.o
                0x00001294                dialog_wifi_demo
 .text.sw1_callback
                0x00001408       0x3c ./src/dialog_wifi_demo.o
                0x00001408                sw1_callback
 .text.hal_entry
                0x00001444       0x18 ./src/hal_entry.o
                0x00001444                hal_entry
 .text.R_BSP_WarmStart
                0x0000145c       0x30 ./src/hal_entry.o
                0x0000145c                R_BSP_WarmStart
 .text.hs3001_init
                0x0000148c       0x14 ./src/hs3001.o
                0x0000148c                hs3001_init
 .text.hs3001_read
                0x000014a0       0x98 ./src/hs3001.o
                0x000014a0                hs3001_read
 .text.sci_i2c_master_callback
                0x00001538        0x4 ./src/hs3001.o
                0x00001538                sci_i2c_master_callback
 .text.http_ippt_get.constprop.0
                0x0000153c       0x58 ./src/http_server.o
 .text.http_server_receive
                0x00001594      0x140 ./src/http_server.o
                0x00001594                http_server_receive
 .text.http_server_send
                0x000016d4       0x54 ./src/http_server.o
                0x000016d4                http_server_send
 .text.http_update
                0x00001728       0xa0 ./src/http_server.o
                0x00001728                http_update
 .text.startup.main
                0x000017c8        0xc ./ra_gen/main.o
                0x000017c8                main
 .text.R_SCI_UART_Read
                0x000017d4        0x8 ./ra/fsp/src/r_sci_uart/r_sci_uart.o
                0x000017d4                R_SCI_UART_Read
 .text.R_SCI_UART_Write
                0x000017dc       0x40 ./ra/fsp/src/r_sci_uart/r_sci_uart.o
                0x000017dc                R_SCI_UART_Write
 .text.R_SCI_UART_CallbackSet
                0x0000181c        0xc ./ra/fsp/src/r_sci_uart/r_sci_uart.o
                0x0000181c                R_SCI_UART_CallbackSet
 .text.R_SCI_UART_BaudSet
                0x00001828       0x40 ./ra/fsp/src/r_sci_uart/r_sci_uart.o
                0x00001828                R_SCI_UART_BaudSet
 .text.R_SCI_UART_InfoGet
                0x00001868        0xc ./ra/fsp/src/r_sci_uart/r_sci_uart.o
                0x00001868                R_SCI_UART_InfoGet
 .text.R_SCI_UART_Abort
                0x00001874       0x28 ./ra/fsp/src/r_sci_uart/r_sci_uart.o
                0x00001874                R_SCI_UART_Abort
 .text.R_SCI_UART_ReadStop
                0x0000189c        0xc ./ra/fsp/src/r_sci_uart/r_sci_uart.o
                0x0000189c                R_SCI_UART_ReadStop
 .text.r_sci_uart_call_callback
                0x000018a8       0x50 ./ra/fsp/src/r_sci_uart/r_sci_uart.o
 .text.R_SCI_UART_Close
                0x000018f8       0x60 ./ra/fsp/src/r_sci_uart/r_sci_uart.o
                0x000018f8                R_SCI_UART_Close
 .text.R_SCI_UART_Open
                0x00001958      0x1f4 ./ra/fsp/src/r_sci_uart/r_sci_uart.o
                0x00001958                R_SCI_UART_Open
 .text.sci_uart_txi_isr
                0x00001b4c       0x7c ./ra/fsp/src/r_sci_uart/r_sci_uart.o
                0x00001b4c                sci_uart_txi_isr
 .text.sci_uart_rxi_isr
                0x00001bc8       0x8c ./ra/fsp/src/r_sci_uart/r_sci_uart.o
                0x00001bc8                sci_uart_rxi_isr
 .text.sci_uart_tei_isr
                0x00001c54       0x34 ./ra/fsp/src/r_sci_uart/r_sci_uart.o
                0x00001c54                sci_uart_tei_isr
 .text.sci_uart_eri_isr
                0x00001c88       0x60 ./ra/fsp/src/r_sci_uart/r_sci_uart.o
                0x00001c88                sci_uart_eri_isr
 .text.R_SCI_I2C_Abort
                0x00001ce8       0x24 ./ra/fsp/src/r_sci_i2c/r_sci_i2c.o
                0x00001ce8                R_SCI_I2C_Abort
 .text.R_SCI_I2C_SlaveAddressSet
                0x00001d0c        0x8 ./ra/fsp/src/r_sci_i2c/r_sci_i2c.o
                0x00001d0c                R_SCI_I2C_SlaveAddressSet
 .text.R_SCI_I2C_CallbackSet
                0x00001d14        0xc ./ra/fsp/src/r_sci_i2c/r_sci_i2c.o
                0x00001d14                R_SCI_I2C_CallbackSet
 .text.R_SCI_I2C_StatusGet
                0x00001d20       0x18 ./ra/fsp/src/r_sci_i2c/r_sci_i2c.o
                0x00001d20                R_SCI_I2C_StatusGet
 .text.R_SCI_I2C_Close
                0x00001d38       0x54 ./ra/fsp/src/r_sci_i2c/r_sci_i2c.o
                0x00001d38                R_SCI_I2C_Close
 .text.R_SCI_I2C_Open
                0x00001d8c       0xd4 ./ra/fsp/src/r_sci_i2c/r_sci_i2c.o
                0x00001d8c                R_SCI_I2C_Open
 .text.R_SCI_I2C_Read
                0x00001e60       0x88 ./ra/fsp/src/r_sci_i2c/r_sci_i2c.o
                0x00001e60                R_SCI_I2C_Read
 .text.R_SCI_I2C_Write
                0x00001ee8       0x84 ./ra/fsp/src/r_sci_i2c/r_sci_i2c.o
                0x00001ee8                R_SCI_I2C_Write
 .text.sci_i2c_notify
                0x00001f6c       0x30 ./ra/fsp/src/r_sci_i2c/r_sci_i2c.o
                0x00001f6c                sci_i2c_notify
 .text.sci_i2c_txi_isr
                0x00001f9c      0x118 ./ra/fsp/src/r_sci_i2c/r_sci_i2c.o
                0x00001f9c                sci_i2c_txi_isr
 .text.sci_i2c_tei_isr
                0x000020b4       0xb4 ./ra/fsp/src/r_sci_i2c/r_sci_i2c.o
                0x000020b4                sci_i2c_tei_isr
 .text.R_IOPORT_Close
                0x00002168        0x8 ./ra/fsp/src/r_ioport/r_ioport.o
                0x00002168                R_IOPORT_Close
 .text.R_IOPORT_PinRead
                0x00002170       0x24 ./ra/fsp/src/r_ioport/r_ioport.o
                0x00002170                R_IOPORT_PinRead
 .text.R_IOPORT_PortRead
                0x00002194       0x18 ./ra/fsp/src/r_ioport/r_ioport.o
                0x00002194                R_IOPORT_PortRead
 .text.R_IOPORT_PortWrite
                0x000021ac       0x20 ./ra/fsp/src/r_ioport/r_ioport.o
                0x000021ac                R_IOPORT_PortWrite
 .text.R_IOPORT_PinWrite
                0x000021cc       0x28 ./ra/fsp/src/r_ioport/r_ioport.o
                0x000021cc                R_IOPORT_PinWrite
 .text.R_IOPORT_PortDirectionSet
                0x000021f4       0x24 ./ra/fsp/src/r_ioport/r_ioport.o
                0x000021f4                R_IOPORT_PortDirectionSet
 .text.R_IOPORT_PortEventInputRead
                0x00002218       0x18 ./ra/fsp/src/r_ioport/r_ioport.o
                0x00002218                R_IOPORT_PortEventInputRead
 .text.R_IOPORT_PinEventInputRead
                0x00002230       0x2c ./ra/fsp/src/r_ioport/r_ioport.o
                0x00002230                R_IOPORT_PinEventInputRead
 .text.R_IOPORT_PortEventOutputWrite
                0x0000225c       0x20 ./ra/fsp/src/r_ioport/r_ioport.o
                0x0000225c                R_IOPORT_PortEventOutputWrite
 .text.R_IOPORT_PinEventOutputWrite
                0x0000227c       0x30 ./ra/fsp/src/r_ioport/r_ioport.o
                0x0000227c                R_IOPORT_PinEventOutputWrite
 .text.bsp_vbatt_init
                0x000022ac       0xa4 ./ra/fsp/src/r_ioport/r_ioport.o
 .text.r_ioport_pins_config
                0x00002350       0xe4 ./ra/fsp/src/r_ioport/r_ioport.o
 .text.R_IOPORT_Open
                0x00002434       0x18 ./ra/fsp/src/r_ioport/r_ioport.o
                0x00002434                R_IOPORT_Open
 .text.R_IOPORT_PinsCfg
                0x0000244c        0xc ./ra/fsp/src/r_ioport/r_ioport.o
                0x0000244c                R_IOPORT_PinsCfg
 .text.R_IOPORT_PinCfg
                0x00002458       0xac ./ra/fsp/src/r_ioport/r_ioport.o
                0x00002458                R_IOPORT_PinCfg
 .text.R_ICU_ExternalIrqCallbackSet
                0x00002504        0x8 ./ra/fsp/src/r_icu/r_icu.o
                0x00002504                R_ICU_ExternalIrqCallbackSet
 .text.R_ICU_ExternalIrqOpen
                0x0000250c       0x80 ./ra/fsp/src/r_icu/r_icu.o
                0x0000250c                R_ICU_ExternalIrqOpen
 .text.R_ICU_ExternalIrqEnable
                0x0000258c       0x10 ./ra/fsp/src/r_icu/r_icu.o
                0x0000258c                R_ICU_ExternalIrqEnable
 .text.R_ICU_ExternalIrqDisable
                0x0000259c       0x10 ./ra/fsp/src/r_icu/r_icu.o
                0x0000259c                R_ICU_ExternalIrqDisable
 .text.R_ICU_ExternalIrqClose
                0x000025ac       0x2c ./ra/fsp/src/r_icu/r_icu.o
                0x000025ac                R_ICU_ExternalIrqClose
 .text.r_icu_isr
                0x000025d8       0x60 ./ra/fsp/src/r_icu/r_icu.o
                0x000025d8                r_icu_isr
 .text.R_AGT_Stop
                0x00002638       0x28 ./ra/fsp/src/r_agt/r_agt.o
                0x00002638                R_AGT_Stop
 .text.R_AGT_Enable
                0x00002660       0x24 ./ra/fsp/src/r_agt/r_agt.o
                0x00002660                R_AGT_Enable
 .text.R_AGT_Disable
                0x00002684       0x14 ./ra/fsp/src/r_agt/r_agt.o
                0x00002684                R_AGT_Disable
 .text.R_AGT_DutyCycleSet
                0x00002698        0x4 ./ra/fsp/src/r_agt/r_agt.o
                0x00002698                R_AGT_DutyCycleSet
 .text.R_AGT_CompareMatchSet
                0x0000269c        0x4 ./ra/fsp/src/r_agt/r_agt.o
                0x0000269c                R_AGT_CompareMatchSet
 .text.R_AGT_StatusGet
                0x000026a0       0x38 ./ra/fsp/src/r_agt/r_agt.o
                0x000026a0                R_AGT_StatusGet
 .text.R_AGT_CallbackSet
                0x000026d8        0xc ./ra/fsp/src/r_agt/r_agt.o
                0x000026d8                R_AGT_CallbackSet
 .text.R_AGT_Close
                0x000026e4       0x74 ./ra/fsp/src/r_agt/r_agt.o
                0x000026e4                R_AGT_Close
 .text.R_AGT_Start
                0x00002758       0x5c ./ra/fsp/src/r_agt/r_agt.o
                0x00002758                R_AGT_Start
 .text.R_AGT_Reset
                0x000027b4       0x30 ./ra/fsp/src/r_agt/r_agt.o
                0x000027b4                R_AGT_Reset
 .text.R_AGT_PeriodSet
                0x000027e4       0x48 ./ra/fsp/src/r_agt/r_agt.o
                0x000027e4                R_AGT_PeriodSet
 .text.R_AGT_InfoGet
                0x0000282c       0xec ./ra/fsp/src/r_agt/r_agt.o
                0x0000282c                R_AGT_InfoGet
 .text.R_AGT_Open
                0x00002918      0x180 ./ra/fsp/src/r_agt/r_agt.o
                0x00002918                R_AGT_Open
 .text.agt_int_isr
                0x00002a98       0xb0 ./ra/fsp/src/r_agt/r_agt.o
                0x00002a98                agt_int_isr
 .text.SystemCoreClockUpdate
                0x00002b48       0x2c ./ra/fsp/src/bsp/mcu/all/bsp_clocks.o
                0x00002b48                SystemCoreClockUpdate
 .text.R_BSP_SubClockStabilizeWaitAfterReset
                0x00002b74        0x4 ./ra/fsp/src/bsp/mcu/all/bsp_clocks.o
                0x00002b74                R_BSP_SubClockStabilizeWaitAfterReset
 .text.bsp_prv_sosc_init
                0x00002b78       0x70 ./ra/fsp/src/bsp/mcu/all/bsp_clocks.o
 .text.bsp_clock_init
                0x00002be8      0x108 ./ra/fsp/src/bsp/mcu/all/bsp_clocks.o
                0x00002be8                bsp_clock_init
 .text.R_BSP_Init_RTC
                0x00002cf0      0x110 ./ra/fsp/src/bsp/mcu/all/bsp_clocks.o
                0x00002cf0                R_BSP_Init_RTC
 .text.R_FSP_VersionGet
                0x00002e00        0xc ./ra/fsp/src/bsp/mcu/all/bsp_common.o
                0x00002e00                R_FSP_VersionGet
 .text.bsp_prv_software_delay_loop
                0x00002e0c        0x8 ./ra/fsp/src/bsp/mcu/all/bsp_delay.o
                0x00002e0c                bsp_prv_software_delay_loop
 .text.R_BSP_SoftwareDelay
                0x00002e14       0x5c ./ra/fsp/src/bsp/mcu/all/bsp_delay.o
                0x00002e14                R_BSP_SoftwareDelay
 .text.NMI_Handler
                0x00002e70       0x50 ./ra/fsp/src/bsp/mcu/all/bsp_group_irq.o
                0x00002e70                NMI_Handler
 .text.R_BSP_IrqStatusClear
                0x00002ec0       0x1c ./ra/fsp/src/bsp/mcu/all/bsp_irq.o
                0x00002ec0                R_BSP_IrqStatusClear
 .text.R_BSP_IrqCfg
                0x00002edc       0x4c ./ra/fsp/src/bsp/mcu/all/bsp_irq.o
                0x00002edc                R_BSP_IrqCfg
 .text.R_BSP_IrqEnable
                0x00002f28       0x44 ./ra/fsp/src/bsp/mcu/all/bsp_irq.o
                0x00002f28                R_BSP_IrqEnable
 .text.R_BSP_IrqDisable
                0x00002f6c       0x24 ./ra/fsp/src/bsp/mcu/all/bsp_irq.o
                0x00002f6c                R_BSP_IrqDisable
 .text.R_BSP_IrqCfgEnable
                0x00002f90       0x8c ./ra/fsp/src/bsp/mcu/all/bsp_irq.o
                0x00002f90                R_BSP_IrqCfgEnable
 .text.bsp_irq_cfg
                0x0000301c       0x28 ./ra/fsp/src/bsp/mcu/all/bsp_irq.o
                0x0000301c                bsp_irq_cfg
 .text.R_BSP_RegisterProtectEnable
                0x00003044       0x54 ./ra/fsp/src/bsp/mcu/all/bsp_register_protection.o
                0x00003044                R_BSP_RegisterProtectEnable
 .text.R_BSP_RegisterProtectDisable
                0x00003098       0x4c ./ra/fsp/src/bsp/mcu/all/bsp_register_protection.o
                0x00003098                R_BSP_RegisterProtectDisable
 .text._sbrk    0x000030e4       0x44 ./ra/fsp/src/bsp/mcu/all/bsp_sbrk.o
                0x000030e4                _sbrk
 .text.Default_Handler
                0x00003128        0x4 ./ra/fsp/src/bsp/cmsis/Device/RENESAS/Source/startup.o
                0x00003128                DebugMon_Handler
                0x00003128                HardFault_Handler
                0x00003128                SysTick_Handler
                0x00003128                PendSV_Handler
                0x00003128                UsageFault_Handler
                0x00003128                SecureFault_Handler
                0x00003128                Default_Handler
                0x00003128                MemManage_Handler
                0x00003128                SVC_Handler
                0x00003128                BusFault_Handler
 .text.Reset_Handler
                0x0000312c        0xc ./ra/fsp/src/bsp/cmsis/Device/RENESAS/Source/startup.o
                0x0000312c                Reset_Handler
 .text.SystemInit
                0x00003138      0x144 ./ra/fsp/src/bsp/cmsis/Device/RENESAS/Source/system.o
                0x00003138                SystemInit
 .text.bsp_init
                0x0000327c        0x4 ./ra/board/ra2a2_ek/board_init.o
                0x0000327c                bsp_init
 .text.__muldi3
                0x00003280       0x5c C:/Renesas/RA/e2studio_v2024-10_fsp_v5.7.0/toolchains/gcc_arm/13.2.rel1/bin/../lib/gcc/arm-none-eabi/13.2.1/thumb/v8-m.base/nofp\libgcc.a(_muldi3.o)
                0x00003280                __muldi3
                0x00003280                __aeabi_lmul
 .text.__fixunssfsi
                0x000032dc       0x30 C:/Renesas/RA/e2studio_v2024-10_fsp_v5.7.0/toolchains/gcc_arm/13.2.rel1/bin/../lib/gcc/arm-none-eabi/13.2.1/thumb/v8-m.base/nofp\libgcc.a(_fixunssfsi.o)
                0x000032dc                __fixunssfsi
                0x000032dc                __aeabi_f2uiz
 .text.__aeabi_fdiv
                0x0000330c      0x224 C:/Renesas/RA/e2studio_v2024-10_fsp_v5.7.0/toolchains/gcc_arm/13.2.rel1/bin/../lib/gcc/arm-none-eabi/13.2.1/thumb/v8-m.base/nofp\libgcc.a(divsf3.o)
                0x0000330c                __aeabi_fdiv
 .text.__aeabi_fmul
                0x00003530      0x280 C:/Renesas/RA/e2studio_v2024-10_fsp_v5.7.0/toolchains/gcc_arm/13.2.rel1/bin/../lib/gcc/arm-none-eabi/13.2.1/thumb/v8-m.base/nofp\libgcc.a(mulsf3.o)
                0x00003530                __aeabi_fmul
 .text.__aeabi_fsub
                0x000037b0      0x388 C:/Renesas/RA/e2studio_v2024-10_fsp_v5.7.0/toolchains/gcc_arm/13.2.rel1/bin/../lib/gcc/arm-none-eabi/13.2.1/thumb/v8-m.base/nofp\libgcc.a(subsf3.o)
                0x000037b0                __aeabi_fsub
 .text.__aeabi_f2iz
                0x00003b38       0x40 C:/Renesas/RA/e2studio_v2024-10_fsp_v5.7.0/toolchains/gcc_arm/13.2.rel1/bin/../lib/gcc/arm-none-eabi/13.2.1/thumb/v8-m.base/nofp\libgcc.a(fixsfsi.o)
                0x00003b38                __aeabi_f2iz
 .text.__aeabi_ui2f
                0x00003b78       0x80 C:/Renesas/RA/e2studio_v2024-10_fsp_v5.7.0/toolchains/gcc_arm/13.2.rel1/bin/../lib/gcc/arm-none-eabi/13.2.1/thumb/v8-m.base/nofp\libgcc.a(floatunsisf.o)
                0x00003b78                __aeabi_ui2f
 .text          0x00003bf8       0x74 C:/Renesas/RA/e2studio_v2024-10_fsp_v5.7.0/toolchains/gcc_arm/13.2.rel1/bin/../lib/gcc/arm-none-eabi/13.2.1/thumb/v8-m.base/nofp\libgcc.a(_arm_cmpsf2.o)
                0x00003bf8                __aeabi_cfrcmple
                0x00003c00                __aeabi_cfcmpeq
                0x00003c00                __aeabi_cfcmple
                0x00003c10                __aeabi_fcmpeq
                0x00003c1c                __aeabi_fcmplt
                0x00003c30                __aeabi_fcmple
                0x00003c44                __aeabi_fcmpgt
                0x00003c58                __aeabi_fcmpge
 .text          0x00003c6c       0x3c C:/Renesas/RA/e2studio_v2024-10_fsp_v5.7.0/toolchains/gcc_arm/13.2.rel1/bin/../lib/gcc/arm-none-eabi/13.2.1/thumb/v8-m.base/nofp\libgcc.a(_clzsi2.o)
                0x00003c6c                __clzsi2
 .text.__eqsf2  0x00003ca8       0x50 C:/Renesas/RA/e2studio_v2024-10_fsp_v5.7.0/toolchains/gcc_arm/13.2.rel1/bin/../lib/gcc/arm-none-eabi/13.2.1/thumb/v8-m.base/nofp\libgcc.a(eqsf2.o)
                0x00003ca8                __eqsf2
                0x00003ca8                __nesf2
 .text.__gesf2  0x00003cf8       0x84 C:/Renesas/RA/e2studio_v2024-10_fsp_v5.7.0/toolchains/gcc_arm/13.2.rel1/bin/../lib/gcc/arm-none-eabi/13.2.1/thumb/v8-m.base/nofp\libgcc.a(gesf2.o)
                0x00003cf8                __gesf2
                0x00003cf8                __gtsf2
 .text.__lesf2  0x00003d7c       0x80 C:/Renesas/RA/e2studio_v2024-10_fsp_v5.7.0/toolchains/gcc_arm/13.2.rel1/bin/../lib/gcc/arm-none-eabi/13.2.1/thumb/v8-m.base/nofp\libgcc.a(lesf2.o)
                0x00003d7c                __ltsf2
                0x00003d7c                __lesf2
 .text.sprintf  0x00003dfc       0x40 C:/Renesas/RA/e2studio_v2024-10_fsp_v5.7.0/toolchains/gcc_arm/13.2.rel1/bin/../lib/gcc/arm-none-eabi/13.2.1/thumb/v8-m.base/nofp\libg_nano.a(libc_a-sprintf.o)
                0x00003dfc                siprintf
                0x00003dfc                sprintf
 .text.memset   0x00003e3c       0x10 C:/Renesas/RA/e2studio_v2024-10_fsp_v5.7.0/toolchains/gcc_arm/13.2.rel1/bin/../lib/gcc/arm-none-eabi/13.2.1/thumb/v8-m.base/nofp\libg_nano.a(libc_a-memset.o)
                0x00003e3c                memset
 .text.strcat   0x00003e4c       0x1a C:/Renesas/RA/e2studio_v2024-10_fsp_v5.7.0/toolchains/gcc_arm/13.2.rel1/bin/../lib/gcc/arm-none-eabi/13.2.1/thumb/v8-m.base/nofp\libg_nano.a(libc_a-strcat.o)
                0x00003e4c                strcat
 .text.strstr   0x00003e66       0x2a C:/Renesas/RA/e2studio_v2024-10_fsp_v5.7.0/toolchains/gcc_arm/13.2.rel1/bin/../lib/gcc/arm-none-eabi/13.2.1/thumb/v8-m.base/nofp\libg_nano.a(libc_a-strstr.o)
                0x00003e66                strstr
 .text.__errno  0x00003e90        0xc C:/Renesas/RA/e2studio_v2024-10_fsp_v5.7.0/toolchains/gcc_arm/13.2.rel1/bin/../lib/gcc/arm-none-eabi/13.2.1/thumb/v8-m.base/nofp\libg_nano.a(libc_a-errno.o)
                0x00003e90                __errno
 .text.__retarget_lock_acquire_recursive
                0x00003e9c        0x2 C:/Renesas/RA/e2studio_v2024-10_fsp_v5.7.0/toolchains/gcc_arm/13.2.rel1/bin/../lib/gcc/arm-none-eabi/13.2.1/thumb/v8-m.base/nofp\libg_nano.a(libc_a-lock.o)
                0x00003e9c                __retarget_lock_acquire_recursive
 .text.__retarget_lock_release_recursive
                0x00003e9e        0x2 C:/Renesas/RA/e2studio_v2024-10_fsp_v5.7.0/toolchains/gcc_arm/13.2.rel1/bin/../lib/gcc/arm-none-eabi/13.2.1/thumb/v8-m.base/nofp\libg_nano.a(libc_a-lock.o)
                0x00003e9e                __retarget_lock_release_recursive
 .text.strcpy   0x00003ea0       0x10 C:/Renesas/RA/e2studio_v2024-10_fsp_v5.7.0/toolchains/gcc_arm/13.2.rel1/bin/../lib/gcc/arm-none-eabi/13.2.1/thumb/v8-m.base/nofp\libg_nano.a(libc_a-strcpy.o)
                0x00003ea0                strcpy
 .text.memcpy   0x00003eb0       0x12 C:/Renesas/RA/e2studio_v2024-10_fsp_v5.7.0/toolchains/gcc_arm/13.2.rel1/bin/../lib/gcc/arm-none-eabi/13.2.1/thumb/v8-m.base/nofp\libg_nano.a(libc_a-memcpy-stub.o)
                0x00003eb0                memcpy
 .text          0x00003ec2        0xe C:/Renesas/RA/e2studio_v2024-10_fsp_v5.7.0/toolchains/gcc_arm/13.2.rel1/bin/../lib/gcc/arm-none-eabi/13.2.1/thumb/v8-m.base/nofp\libg_nano.a(libc_a-strlen.o)
                0x00003ec2                strlen
 .text._free_r  0x00003ed0       0x90 C:/Renesas/RA/e2studio_v2024-10_fsp_v5.7.0/toolchains/gcc_arm/13.2.rel1/bin/../lib/gcc/arm-none-eabi/13.2.1/thumb/v8-m.base/nofp\libg_nano.a(libc_a-freer.o)
                0x00003ed0                _free_r
 .text.sbrk_aligned
                0x00003f60       0x44 C:/Renesas/RA/e2studio_v2024-10_fsp_v5.7.0/toolchains/gcc_arm/13.2.rel1/bin/../lib/gcc/arm-none-eabi/13.2.1/thumb/v8-m.base/nofp\libg_nano.a(libc_a-mallocr.o)
 .text._malloc_r
                0x00003fa4      0x100 C:/Renesas/RA/e2studio_v2024-10_fsp_v5.7.0/toolchains/gcc_arm/13.2.rel1/bin/../lib/gcc/arm-none-eabi/13.2.1/thumb/v8-m.base/nofp\libg_nano.a(libc_a-mallocr.o)
                0x00003fa4                _malloc_r
 .text.__malloc_lock
                0x000040a4       0x10 C:/Renesas/RA/e2studio_v2024-10_fsp_v5.7.0/toolchains/gcc_arm/13.2.rel1/bin/../lib/gcc/arm-none-eabi/13.2.1/thumb/v8-m.base/nofp\libg_nano.a(libc_a-mlock.o)
                0x000040a4                __malloc_lock
 .text.__malloc_unlock
                0x000040b4       0x10 C:/Renesas/RA/e2studio_v2024-10_fsp_v5.7.0/toolchains/gcc_arm/13.2.rel1/bin/../lib/gcc/arm-none-eabi/13.2.1/thumb/v8-m.base/nofp\libg_nano.a(libc_a-mlock.o)
                0x000040b4                __malloc_unlock
 .text.__ssputs_r
                0x000040c4       0xc4 C:/Renesas/RA/e2studio_v2024-10_fsp_v5.7.0/toolchains/gcc_arm/13.2.rel1/bin/../lib/gcc/arm-none-eabi/13.2.1/thumb/v8-m.base/nofp\libg_nano.a(libc_a-nano-svfprintf.o)
                0x000040c4                __ssputs_r
 .text._svfprintf_r
                0x00004188      0x1f8 C:/Renesas/RA/e2studio_v2024-10_fsp_v5.7.0/toolchains/gcc_arm/13.2.rel1/bin/../lib/gcc/arm-none-eabi/13.2.1/thumb/v8-m.base/nofp\libg_nano.a(libc_a-nano-svfprintf.o)
                0x00004188                _svfiprintf_r
                0x00004188                _svfprintf_r
 .text._printf_common
                0x00004380       0xdc C:/Renesas/RA/e2studio_v2024-10_fsp_v5.7.0/toolchains/gcc_arm/13.2.rel1/bin/../lib/gcc/arm-none-eabi/13.2.1/thumb/v8-m.base/nofp\libg_nano.a(libc_a-nano-vfprintf_i.o)
                0x00004380                _printf_common
 .text._printf_i
                0x0000445c      0x20c C:/Renesas/RA/e2studio_v2024-10_fsp_v5.7.0/toolchains/gcc_arm/13.2.rel1/bin/../lib/gcc/arm-none-eabi/13.2.1/thumb/v8-m.base/nofp\libg_nano.a(libc_a-nano-vfprintf_i.o)
                0x0000445c                _printf_i
 .text.memmove  0x00004668       0x24 C:/Renesas/RA/e2studio_v2024-10_fsp_v5.7.0/toolchains/gcc_arm/13.2.rel1/bin/../lib/gcc/arm-none-eabi/13.2.1/thumb/v8-m.base/nofp\libg_nano.a(libc_a-memmove.o)
                0x00004668                memmove
 .text._sbrk_r  0x0000468c       0x20 C:/Renesas/RA/e2studio_v2024-10_fsp_v5.7.0/toolchains/gcc_arm/13.2.rel1/bin/../lib/gcc/arm-none-eabi/13.2.1/thumb/v8-m.base/nofp\libg_nano.a(libc_a-sbrkr.o)
                0x0000468c                _sbrk_r
 .text.memchr   0x000046ac       0x16 C:/Renesas/RA/e2studio_v2024-10_fsp_v5.7.0/toolchains/gcc_arm/13.2.rel1/bin/../lib/gcc/arm-none-eabi/13.2.1/thumb/v8-m.base/nofp\libg_nano.a(libc_a-memchr-stub.o)
                0x000046ac                memchr
 .text._realloc_r
                0x000046c2       0x5a C:/Renesas/RA/e2studio_v2024-10_fsp_v5.7.0/toolchains/gcc_arm/13.2.rel1/bin/../lib/gcc/arm-none-eabi/13.2.1/thumb/v8-m.base/nofp\libg_nano.a(libc_a-reallocr.o)
                0x000046c2                _realloc_r
 .text._malloc_usable_size_r
                0x0000471c       0x10 C:/Renesas/RA/e2studio_v2024-10_fsp_v5.7.0/toolchains/gcc_arm/13.2.rel1/bin/../lib/gcc/arm-none-eabi/13.2.1/thumb/v8-m.base/nofp\libg_nano.a(libc_a-msizer.o)
                0x0000471c                _malloc_usable_size_r
 .text          0x0000472c       0x14 C:/Renesas/RA/e2studio_v2024-10_fsp_v5.7.0/toolchains/gcc_arm/13.2.rel1/bin/../lib/gcc/arm-none-eabi/13.2.1/thumb/v8-m.base/nofp\libgcc.a(_thumb1_case_shi.o)
                0x0000472c                __gnu_thumb1_case_shi
 *(.version)
 .version       0x00004740       0x50 ./ra/fsp/src/bsp/mcu/all/bsp_common.o
 *(.init)
 .init          0x00004790        0x4 C:/Renesas/RA/e2studio_v2024-10_fsp_v5.7.0/toolchains/gcc_arm/13.2.rel1/bin/../lib/gcc/arm-none-eabi/13.2.1/thumb/v8-m.base/nofp/crti.o
                0x00004790                _init
 .init          0x00004794        0x8 C:/Renesas/RA/e2studio_v2024-10_fsp_v5.7.0/toolchains/gcc_arm/13.2.rel1/bin/../lib/gcc/arm-none-eabi/13.2.1/thumb/v8-m.base/nofp/crtn.o
 *(.fini)
 .fini          0x0000479c        0x4 C:/Renesas/RA/e2studio_v2024-10_fsp_v5.7.0/toolchains/gcc_arm/13.2.rel1/bin/../lib/gcc/arm-none-eabi/13.2.1/thumb/v8-m.base/nofp/crti.o
                0x0000479c                _fini
 .fini          0x000047a0        0x8 C:/Renesas/RA/e2studio_v2024-10_fsp_v5.7.0/toolchains/gcc_arm/13.2.rel1/bin/../lib/gcc/arm-none-eabi/13.2.1/thumb/v8-m.base/nofp/crtn.o
 *crtbegin.o(.ctors)
 *crtbegin?.o(.ctors)
 *(EXCLUDE_FILE(*crtend.o *crtend?.o) .ctors)
 *(SORT_BY_NAME(.ctors.*))
 *(.ctors)
 *crtbegin.o(.dtors)
 *crtbegin?.o(.dtors)
 *(EXCLUDE_FILE(*crtend.o *crtend?.o) .dtors)
 *(SORT_BY_NAME(.dtors.*))
 *(.dtors)
 *(.rodata*)
 .rodata._DoInit.str1.4
                0x000047a8      0x343 ./src/SEGGER_RTT/SEGGER_RTT.o
                                 0x17 (size before relaxing)
 *fill*         0x00004aeb        0x1 ff
 .rodata.SEGGER_RTT_vprintf
                0x00004aec       0x84 ./src/SEGGER_RTT/SEGGER_RTT_printf.o
 .rodata._aV2C.0
                0x00004b70       0x10 ./src/SEGGER_RTT/SEGGER_RTT_printf.o
 .rodata.wifi_init.str1.4
                0x00004b80       0x28 ./src/da16200_AT.o
 .rodata.str1.4
                0x00004b80      0x100 ./src/da16200_AT.o
 .rodata.dialog_wifi_demo.str1.4
                0x00004b80      0x175 ./src/dialog_wifi_demo.o
 .rodata.dialog_wifi_demo
                0x00004b80       0x1c ./src/dialog_wifi_demo.o
 .rodata.http_ippt_get.constprop.0.str1.4
                0x00004b9c        0xa ./src/http_server.o
 .rodata.http_server_receive.str1.4
                0x00004b9c       0x38 ./src/http_server.o
 .rodata.http_server_send.str1.4
                0x00004b9c        0x7 ./src/http_server.o
 .rodata.http_update.str1.4
                0x00004b9c       0x3f ./src/http_server.o
 .rodata.g_ioport
                0x00004b9c        0xc ./ra_gen/common_data.o
                0x00004b9c                g_ioport
 .rodata.g_external_sw1
                0x00004ba8        0xc ./ra_gen/common_data.o
                0x00004ba8                g_external_sw1
 .rodata.g_external_sw1_cfg
                0x00004bb4       0x14 ./ra_gen/common_data.o
                0x00004bb4                g_external_sw1_cfg
 .rodata.g_wifi_uart
                0x00004bc8        0xc ./ra_gen/hal_data.o
                0x00004bc8                g_wifi_uart
 .rodata.g_wifi_uart_cfg
                0x00004bd4       0x20 ./ra_gen/hal_data.o
                0x00004bd4                g_wifi_uart_cfg
 .rodata.g_wifi_uart_cfg_extend
                0x00004bf4       0x14 ./ra_gen/hal_data.o
                0x00004bf4                g_wifi_uart_cfg_extend
 .rodata.g_timer
                0x00004c08        0xc ./ra_gen/hal_data.o
                0x00004c08                g_timer
 .rodata.g_timer_cfg
                0x00004c14       0x20 ./ra_gen/hal_data.o
                0x00004c14                g_timer_cfg
 .rodata.g_timer_extend
                0x00004c34        0x8 ./ra_gen/hal_data.o
                0x00004c34                g_timer_extend
 .rodata.g_i2c_hs3001
                0x00004c3c        0xc ./ra_gen/hal_data.o
                0x00004c3c                g_i2c_hs3001
 .rodata.g_i2c_hs3001_cfg
                0x00004c48       0x28 ./ra_gen/hal_data.o
                0x00004c48                g_i2c_hs3001_cfg
 .rodata.g_i2c_hs3001_cfg_extend
                0x00004c70        0x6 ./ra_gen/hal_data.o
                0x00004c70                g_i2c_hs3001_cfg_extend
 *fill*         0x00004c76        0x2 ff
 .rodata.g_bsp_pin_cfg
                0x00004c78        0xc ./ra_gen/pin_data.o
                0x00004c78                g_bsp_pin_cfg
 .rodata.g_bsp_pin_cfg_data
                0x00004c84       0x10 ./ra_gen/pin_data.o
                0x00004c84                g_bsp_pin_cfg_data
 .rodata.g_interrupt_event_link_select
                0x00004c94       0x44 ./ra_gen/vector_data.o
                0x00004c94                g_interrupt_event_link_select
 .rodata.g_uart_on_sci
                0x00004cd8       0x24 ./ra/fsp/src/r_sci_uart/r_sci_uart.o
                0x00004cd8                g_uart_on_sci
 .rodata.g_i2c_master_on_sci
                0x00004cfc       0x20 ./ra/fsp/src/r_sci_i2c/r_sci_i2c.o
                0x00004cfc                g_i2c_master_on_sci
 .rodata.g_vbatt_pins_input
                0x00004d1c        0x6 ./ra/fsp/src/r_ioport/r_ioport.o
 *fill*         0x00004d22        0x2 ff
 .rodata.g_ioport_on_ioport
                0x00004d24       0x34 ./ra/fsp/src/r_ioport/r_ioport.o
                0x00004d24                g_ioport_on_ioport
 .rodata.g_external_irq_on_icu
                0x00004d58       0x14 ./ra/fsp/src/r_icu/r_icu.o
                0x00004d58                g_external_irq_on_icu
 .rodata.g_timer_on_agt
                0x00004d6c       0x34 ./ra/fsp/src/r_agt/r_agt.o
                0x00004d6c                g_timer_on_agt
 .rodata.g_prcr_masks
                0x00004da0        0x8 ./ra/fsp/src/bsp/mcu/all/bsp_register_protection.o
 .rodata.__aeabi_fdiv
                0x00004da8       0x7c C:/Renesas/RA/e2studio_v2024-10_fsp_v5.7.0/toolchains/gcc_arm/13.2.rel1/bin/../lib/gcc/arm-none-eabi/13.2.1/thumb/v8-m.base/nofp\libgcc.a(divsf3.o)
 .rodata._svfprintf_r.str1.1
                0x00004e24       0x33 C:/Renesas/RA/e2studio_v2024-10_fsp_v5.7.0/toolchains/gcc_arm/13.2.rel1/bin/../lib/gcc/arm-none-eabi/13.2.1/thumb/v8-m.base/nofp\libg_nano.a(libc_a-nano-svfprintf.o)
                                 0x11 (size before relaxing)
 .rodata._printf_i.str1.1
                0x00004e57       0x22 C:/Renesas/RA/e2studio_v2024-10_fsp_v5.7.0/toolchains/gcc_arm/13.2.rel1/bin/../lib/gcc/arm-none-eabi/13.2.1/thumb/v8-m.base/nofp\libg_nano.a(libc_a-nano-vfprintf_i.o)
                0x00004e57                        __usb_dev_descriptor_start_fs = .
 *(.usb_device_desc_fs*)
                0x00004e57                        __usb_cfg_descriptor_start_fs = .
 *(.usb_config_desc_fs*)
                0x00004e57                        __usb_interface_descriptor_start_fs = .
 *(.usb_interface_desc_fs*)
                0x00004e57                        __usb_descriptor_end_fs = .
                0x00004e57                        __usb_dev_descriptor_start_hs = .
 *(.usb_device_desc_hs*)
                0x00004e57                        __usb_cfg_descriptor_start_hs = .
 *(.usb_config_desc_hs*)
                0x00004e57                        __usb_interface_descriptor_start_hs = .
 *(.usb_interface_desc_hs*)
                0x00004e57                        __usb_descriptor_end_hs = .
 *(.eh_frame*)
 *fill*         0x00004e57        0x1 ff
 .eh_frame      0x00004e58        0x0 C:/Renesas/RA/e2studio_v2024-10_fsp_v5.7.0/toolchains/gcc_arm/13.2.rel1/bin/../lib/gcc/arm-none-eabi/13.2.1/thumb/v8-m.base/nofp/crtbegin.o
 .eh_frame      0x00004e58        0x4 C:/Renesas/RA/e2studio_v2024-10_fsp_v5.7.0/toolchains/gcc_arm/13.2.rel1/bin/../lib/gcc/arm-none-eabi/13.2.1/thumb/v8-m.base/nofp/crtend.o
                0x00004e5c                        __ROM_End = .
                0x00000150                        __Vectors_Size = (__Vectors_End - __Vectors)

.glue_7         0x00004e5c        0x0
 .glue_7        0x00004e5c        0x0 linker stubs

.glue_7t        0x00004e5c        0x0
 .glue_7t       0x00004e5c        0x0 linker stubs

.vfp11_veneer   0x00004e5c        0x0
 .vfp11_veneer  0x00004e5c        0x0 linker stubs

.v4_bx          0x00004e5c        0x0
 .v4_bx         0x00004e5c        0x0 linker stubs

.iplt           0x00004e5c        0x0
 .iplt          0x00004e5c        0x0 C:/Renesas/RA/e2studio_v2024-10_fsp_v5.7.0/toolchains/gcc_arm/13.2.rel1/bin/../lib/gcc/arm-none-eabi/13.2.1/thumb/v8-m.base/nofp/crtbegin.o
                0x00004e5c                        . = .
                0x00004e5c                        __itcm_data_pre_location = .

.itcm_data      0x00000000        0x0 load address 0x00004e60
                0x00000000                        __tz_ITCM_S = ABSOLUTE (ITCM_START)
                0x00000000                        __itcm_data_start = .
 *(.itcm_data*)
                0x00000000                        . = ALIGN (0x8)
                0x00000000                        __itcm_data_end = .
                0x00000000                        __tz_ITCM_N = DEFINED (ITCM_NS_START)?ABSOLUTE (ITCM_NS_START):ALIGN (__itcm_data_end, 0x2000)
                0x00004e60                        __itcm_data_init_start = LOADADDR (.itcm_data)
                0x00004e60                        __itcm_data_init_end = (LOADADDR (.itcm_data) + SIZEOF (.itcm_data))
                0x00000001                        ASSERT (((ORIGIN (ITCM) % 0x8) == 0x0), ITCM memory region origin must be aligned to 8 bytes.)
                0x00000001                        ASSERT (((LENGTH (ITCM) % 0x8) == 0x0), ITCM memory region length must be a multiple of 8 bytes.)
                0x00000001                        ASSERT (((LOADADDR (.itcm_data) % 0x10) == 0x0), .itcm_data section must be aligned to 16 bytes.)
                0x00000001                        ASSERT (((SIZEOF (.itcm_data) % 0x8) == 0x0), .itcm_data section size must be a multiple of 8 bytes.)
                0x00004e5c                        . = (SIZEOF (.itcm_data) > 0x0)?__itcm_data_init_end:__itcm_data_pre_location
                0x00004e5c                        __exidx_start = .

/DISCARD/
 *(.ARM.extab* .gnu.linkonce.armextab.*)
 *(.ARM.exidx* .gnu.linkonce.armexidx.*)
                0x00004e5c                        __exidx_end = .
                0x00004e5c                        __etext = .
                0x20000000                        __tz_RAM_S = ORIGIN (RAM)

.fsp_dtc_vector_table
                0x20000000        0x0
                0x20000000                        . = ORIGIN (RAM)
 *(.fsp_dtc_vector_table)

.data           0x20000000      0x584 load address 0x00004e5c
                0x20000000                        __data_start__ = .
                0x20000000                        . = ALIGN (0x4)
                0x20000000                        __Code_In_RAM_Start = .
 *(.code_in_ram*)
                0x20000000                        __Code_In_RAM_End = .
 *(vtable)
 *(.data.*)
 .data.g_da16200_cmd_set
                0x20000000       0xb0 ./src/da16200_AT.o
                0x20000000                g_da16200_cmd_set
 .data.my_get_contents_updated
                0x200000b0      0x477 ./src/http_server.o
 *fill*         0x20000527        0x1 
 .data.g_wifi_uart_baud_setting
                0x20000528        0x4 ./ra_gen/hal_data.o
                0x20000528                g_wifi_uart_baud_setting
 .data._impure_ptr
                0x2000052c        0x4 C:/Renesas/RA/e2studio_v2024-10_fsp_v5.7.0/toolchains/gcc_arm/13.2.rel1/bin/../lib/gcc/arm-none-eabi/13.2.1/thumb/v8-m.base/nofp\libg_nano.a(libc_a-impure.o)
                0x2000052c                _impure_ptr
 .data._impure_data
                0x20000530       0x4c C:/Renesas/RA/e2studio_v2024-10_fsp_v5.7.0/toolchains/gcc_arm/13.2.rel1/bin/../lib/gcc/arm-none-eabi/13.2.1/thumb/v8-m.base/nofp\libg_nano.a(libc_a-impure.o)
                0x20000530                _impure_data
 *(.data)
                0x2000057c                        . = ALIGN (0x4)
                0x2000057c                        PROVIDE (__preinit_array_start = .)
 *(.preinit_array)
                0x2000057c                        PROVIDE (__preinit_array_end = .)
                0x2000057c                        . = ALIGN (0x4)
                0x2000057c                        PROVIDE (__init_array_start = .)
 *(SORT_BY_NAME(.init_array.*))
 *(.init_array)
 .init_array    0x2000057c        0x4 C:/Renesas/RA/e2studio_v2024-10_fsp_v5.7.0/toolchains/gcc_arm/13.2.rel1/bin/../lib/gcc/arm-none-eabi/13.2.1/thumb/v8-m.base/nofp/crtbegin.o
                0x20000580                        PROVIDE (__init_array_end = .)
                0x20000580                        . = ALIGN (0x4)
                [!provide]                        PROVIDE (__fini_array_start = .)
 *(SORT_BY_NAME(.fini_array.*))
 *(.fini_array)
 .fini_array    0x20000580        0x4 C:/Renesas/RA/e2studio_v2024-10_fsp_v5.7.0/toolchains/gcc_arm/13.2.rel1/bin/../lib/gcc/arm-none-eabi/13.2.1/thumb/v8-m.base/nofp/crtbegin.o
                [!provide]                        PROVIDE (__fini_array_end = .)
 *(.jcr*)
                0x20000584                        . = ALIGN (0x4)
                0x20000584                        __data_end__ = .

.tm_clone_table
                0x20000584        0x0 load address 0x000053e0
 .tm_clone_table
                0x20000584        0x0 C:/Renesas/RA/e2studio_v2024-10_fsp_v5.7.0/toolchains/gcc_arm/13.2.rel1/bin/../lib/gcc/arm-none-eabi/13.2.1/thumb/v8-m.base/nofp/crtbegin.o
 .tm_clone_table
                0x20000584        0x0 C:/Renesas/RA/e2studio_v2024-10_fsp_v5.7.0/toolchains/gcc_arm/13.2.rel1/bin/../lib/gcc/arm-none-eabi/13.2.1/thumb/v8-m.base/nofp/crtend.o

.igot.plt       0x20000584        0x0 load address 0x000053e0
 .igot.plt      0x20000584        0x0 C:/Renesas/RA/e2studio_v2024-10_fsp_v5.7.0/toolchains/gcc_arm/13.2.rel1/bin/../lib/gcc/arm-none-eabi/13.2.1/thumb/v8-m.base/nofp/crtbegin.o
                0x20000584                        . = .
                0x000053e0                        __dtcm_data_pre_location = (LOADADDR (.data) + SIZEOF (.data))

.dtcm_data      0x00000000        0x0 load address 0x000053e0
                0x00000000                        __tz_DTCM_S = ABSOLUTE (DTCM_START)
                0x00000000                        __dtcm_data_start = .
 *(.dtcm_data*)
                0x00000000                        . = ALIGN (0x8)
                0x00000000                        __dtcm_data_end = .
                0x00000000                        . = __dtcm_data_end

.dtcm_bss       0x00000000        0x0
                0x00000000                        __dtcm_bss_start = .
 *(.dtcm_bss*)
                0x00000000                        . = ALIGN (0x8)
                0x00000000                        __dtcm_bss_end = .
                0x00000000                        __tz_DTCM_N = DEFINED (DTCM_NS_START)?ABSOLUTE (DTCM_NS_START):ALIGN (__dtcm_bss_end, 0x2000)
                0x000053e0                        __dtcm_data_init_start = LOADADDR (.dtcm_data)
                0x000053e0                        __dtcm_data_init_end = (LOADADDR (.dtcm_data) + SIZEOF (.dtcm_data))
                0x00000001                        ASSERT (((ORIGIN (DTCM) % 0x8) == 0x0), DTCM memory region origin must be aligned to 8 bytes.)
                0x00000001                        ASSERT (((LENGTH (DTCM) % 0x8) == 0x0), DTCM memory region length must be a multiple of 8 bytes.)
                0x00000001                        ASSERT ((LOADADDR (.dtcm_bss) == ADDR (.dtcm_bss)), .dtcm_bss has (VMA != LMA) but should be NOLOAD (VMA == LMA).)
                0x00000001                        ASSERT (((LOADADDR (.dtcm_data) % 0x10) == 0x0), .dtcm_data section must be aligned to 16 bytes.)
                0x00000001                        ASSERT (((SIZEOF (.dtcm_data) % 0x8) == 0x0), .dtcm_data section size must be a multiple of 8 bytes.)
                0x00000001                        ASSERT (((LOADADDR (.dtcm_bss) % 0x8) == 0x0), .dtcm_bss section must be aligned to 8 bytes.)
                0x00000001                        ASSERT (((SIZEOF (.dtcm_bss) % 0x8) == 0x0), .dtcm_bss section size must be a multiple of 8 bytes.)
                0x00000001                        ASSERT ((__dtcm_bss_start == __dtcm_data_end), .dtcm_bss section is not adjacent to .dtcm_data section.)
                0x000053e0                        . = (SIZEOF (.dtcm_data) > 0x0)?__dtcm_data_init_end:__dtcm_data_pre_location
                0x000053e0                        sgstubs_pre_location = .
                0x00005400                        SGSTUBS_LOC = (DEFINED (PROJECT_SECURE) && DEFINED (FLASH_NSC_START))?ABSOLUTE (FLASH_NSC_START):ALIGN (0x400)

.gnu.sgstubs    0x00005400        0x0
                0x00005400                        __tz_FLASH_C = DEFINED (FLASH_NSC_START)?ABSOLUTE (FLASH_NSC_START):__RESERVE_NS_RAM?ABSOLUTE ((FLASH_START + FLASH_LENGTH)):ALIGN (0x400)
                0x00005400                        _start_sg = .
 *(.gnu.sgstubs*)
                0x00005400                        . = ALIGN (0x20)
                0x00005400                        _end_sg = .
                0x00008000                        __tz_FLASH_N = DEFINED (FLASH_NS_START)?ABSOLUTE (FLASH_NS_START):__RESERVE_NS_RAM?ABSOLUTE ((FLASH_START + FLASH_LENGTH)):(FLASH_LENGTH < 0x8000)?FLASH_LENGTH:ALIGN (0x8000)
                0x00008000                        FLASH_NS_IMAGE_START = DEFINED (FLASH_NS_IMAGE_START)?FLASH_NS_IMAGE_START:__tz_FLASH_N
                0x60000000                        __tz_QSPI_FLASH_S = ORIGIN (QSPI_FLASH)

.qspi_flash     0x60000000        0x0
                0x60000000                        __qspi_flash_start__ = .
 *(.qspi_flash*)
 *(.code_in_qspi*)
                0x60000000                        __qspi_flash_end__ = .
                0x00000000                        __qspi_flash_code_size__ = (__qspi_flash_end__ - __qspi_flash_start__)
                0x000053e0                        __qspi_flash_code_addr__ = sgstubs_pre_location

.qspi_non_retentive
                0x60000000        0x0 load address 0x000053e0
                0x60000000                        __qspi_non_retentive_start__ = .
 *(.qspi_non_retentive*)
                0x60000000                        __qspi_non_retentive_end__ = .
                0x00000000                        __qspi_non_retentive_size__ = (__qspi_non_retentive_end__ - __qspi_non_retentive_start__)
                0x04000000                        __qspi_region_max_size__ = 0x4000000
                0x60000000                        __qspi_region_start_address__ = __qspi_flash_start__
                0x64000000                        __qspi_region_end_address__ = (__qspi_flash_start__ + __qspi_region_max_size__)
                0x60000000                        __tz_QSPI_FLASH_N = __qspi_non_retentive_end__

.OSPI_DEVICE_0_NO_LOAD
                0x80020000        0x0
                0x80020000                        . = ALIGN (0x4)
                0x80020000                        __ospi_device_0_start__ = .
 *(.ospi_device_0_no_load*)
                0x80020000                        . = ALIGN (0x4)
                0x80020000                        __ospi_device_0_end__ = .

.OSPI_DEVICE_1_NO_LOAD
                0x80030000        0x0
                0x80030000                        . = ALIGN (0x4)
                0x80030000                        __ospi_device_1_start__ = .
 *(.ospi_device_1_no_load*)
                0x80030000                        . = ALIGN (0x4)
                0x80030000                        __ospi_device_1_end__ = .
                0x80020000                        __tz_OSPI_DEVICE_0_S = ORIGIN (OSPI_DEVICE_0)

.OSPI_DEVICE_0  0x80020000        0x0
                0x80020000                        __ospi_device_0_start__ = .
 *(.ospi_device_0*)
 *(.code_in_ospi_device_0*)
                0x80020000                        __ospi_device_0_end__ = .
                0x00000000                        __ospi_device_0_code_size__ = (__ospi_device_0_end__ - __ospi_device_0_start__)
                0x000053e0                        __ospi_device_0_code_addr__ = (sgstubs_pre_location + SIZEOF (.qspi_non_retentive))

.ospi_device_0_non_retentive
                0x80020000        0x0 load address 0x000053e0
                0x80020000                        __ospi_device_0_non_retentive_start__ = .
 *(.ospi_device_0_non_retentive*)
                0x80020000                        __ospi_device_0_non_retentive_end__ = .
                0x00000000                        __ospi_device_0_non_retentive_size__ = (__ospi_device_0_non_retentive_end__ - __ospi_device_0_non_retentive_start__)
                0x08000000                        __ospi_device_0_region_max_size__ = 0x8000000
                0x80020000                        __ospi_device_0_region_start_address__ = __ospi_device_0_start__
                0x88020000                        __ospi_device_0_region_end_address__ = (__ospi_device_0_start__ + __ospi_device_0_region_max_size__)
                0x80020000                        __tz_OSPI_DEVICE_0_N = __ospi_device_0_non_retentive_end__
                0x80030000                        __tz_OSPI_DEVICE_1_S = ORIGIN (OSPI_DEVICE_1)

.OSPI_DEVICE_1  0x80030000        0x0
                0x80030000                        __ospi_device_1_start__ = .
 *(.ospi_device_1*)
 *(.code_in_ospi_device_1*)
                0x80030000                        __ospi_device_1_end__ = .
                0x00000000                        __ospi_device_1_code_size__ = (__ospi_device_1_end__ - __ospi_device_1_start__)
                0x000053e0                        __ospi_device_1_code_addr__ = (sgstubs_pre_location + (SIZEOF (.qspi_non_retentive) + SIZEOF (.ospi_device_0_non_retentive)))

.ospi_device_1_non_retentive
                0x80030000        0x0 load address 0x000053e0
                0x80030000                        __ospi_device_1_non_retentive_start__ = .
 *(.ospi_device_1_non_retentive*)
                0x80030000                        __ospi_device_1_non_retentive_end__ = .
                0x00000000                        __ospi_device_1_non_retentive_size__ = (__ospi_device_1_non_retentive_end__ - __ospi_device_1_non_retentive_start__)
                0x10000000                        __ospi_device_1_region_max_size__ = 0x10000000
                0x80030000                        __ospi_device_1_region_start_address__ = __ospi_device_1_start__
                0x90030000                        __ospi_device_1_region_end_address__ = (__ospi_device_1_start__ + __ospi_device_1_region_max_size__)
                0x80030000                        __tz_OSPI_DEVICE_1_N = __ospi_device_1_non_retentive_end__

.noinit         0x20000584       0x1c
                0x20000584                        . = ALIGN (0x4)
                0x20000584                        __noinit_start = .
 *(.noinit*)
 .noinit        0x20000584       0x18 ./ra/fsp/src/bsp/mcu/all/bsp_clocks.o
                0x200005a0                        . = ALIGN (0x8)
 *fill*         0x2000059c        0x4 
 *(.heap.*)
                0x200005a0                        __noinit_end = .

.bss            0x200005a0     0x2a54
                0x200005a0                        . = ALIGN (0x4)
                0x200005a0                        __bss_start__ = .
 *(.bss*)
 .bss.completed.1
                0x200005a0        0x1 C:/Renesas/RA/e2studio_v2024-10_fsp_v5.7.0/toolchains/gcc_arm/13.2.rel1/bin/../lib/gcc/arm-none-eabi/13.2.1/thumb/v8-m.base/nofp/crtbegin.o
 *fill*         0x200005a1        0x3 
 .bss.object.0  0x200005a4       0x18 C:/Renesas/RA/e2studio_v2024-10_fsp_v5.7.0/toolchains/gcc_arm/13.2.rel1/bin/../lib/gcc/arm-none-eabi/13.2.1/thumb/v8-m.base/nofp/crtbegin.o
 .bss._acDownBuffer
                0x200005bc       0x10 ./src/SEGGER_RTT/SEGGER_RTT.o
 .bss._acUpBuffer
                0x200005cc      0x400 ./src/SEGGER_RTT/SEGGER_RTT.o
 .bss._SEGGER_RTT
                0x200009cc       0xa8 ./src/SEGGER_RTT/SEGGER_RTT.o
                0x200009cc                _SEGGER_RTT
 .bss.count     0x20000a74        0x2 ./src/da16200_AT.o
 .bss.g_wifi_receive_time_count
                0x20000a76        0x2 ./src/da16200_AT.o
                0x20000a76                g_wifi_receive_time_count
 .bss.g_wifi_receive_complete
                0x20000a78        0x1 ./src/da16200_AT.o
                0x20000a78                g_wifi_receive_complete
 *fill*         0x20000a79        0x3 
 .bss.http_ip_port
                0x20000a7c      0x1f4 ./src/dialog_wifi_demo.o
 .bss.g_demo_data
                0x20000c70       0x10 ./src/dialog_wifi_demo.o
                0x20000c70                g_demo_data
 .bss.data      0x20000c80        0x4 ./src/hs3001.o
 .bss.resp_buff
                0x20000c84      0x800 ./src/http_server.o
 .bss.user_buffer
                0x20001484      0x800 ./src/http_server.o
 .bss.temp_buffer
                0x20001c84      0x800 ./src/http_server.o
 .bss.http_buffer
                0x20002484      0x800 ./src/http_server.o
 .bss.g_ioport_ctrl
                0x20002c84        0x8 ./ra_gen/common_data.o
                0x20002c84                g_ioport_ctrl
 .bss.g_external_sw1_ctrl
                0x20002c8c       0x10 ./ra_gen/common_data.o
                0x20002c8c                g_external_sw1_ctrl
 .bss.g_wifi_uart_ctrl
                0x20002c9c       0x30 ./ra_gen/hal_data.o
                0x20002c9c                g_wifi_uart_ctrl
 .bss.g_timer_ctrl
                0x20002ccc       0x20 ./ra_gen/hal_data.o
                0x20002ccc                g_timer_ctrl
 .bss.g_i2c_hs3001_ctrl
                0x20002cec       0x40 ./ra_gen/hal_data.o
                0x20002cec                g_i2c_hs3001_ctrl
 .bss.gp_prv_agt_periods
                0x20002d2c       0x28 ./ra/fsp/src/r_agt/r_agt.o
 .bss.g_bsp_group_irq_sources
                0x20002d54       0x34 ./ra/fsp/src/bsp/mcu/all/bsp_group_irq.o
                0x20002d54                g_bsp_group_irq_sources
 .bss.g_protect_pfswe_counter
                0x20002d88        0x4 ./ra/fsp/src/bsp/mcu/all/bsp_io.o
                0x20002d88                g_protect_pfswe_counter
 .bss.gp_renesas_isr_context
                0x20002d8c      0x110 ./ra/fsp/src/bsp/mcu/all/bsp_irq.o
                0x20002d8c                gp_renesas_isr_context
 .bss.g_protect_counters
                0x20002e9c        0x8 ./ra/fsp/src/bsp/mcu/all/bsp_register_protection.o
                0x20002e9c                g_protect_counters
 .bss.current_heap_end.0
                0x20002ea4        0x4 ./ra/fsp/src/bsp/mcu/all/bsp_sbrk.o
 .bss.SystemCoreClock
                0x20002ea8        0x4 ./ra/fsp/src/bsp/cmsis/Device/RENESAS/Source/system.o
                0x20002ea8                SystemCoreClock
 .bss.__sf      0x20002eac      0x138 C:/Renesas/RA/e2studio_v2024-10_fsp_v5.7.0/toolchains/gcc_arm/13.2.rel1/bin/../lib/gcc/arm-none-eabi/13.2.1/thumb/v8-m.base/nofp\libg_nano.a(libc_a-findfp.o)
                0x20002eac                __sf
 .bss.errno     0x20002fe4        0x4 C:/Renesas/RA/e2studio_v2024-10_fsp_v5.7.0/toolchains/gcc_arm/13.2.rel1/bin/../lib/gcc/arm-none-eabi/13.2.1/thumb/v8-m.base/nofp\libg_nano.a(libc_a-reent.o)
                0x20002fe4                errno
 .bss.__lock___malloc_recursive_mutex
                0x20002fe8        0x1 C:/Renesas/RA/e2studio_v2024-10_fsp_v5.7.0/toolchains/gcc_arm/13.2.rel1/bin/../lib/gcc/arm-none-eabi/13.2.1/thumb/v8-m.base/nofp\libg_nano.a(libc_a-lock.o)
                0x20002fe8                __lock___malloc_recursive_mutex
 *fill*         0x20002fe9        0x3 
 .bss.__malloc_sbrk_start
                0x20002fec        0x4 C:/Renesas/RA/e2studio_v2024-10_fsp_v5.7.0/toolchains/gcc_arm/13.2.rel1/bin/../lib/gcc/arm-none-eabi/13.2.1/thumb/v8-m.base/nofp\libg_nano.a(libc_a-mallocr.o)
                0x20002fec                __malloc_sbrk_start
 .bss.__malloc_free_list
                0x20002ff0        0x4 C:/Renesas/RA/e2studio_v2024-10_fsp_v5.7.0/toolchains/gcc_arm/13.2.rel1/bin/../lib/gcc/arm-none-eabi/13.2.1/thumb/v8-m.base/nofp\libg_nano.a(libc_a-mallocr.o)
                0x20002ff0                __malloc_free_list
 *(COMMON)
                0x20002ff4                        . = ALIGN (0x4)
                0x20002ff4                        __bss_end__ = .

.heap           0x20002ff4        0x4
                0x20002ff8                        . = ALIGN (0x8)
 *fill*         0x20002ff4        0x4 
                0x20002ff8                        __HeapBase = .
 *(.heap)
                0x20002ff8                        __HeapLimit = .

.stack_dummy    0x20002ff8      0x400
                0x20002ff8                        . = ALIGN (0x8)
                0x20002ff8                        __StackLimit = .
 *(.stack)
 .stack         0x20002ff8      0x400 ./ra/fsp/src/bsp/cmsis/Device/RENESAS/Source/startup.o
                0x200033f8                        __StackTop = .
 *(.stack*)
                0x200033f8                        __StackTopAll = .
                0x200033f8                        PROVIDE (__stack = __StackTopAll)
                0x200033f8                        __RAM_segment_used_end__ = ALIGN (__StackTopAll, 0x4)
                0x20003400                        __tz_RAM_C = DEFINED (RAM_NSC_START)?ABSOLUTE ((RAM_NSC_START - RAM_NS_BUFFER_BLOCK_LENGTH)):__RESERVE_NS_RAM?ABSOLUTE (RAM_NS_BUFFER_BLOCK_START):ALIGN (__RAM_segment_used_end__, 0x400)
                0x20004000                        __tz_RAM_N = DEFINED (RAM_NS_START)?ABSOLUTE ((RAM_NS_START - RAM_NS_BUFFER_BLOCK_LENGTH)):__RESERVE_NS_RAM?ABSOLUTE (RAM_NS_BUFFER_BLOCK_START):ALIGN (__tz_RAM_C, 0x2000)

.ns_buffer      0x200033f8        0x0
                0x200033f8                        . = __RESERVE_NS_RAM?ABSOLUTE ((RAM_NS_BUFFER_START & 0xffffffe0)):.
 *(.ns_buffer*)

.data_flash     0x40100000        0x0
                0x40100000                        . = ORIGIN (DATA_FLASH)
                0x40100000                        __tz_DATA_FLASH_S = .
                0x40100000                        __Data_Flash_Start = .
 *(.data_flash*)
                0x40100000                        __Data_Flash_End = .
                0x40100000                        __tz_DATA_FLASH_N = DEFINED (DATA_FLASH_NS_START)?ABSOLUTE (DATA_FLASH_NS_START):__RESERVE_NS_RAM?ABSOLUTE ((DATA_FLASH_START + DATA_FLASH_LENGTH)):ALIGN (0x400)
                0x80010000                        __tz_SDRAM_S = ORIGIN (SDRAM)

.sdram          0x80010000        0x0
                0x80010000                        __SDRAM_Start = .
 *(.sdram*)
 *(.frame*)
                0x80010000                        __SDRAM_End = .
                0x80010000                        __tz_SDRAM_N = __SDRAM_End
                0x01010018                        __tz_ID_CODE_S = ORIGIN (ID_CODE)
                0x01010018                        __tz_ID_CODE_N = __tz_ID_CODE_S

.id_code        0x01010018       0x1c
                0x01010018                        __ID_Code_Start = .
 *(.id_code*)
 .id_code       0x01010018       0x1c ./ra/fsp/src/bsp/mcu/all/bsp_rom_registers.o
                0x01010034                        __ID_Code_End = .
                0x00000000                        __tz_OPTION_SETTING_S = ORIGIN (OPTION_SETTING_OFS)

.rel.dyn        0x01010034        0x0
 .rel.iplt      0x01010034        0x0 C:/Renesas/RA/e2studio_v2024-10_fsp_v5.7.0/toolchains/gcc_arm/13.2.rel1/bin/../lib/gcc/arm-none-eabi/13.2.1/thumb/v8-m.base/nofp/crtbegin.o

.option_setting_ofs
                0x00000000        0x0
                0x00000000                        __OPTION_SETTING_OFS_Start = .
 *(.option_setting_ofs0)
                0x00000000                        . = PROJECT_SECURE_OR_FLAT?(__OPTION_SETTING_OFS_Start + 0x4):__OPTION_SETTING_OFS_Start
 *(.option_setting_ofs2)
                0x00000000                        . = PROJECT_SECURE_OR_FLAT?(__OPTION_SETTING_OFS_Start + 0x10):__OPTION_SETTING_OFS_Start
 *(.option_setting_dualsel)
                0x00000000                        __OPTION_SETTING_OFS_End = .

.option_setting_sas
                0x00000034        0x0
                0x00000034                        __OPTION_SETTING_SAS_Start = .
 *(.option_setting_sas)
                0x00000034                        __OPTION_SETTING_SAS_End = .
                0x00000080                        __tz_OPTION_SETTING_N = ABSOLUTE (OPTION_SETTING_START_NS)

.option_setting_ns
                0x00000000        0x0
                0x00000000                        __OPTION_SETTING_NS_Start = .
 *(.option_setting_ofs1)
                0x00000000                        . = USE_OPTION_SETTING_NS?(__OPTION_SETTING_NS_Start + 0x4):__OPTION_SETTING_NS_Start
 *(.option_setting_ofs3)
                0x00000000                        . = USE_OPTION_SETTING_NS?(__OPTION_SETTING_NS_Start + 0x10):__OPTION_SETTING_NS_Start
 *(.option_setting_banksel)
                0x00000000                        . = USE_OPTION_SETTING_NS?(__OPTION_SETTING_NS_Start + 0x40):__OPTION_SETTING_NS_Start
 *(.option_setting_bps0)
                0x00000000                        . = USE_OPTION_SETTING_NS?(__OPTION_SETTING_NS_Start + 0x44):__OPTION_SETTING_NS_Start
 *(.option_setting_bps1)
                0x00000000                        . = USE_OPTION_SETTING_NS?(__OPTION_SETTING_NS_Start + 0x48):__OPTION_SETTING_NS_Start
 *(.option_setting_bps2)
                0x00000000                        . = USE_OPTION_SETTING_NS?(__OPTION_SETTING_NS_Start + 0x4c):__OPTION_SETTING_NS_Start
 *(.option_setting_bps3)
                0x00000000                        . = USE_OPTION_SETTING_NS?(__OPTION_SETTING_NS_Start + 0x60):__OPTION_SETTING_NS_Start
 *(.option_setting_pbps0)
                0x00000000                        . = USE_OPTION_SETTING_NS?(__OPTION_SETTING_NS_Start + 0x64):__OPTION_SETTING_NS_Start
 *(.option_setting_pbps1)
                0x00000000                        . = USE_OPTION_SETTING_NS?(__OPTION_SETTING_NS_Start + 0x68):__OPTION_SETTING_NS_Start
 *(.option_setting_pbps2)
                0x00000000                        . = USE_OPTION_SETTING_NS?(__OPTION_SETTING_NS_Start + 0x6c):__OPTION_SETTING_NS_Start
 *(.option_setting_pbps3)
                0x00000000                        __OPTION_SETTING_NS_End = .
                0x80000000                        __tz_OPTION_SETTING_S_S = ORIGIN (OPTION_SETTING_S)

.option_setting_s
                0x80000000        0x0
                0x80000000                        __OPTION_SETTING_S_Start = .
 *(.option_setting_ofs1_sec)
                0x80000000                        . = PROJECT_SECURE_OR_FLAT?(__OPTION_SETTING_S_Start + 0x4):__OPTION_SETTING_S_Start
 *(.option_setting_ofs3_sec)
                0x80000000                        . = PROJECT_SECURE_OR_FLAT?(__OPTION_SETTING_S_Start + 0x10):__OPTION_SETTING_S_Start
 *(.option_setting_banksel_sec)
                0x80000000                        . = PROJECT_SECURE_OR_FLAT?(__OPTION_SETTING_S_Start + 0x40):__OPTION_SETTING_S_Start
 *(.option_setting_bps_sec0)
                0x80000000                        . = PROJECT_SECURE_OR_FLAT?(__OPTION_SETTING_S_Start + 0x44):__OPTION_SETTING_S_Start
 *(.option_setting_bps_sec1)
                0x80000000                        . = PROJECT_SECURE_OR_FLAT?(__OPTION_SETTING_S_Start + 0x48):__OPTION_SETTING_S_Start
 *(.option_setting_bps_sec2)
                0x80000000                        . = PROJECT_SECURE_OR_FLAT?(__OPTION_SETTING_S_Start + 0x4c):__OPTION_SETTING_S_Start
 *(.option_setting_bps_sec3)
                0x80000000                        . = PROJECT_SECURE_OR_FLAT?(__OPTION_SETTING_S_Start + 0x60):__OPTION_SETTING_S_Start
 *(.option_setting_pbps_sec0)
                0x80000000                        . = PROJECT_SECURE_OR_FLAT?(__OPTION_SETTING_S_Start + 0x64):__OPTION_SETTING_S_Start
 *(.option_setting_pbps_sec1)
                0x80000000                        . = PROJECT_SECURE_OR_FLAT?(__OPTION_SETTING_S_Start + 0x68):__OPTION_SETTING_S_Start
 *(.option_setting_pbps_sec2)
                0x80000000                        . = PROJECT_SECURE_OR_FLAT?(__OPTION_SETTING_S_Start + 0x6c):__OPTION_SETTING_S_Start
 *(.option_setting_pbps_sec3)
                0x80000000                        . = PROJECT_SECURE_OR_FLAT?(__OPTION_SETTING_S_Start + 0x80):__OPTION_SETTING_S_Start
 *(.option_setting_ofs1_sel)
                0x80000000                        . = PROJECT_SECURE_OR_FLAT?(__OPTION_SETTING_S_Start + 0x84):__OPTION_SETTING_S_Start
 *(.option_setting_ofs3_sel)
                0x80000000                        . = PROJECT_SECURE_OR_FLAT?(__OPTION_SETTING_S_Start + 0x90):__OPTION_SETTING_S_Start
 *(.option_setting_banksel_sel)
                0x80000000                        . = PROJECT_SECURE_OR_FLAT?(__OPTION_SETTING_S_Start + 0xc0):__OPTION_SETTING_S_Start
 *(.option_setting_bps_sel0)
                0x80000000                        . = PROJECT_SECURE_OR_FLAT?(__OPTION_SETTING_S_Start + 0xc4):__OPTION_SETTING_S_Start
 *(.option_setting_bps_sel1)
                0x80000000                        . = PROJECT_SECURE_OR_FLAT?(__OPTION_SETTING_S_Start + 0xc8):__OPTION_SETTING_S_Start
 *(.option_setting_bps_sel2)
                0x80000000                        . = PROJECT_SECURE_OR_FLAT?(__OPTION_SETTING_S_Start + 0xcc):__OPTION_SETTING_S_Start
 *(.option_setting_bps_sel3)
                0x80000000                        __OPTION_SETTING_S_End = .
                0x80000000                        __tz_OPTION_SETTING_S_N = __OPTION_SETTING_S_End
OUTPUT(Renesas_RA2M2_Smart_Design_Demo.elf elf32-littlearm)
LOAD linker stubs

.ARM.attributes
                0x00000000       0x2c
 .ARM.attributes
                0x00000000       0x22 C:/Renesas/RA/e2studio_v2024-10_fsp_v5.7.0/toolchains/gcc_arm/13.2.rel1/bin/../lib/gcc/arm-none-eabi/13.2.1/thumb/v8-m.base/nofp/crti.o
 .ARM.attributes
                0x00000022       0x30 C:/Renesas/RA/e2studio_v2024-10_fsp_v5.7.0/toolchains/gcc_arm/13.2.rel1/bin/../lib/gcc/arm-none-eabi/13.2.1/thumb/v8-m.base/nofp/crtbegin.o
 .ARM.attributes
                0x00000052       0x30 ./src/SEGGER_RTT/SEGGER_RTT.o
 .ARM.attributes
                0x00000082       0x30 ./src/SEGGER_RTT/SEGGER_RTT_printf.o
 .ARM.attributes
                0x000000b2       0x30 ./src/da16200_AT.o
 .ARM.attributes
                0x000000e2       0x30 ./src/dialog_wifi_demo.o
 .ARM.attributes
                0x00000112       0x30 ./src/hal_entry.o
 .ARM.attributes
                0x00000142       0x30 ./src/hs3001.o
 .ARM.attributes
                0x00000172       0x30 ./src/http_server.o
 .ARM.attributes
                0x000001a2       0x30 ./ra_gen/common_data.o
 .ARM.attributes
                0x000001d2       0x30 ./ra_gen/hal_data.o
 .ARM.attributes
                0x00000202       0x30 ./ra_gen/main.o
 .ARM.attributes
                0x00000232       0x30 ./ra_gen/pin_data.o
 .ARM.attributes
                0x00000262       0x30 ./ra_gen/vector_data.o
 .ARM.attributes
                0x00000292       0x30 ./ra/fsp/src/r_sci_uart/r_sci_uart.o
 .ARM.attributes
                0x000002c2       0x30 ./ra/fsp/src/r_sci_i2c/r_sci_i2c.o
 .ARM.attributes
                0x000002f2       0x30 ./ra/fsp/src/r_ioport/r_ioport.o
 .ARM.attributes
                0x00000322       0x30 ./ra/fsp/src/r_icu/r_icu.o
 .ARM.attributes
                0x00000352       0x30 ./ra/fsp/src/r_agt/r_agt.o
 .ARM.attributes
                0x00000382       0x30 ./ra/fsp/src/bsp/mcu/all/bsp_clocks.o
 .ARM.attributes
                0x000003b2       0x30 ./ra/fsp/src/bsp/mcu/all/bsp_common.o
 .ARM.attributes
                0x000003e2       0x30 ./ra/fsp/src/bsp/mcu/all/bsp_delay.o
 .ARM.attributes
                0x00000412       0x30 ./ra/fsp/src/bsp/mcu/all/bsp_group_irq.o
 .ARM.attributes
                0x00000442       0x30 ./ra/fsp/src/bsp/mcu/all/bsp_io.o
 .ARM.attributes
                0x00000472       0x30 ./ra/fsp/src/bsp/mcu/all/bsp_irq.o
 .ARM.attributes
                0x000004a2       0x30 ./ra/fsp/src/bsp/mcu/all/bsp_register_protection.o
 .ARM.attributes
                0x000004d2       0x30 ./ra/fsp/src/bsp/mcu/all/bsp_rom_registers.o
 .ARM.attributes
                0x00000502       0x30 ./ra/fsp/src/bsp/mcu/all/bsp_sbrk.o
 .ARM.attributes
                0x00000532       0x30 ./ra/fsp/src/bsp/cmsis/Device/RENESAS/Source/startup.o
 .ARM.attributes
                0x00000562       0x30 ./ra/fsp/src/bsp/cmsis/Device/RENESAS/Source/system.o
 .ARM.attributes
                0x00000592       0x30 ./ra/board/ra2a2_ek/board_init.o
 .ARM.attributes
                0x000005c2       0x30 C:/Renesas/RA/e2studio_v2024-10_fsp_v5.7.0/toolchains/gcc_arm/13.2.rel1/bin/../lib/gcc/arm-none-eabi/13.2.1/thumb/v8-m.base/nofp\libgcc.a(_muldi3.o)
 .ARM.attributes
                0x000005f2       0x30 C:/Renesas/RA/e2studio_v2024-10_fsp_v5.7.0/toolchains/gcc_arm/13.2.rel1/bin/../lib/gcc/arm-none-eabi/13.2.1/thumb/v8-m.base/nofp\libgcc.a(_fixunssfsi.o)
 .ARM.attributes
                0x00000622       0x30 C:/Renesas/RA/e2studio_v2024-10_fsp_v5.7.0/toolchains/gcc_arm/13.2.rel1/bin/../lib/gcc/arm-none-eabi/13.2.1/thumb/v8-m.base/nofp\libgcc.a(divsf3.o)
 .ARM.attributes
                0x00000652       0x30 C:/Renesas/RA/e2studio_v2024-10_fsp_v5.7.0/toolchains/gcc_arm/13.2.rel1/bin/../lib/gcc/arm-none-eabi/13.2.1/thumb/v8-m.base/nofp\libgcc.a(mulsf3.o)
 .ARM.attributes
                0x00000682       0x30 C:/Renesas/RA/e2studio_v2024-10_fsp_v5.7.0/toolchains/gcc_arm/13.2.rel1/bin/../lib/gcc/arm-none-eabi/13.2.1/thumb/v8-m.base/nofp\libgcc.a(subsf3.o)
 .ARM.attributes
                0x000006b2       0x30 C:/Renesas/RA/e2studio_v2024-10_fsp_v5.7.0/toolchains/gcc_arm/13.2.rel1/bin/../lib/gcc/arm-none-eabi/13.2.1/thumb/v8-m.base/nofp\libgcc.a(fixsfsi.o)
 .ARM.attributes
                0x000006e2       0x30 C:/Renesas/RA/e2studio_v2024-10_fsp_v5.7.0/toolchains/gcc_arm/13.2.rel1/bin/../lib/gcc/arm-none-eabi/13.2.1/thumb/v8-m.base/nofp\libgcc.a(floatunsisf.o)
 .ARM.attributes
                0x00000712       0x22 C:/Renesas/RA/e2studio_v2024-10_fsp_v5.7.0/toolchains/gcc_arm/13.2.rel1/bin/../lib/gcc/arm-none-eabi/13.2.1/thumb/v8-m.base/nofp\libgcc.a(_arm_cmpsf2.o)
 .ARM.attributes
                0x00000734       0x22 C:/Renesas/RA/e2studio_v2024-10_fsp_v5.7.0/toolchains/gcc_arm/13.2.rel1/bin/../lib/gcc/arm-none-eabi/13.2.1/thumb/v8-m.base/nofp\libgcc.a(_clzsi2.o)
 .ARM.attributes
                0x00000756       0x30 C:/Renesas/RA/e2studio_v2024-10_fsp_v5.7.0/toolchains/gcc_arm/13.2.rel1/bin/../lib/gcc/arm-none-eabi/13.2.1/thumb/v8-m.base/nofp\libgcc.a(eqsf2.o)
 .ARM.attributes
                0x00000786       0x30 C:/Renesas/RA/e2studio_v2024-10_fsp_v5.7.0/toolchains/gcc_arm/13.2.rel1/bin/../lib/gcc/arm-none-eabi/13.2.1/thumb/v8-m.base/nofp\libgcc.a(gesf2.o)
 .ARM.attributes
                0x000007b6       0x30 C:/Renesas/RA/e2studio_v2024-10_fsp_v5.7.0/toolchains/gcc_arm/13.2.rel1/bin/../lib/gcc/arm-none-eabi/13.2.1/thumb/v8-m.base/nofp\libgcc.a(lesf2.o)
 .ARM.attributes
                0x000007e6       0x30 C:/Renesas/RA/e2studio_v2024-10_fsp_v5.7.0/toolchains/gcc_arm/13.2.rel1/bin/../lib/gcc/arm-none-eabi/13.2.1/thumb/v8-m.base/nofp\libg_nano.a(libc_a-findfp.o)
 .ARM.attributes
                0x00000816       0x30 C:/Renesas/RA/e2studio_v2024-10_fsp_v5.7.0/toolchains/gcc_arm/13.2.rel1/bin/../lib/gcc/arm-none-eabi/13.2.1/thumb/v8-m.base/nofp\libg_nano.a(libc_a-sprintf.o)
 .ARM.attributes
                0x00000846       0x30 C:/Renesas/RA/e2studio_v2024-10_fsp_v5.7.0/toolchains/gcc_arm/13.2.rel1/bin/../lib/gcc/arm-none-eabi/13.2.1/thumb/v8-m.base/nofp\libg_nano.a(libc_a-memset.o)
 .ARM.attributes
                0x00000876       0x30 C:/Renesas/RA/e2studio_v2024-10_fsp_v5.7.0/toolchains/gcc_arm/13.2.rel1/bin/../lib/gcc/arm-none-eabi/13.2.1/thumb/v8-m.base/nofp\libg_nano.a(libc_a-strcat.o)
 .ARM.attributes
                0x000008a6       0x30 C:/Renesas/RA/e2studio_v2024-10_fsp_v5.7.0/toolchains/gcc_arm/13.2.rel1/bin/../lib/gcc/arm-none-eabi/13.2.1/thumb/v8-m.base/nofp\libg_nano.a(libc_a-strstr.o)
 .ARM.attributes
                0x000008d6       0x30 C:/Renesas/RA/e2studio_v2024-10_fsp_v5.7.0/toolchains/gcc_arm/13.2.rel1/bin/../lib/gcc/arm-none-eabi/13.2.1/thumb/v8-m.base/nofp\libg_nano.a(libc_a-reent.o)
 .ARM.attributes
                0x00000906       0x30 C:/Renesas/RA/e2studio_v2024-10_fsp_v5.7.0/toolchains/gcc_arm/13.2.rel1/bin/../lib/gcc/arm-none-eabi/13.2.1/thumb/v8-m.base/nofp\libg_nano.a(libc_a-impure.o)
 .ARM.attributes
                0x00000936       0x30 C:/Renesas/RA/e2studio_v2024-10_fsp_v5.7.0/toolchains/gcc_arm/13.2.rel1/bin/../lib/gcc/arm-none-eabi/13.2.1/thumb/v8-m.base/nofp\libg_nano.a(libc_a-errno.o)
 .ARM.attributes
                0x00000966       0x30 C:/Renesas/RA/e2studio_v2024-10_fsp_v5.7.0/toolchains/gcc_arm/13.2.rel1/bin/../lib/gcc/arm-none-eabi/13.2.1/thumb/v8-m.base/nofp\libg_nano.a(libc_a-lock.o)
 .ARM.attributes
                0x00000996       0x30 C:/Renesas/RA/e2studio_v2024-10_fsp_v5.7.0/toolchains/gcc_arm/13.2.rel1/bin/../lib/gcc/arm-none-eabi/13.2.1/thumb/v8-m.base/nofp\libg_nano.a(libc_a-strcpy.o)
 .ARM.attributes
                0x000009c6       0x30 C:/Renesas/RA/e2studio_v2024-10_fsp_v5.7.0/toolchains/gcc_arm/13.2.rel1/bin/../lib/gcc/arm-none-eabi/13.2.1/thumb/v8-m.base/nofp\libg_nano.a(libc_a-memcpy-stub.o)
 .ARM.attributes
                0x000009f6       0x1c C:/Renesas/RA/e2studio_v2024-10_fsp_v5.7.0/toolchains/gcc_arm/13.2.rel1/bin/../lib/gcc/arm-none-eabi/13.2.1/thumb/v8-m.base/nofp\libg_nano.a(libc_a-strlen.o)
 .ARM.attributes
                0x00000a12       0x30 C:/Renesas/RA/e2studio_v2024-10_fsp_v5.7.0/toolchains/gcc_arm/13.2.rel1/bin/../lib/gcc/arm-none-eabi/13.2.1/thumb/v8-m.base/nofp\libg_nano.a(libc_a-freer.o)
 .ARM.attributes
                0x00000a42       0x30 C:/Renesas/RA/e2studio_v2024-10_fsp_v5.7.0/toolchains/gcc_arm/13.2.rel1/bin/../lib/gcc/arm-none-eabi/13.2.1/thumb/v8-m.base/nofp\libg_nano.a(libc_a-mallocr.o)
 .ARM.attributes
                0x00000a72       0x30 C:/Renesas/RA/e2studio_v2024-10_fsp_v5.7.0/toolchains/gcc_arm/13.2.rel1/bin/../lib/gcc/arm-none-eabi/13.2.1/thumb/v8-m.base/nofp\libg_nano.a(libc_a-mlock.o)
 .ARM.attributes
                0x00000aa2       0x30 C:/Renesas/RA/e2studio_v2024-10_fsp_v5.7.0/toolchains/gcc_arm/13.2.rel1/bin/../lib/gcc/arm-none-eabi/13.2.1/thumb/v8-m.base/nofp\libg_nano.a(libc_a-nano-svfprintf.o)
 .ARM.attributes
                0x00000ad2       0x30 C:/Renesas/RA/e2studio_v2024-10_fsp_v5.7.0/toolchains/gcc_arm/13.2.rel1/bin/../lib/gcc/arm-none-eabi/13.2.1/thumb/v8-m.base/nofp\libg_nano.a(libc_a-nano-vfprintf_i.o)
 .ARM.attributes
                0x00000b02       0x30 C:/Renesas/RA/e2studio_v2024-10_fsp_v5.7.0/toolchains/gcc_arm/13.2.rel1/bin/../lib/gcc/arm-none-eabi/13.2.1/thumb/v8-m.base/nofp\libg_nano.a(libc_a-memmove.o)
 .ARM.attributes
                0x00000b32       0x30 C:/Renesas/RA/e2studio_v2024-10_fsp_v5.7.0/toolchains/gcc_arm/13.2.rel1/bin/../lib/gcc/arm-none-eabi/13.2.1/thumb/v8-m.base/nofp\libg_nano.a(libc_a-sbrkr.o)
 .ARM.attributes
                0x00000b62       0x30 C:/Renesas/RA/e2studio_v2024-10_fsp_v5.7.0/toolchains/gcc_arm/13.2.rel1/bin/../lib/gcc/arm-none-eabi/13.2.1/thumb/v8-m.base/nofp\libg_nano.a(libc_a-memchr-stub.o)
 .ARM.attributes
                0x00000b92       0x30 C:/Renesas/RA/e2studio_v2024-10_fsp_v5.7.0/toolchains/gcc_arm/13.2.rel1/bin/../lib/gcc/arm-none-eabi/13.2.1/thumb/v8-m.base/nofp\libg_nano.a(libc_a-reallocr.o)
 .ARM.attributes
                0x00000bc2       0x30 C:/Renesas/RA/e2studio_v2024-10_fsp_v5.7.0/toolchains/gcc_arm/13.2.rel1/bin/../lib/gcc/arm-none-eabi/13.2.1/thumb/v8-m.base/nofp\libg_nano.a(libc_a-msizer.o)
 .ARM.attributes
                0x00000bf2       0x22 C:/Renesas/RA/e2studio_v2024-10_fsp_v5.7.0/toolchains/gcc_arm/13.2.rel1/bin/../lib/gcc/arm-none-eabi/13.2.1/thumb/v8-m.base/nofp\libgcc.a(_thumb1_case_shi.o)
 .ARM.attributes
                0x00000c14       0x30 C:/Renesas/RA/e2studio_v2024-10_fsp_v5.7.0/toolchains/gcc_arm/13.2.rel1/bin/../lib/gcc/arm-none-eabi/13.2.1/thumb/v8-m.base/nofp/crtend.o
 .ARM.attributes
                0x00000c44       0x22 C:/Renesas/RA/e2studio_v2024-10_fsp_v5.7.0/toolchains/gcc_arm/13.2.rel1/bin/../lib/gcc/arm-none-eabi/13.2.1/thumb/v8-m.base/nofp/crtn.o

.comment        0x00000000       0x44
 .comment       0x00000000       0x44 ./src/SEGGER_RTT/SEGGER_RTT.o
                                 0x45 (size before relaxing)
 .comment       0x00000044       0x45 ./src/SEGGER_RTT/SEGGER_RTT_printf.o
 .comment       0x00000044       0x45 ./src/da16200_AT.o
 .comment       0x00000044       0x45 ./src/dialog_wifi_demo.o
 .comment       0x00000044       0x45 ./src/hal_entry.o
 .comment       0x00000044       0x45 ./src/hs3001.o
 .comment       0x00000044       0x45 ./src/http_server.o
 .comment       0x00000044       0x45 ./ra_gen/common_data.o
 .comment       0x00000044       0x45 ./ra_gen/hal_data.o
 .comment       0x00000044       0x45 ./ra_gen/main.o
 .comment       0x00000044       0x45 ./ra_gen/pin_data.o
 .comment       0x00000044       0x45 ./ra_gen/vector_data.o
 .comment       0x00000044       0x45 ./ra/fsp/src/r_sci_uart/r_sci_uart.o
 .comment       0x00000044       0x45 ./ra/fsp/src/r_sci_i2c/r_sci_i2c.o
 .comment       0x00000044       0x45 ./ra/fsp/src/r_ioport/r_ioport.o
 .comment       0x00000044       0x45 ./ra/fsp/src/r_icu/r_icu.o
 .comment       0x00000044       0x45 ./ra/fsp/src/r_agt/r_agt.o
 .comment       0x00000044       0x45 ./ra/fsp/src/bsp/mcu/all/bsp_clocks.o
 .comment       0x00000044       0x45 ./ra/fsp/src/bsp/mcu/all/bsp_common.o
 .comment       0x00000044       0x45 ./ra/fsp/src/bsp/mcu/all/bsp_delay.o
 .comment       0x00000044       0x45 ./ra/fsp/src/bsp/mcu/all/bsp_group_irq.o
 .comment       0x00000044       0x45 ./ra/fsp/src/bsp/mcu/all/bsp_io.o
 .comment       0x00000044       0x45 ./ra/fsp/src/bsp/mcu/all/bsp_irq.o
 .comment       0x00000044       0x45 ./ra/fsp/src/bsp/mcu/all/bsp_register_protection.o
 .comment       0x00000044       0x45 ./ra/fsp/src/bsp/mcu/all/bsp_rom_registers.o
 .comment       0x00000044       0x45 ./ra/fsp/src/bsp/mcu/all/bsp_sbrk.o
 .comment       0x00000044       0x45 ./ra/fsp/src/bsp/cmsis/Device/RENESAS/Source/startup.o
 .comment       0x00000044       0x45 ./ra/fsp/src/bsp/cmsis/Device/RENESAS/Source/system.o
 .comment       0x00000044       0x45 ./ra/board/ra2a2_ek/board_init.o

.debug_info     0x00000000    0x3f2ef
 .debug_info    0x00000000     0x2220 ./src/SEGGER_RTT/SEGGER_RTT.o
 .debug_info    0x00002220      0x6ea ./src/SEGGER_RTT/SEGGER_RTT_printf.o
 .debug_info    0x0000290a     0x4223 ./src/da16200_AT.o
 .debug_info    0x00006b2d     0x2014 ./src/dialog_wifi_demo.o
 .debug_info    0x00008b41     0x1e55 ./src/hal_entry.o
 .debug_info    0x0000a996     0x12f0 ./src/hs3001.o
 .debug_info    0x0000bc86     0x1035 ./src/http_server.o
 .debug_info    0x0000ccbb     0x15d6 ./ra_gen/common_data.o
 .debug_info    0x0000e291     0x4a6f ./ra_gen/hal_data.o
 .debug_info    0x00012d00       0xb1 ./ra_gen/main.o
 .debug_info    0x00012db1      0x896 ./ra_gen/pin_data.o
 .debug_info    0x00013647      0xa04 ./ra_gen/vector_data.o
 .debug_info    0x0001404b     0x8eb5 ./ra/fsp/src/r_sci_uart/r_sci_uart.o
 .debug_info    0x0001cf00     0x44de ./ra/fsp/src/r_sci_i2c/r_sci_i2c.o
 .debug_info    0x000213de     0x4668 ./ra/fsp/src/r_ioport/r_ioport.o
 .debug_info    0x00025a46     0x1882 ./ra/fsp/src/r_icu/r_icu.o
 .debug_info    0x000272c8     0x6c53 ./ra/fsp/src/r_agt/r_agt.o
 .debug_info    0x0002df1b     0x80ae ./ra/fsp/src/bsp/mcu/all/bsp_clocks.o
 .debug_info    0x00035fc9      0x93b ./ra/fsp/src/bsp/mcu/all/bsp_common.o
 .debug_info    0x00036904      0x1f8 ./ra/fsp/src/bsp/mcu/all/bsp_delay.o
 .debug_info    0x00036afc     0x11ad ./ra/fsp/src/bsp/mcu/all/bsp_group_irq.o
 .debug_info    0x00037ca9       0xb2 ./ra/fsp/src/bsp/mcu/all/bsp_io.o
 .debug_info    0x00037d5b     0x18ae ./ra/fsp/src/bsp/mcu/all/bsp_irq.o
 .debug_info    0x00039609     0x3a39 ./ra/fsp/src/bsp/mcu/all/bsp_register_protection.o
 .debug_info    0x0003d042       0xe1 ./ra/fsp/src/bsp/mcu/all/bsp_rom_registers.o
 .debug_info    0x0003d123      0x142 ./ra/fsp/src/bsp/mcu/all/bsp_sbrk.o
 .debug_info    0x0003d265      0x168 ./ra/fsp/src/bsp/cmsis/Device/RENESAS/Source/startup.o
 .debug_info    0x0003d3cd     0x1e7d ./ra/fsp/src/bsp/cmsis/Device/RENESAS/Source/system.o
 .debug_info    0x0003f24a       0xa5 ./ra/board/ra2a2_ek/board_init.o

.debug_abbrev   0x00000000     0x4949
 .debug_abbrev  0x00000000      0x3b5 ./src/SEGGER_RTT/SEGGER_RTT.o
 .debug_abbrev  0x000003b5      0x2b7 ./src/SEGGER_RTT/SEGGER_RTT_printf.o
 .debug_abbrev  0x0000066c      0x498 ./src/da16200_AT.o
 .debug_abbrev  0x00000b04      0x2cc ./src/dialog_wifi_demo.o
 .debug_abbrev  0x00000dd0      0x2aa ./src/hal_entry.o
 .debug_abbrev  0x0000107a      0x2b0 ./src/hs3001.o
 .debug_abbrev  0x0000132a      0x28b ./src/http_server.o
 .debug_abbrev  0x000015b5      0x167 ./ra_gen/common_data.o