Archive member included to satisfy reference by file (symbol)

c:/program files (x86)/gnu tools arm embedded/9 2019-q4-major/bin/../lib/gcc/arm-none-eabi/9.2.1/thumb/v8-m.base/nofp\libgcc.a(_aeabi_ldivmod.o)
                              ./ra/fsp/src/r_sci_uart/r_sci_uart.o (__aeabi_ldivmod)
c:/program files (x86)/gnu tools arm embedded/9 2019-q4-major/bin/../lib/gcc/arm-none-eabi/9.2.1/thumb/v8-m.base/nofp\libgcc.a(_muldi3.o)
                              ./ra/fsp/src/r_sci_uart/r_sci_uart.o (__aeabi_lmul)
c:/program files (x86)/gnu tools arm embedded/9 2019-q4-major/bin/../lib/gcc/arm-none-eabi/9.2.1/thumb/v8-m.base/nofp\libgcc.a(_fixunssfsi.o)
                              ./src/http_server.o (__aeabi_f2uiz)
c:/program files (x86)/gnu tools arm embedded/9 2019-q4-major/bin/../lib/gcc/arm-none-eabi/9.2.1/thumb/v8-m.base/nofp\libgcc.a(bpabi.o)
                              c:/program files (x86)/gnu tools arm embedded/9 2019-q4-major/bin/../lib/gcc/arm-none-eabi/9.2.1/thumb/v8-m.base/nofp\libgcc.a(_aeabi_ldivmod.o) (__gnu_ldivmod_helper)
c:/program files (x86)/gnu tools arm embedded/9 2019-q4-major/bin/../lib/gcc/arm-none-eabi/9.2.1/thumb/v8-m.base/nofp\libgcc.a(divsf3.o)
                              ./src/hs3001.o (__aeabi_fdiv)
c:/program files (x86)/gnu tools arm embedded/9 2019-q4-major/bin/../lib/gcc/arm-none-eabi/9.2.1/thumb/v8-m.base/nofp\libgcc.a(mulsf3.o)
                              ./src/hs3001.o (__aeabi_fmul)
c:/program files (x86)/gnu tools arm embedded/9 2019-q4-major/bin/../lib/gcc/arm-none-eabi/9.2.1/thumb/v8-m.base/nofp\libgcc.a(subsf3.o)
                              ./src/hs3001.o (__aeabi_fsub)
c:/program files (x86)/gnu tools arm embedded/9 2019-q4-major/bin/../lib/gcc/arm-none-eabi/9.2.1/thumb/v8-m.base/nofp\libgcc.a(fixsfsi.o)
                              c:/program files (x86)/gnu tools arm embedded/9 2019-q4-major/bin/../lib/gcc/arm-none-eabi/9.2.1/thumb/v8-m.base/nofp\libgcc.a(_fixunssfsi.o) (__aeabi_f2iz)
c:/program files (x86)/gnu tools arm embedded/9 2019-q4-major/bin/../lib/gcc/arm-none-eabi/9.2.1/thumb/v8-m.base/nofp\libgcc.a(floatunsisf.o)
                              ./src/hs3001.o (__aeabi_ui2f)
c:/program files (x86)/gnu tools arm embedded/9 2019-q4-major/bin/../lib/gcc/arm-none-eabi/9.2.1/thumb/v8-m.base/nofp\libgcc.a(_dvmd_tls.o)
                              c:/program files (x86)/gnu tools arm embedded/9 2019-q4-major/bin/../lib/gcc/arm-none-eabi/9.2.1/thumb/v8-m.base/nofp\libgcc.a(_aeabi_ldivmod.o) (__aeabi_ldiv0)
c:/program files (x86)/gnu tools arm embedded/9 2019-q4-major/bin/../lib/gcc/arm-none-eabi/9.2.1/thumb/v8-m.base/nofp\libgcc.a(_arm_cmpsf2.o)
                              c:/program files (x86)/gnu tools arm embedded/9 2019-q4-major/bin/../lib/gcc/arm-none-eabi/9.2.1/thumb/v8-m.base/nofp\libgcc.a(_fixunssfsi.o) (__aeabi_fcmpge)
c:/program files (x86)/gnu tools arm embedded/9 2019-q4-major/bin/../lib/gcc/arm-none-eabi/9.2.1/thumb/v8-m.base/nofp\libgcc.a(_clzsi2.o)
                              c:/program files (x86)/gnu tools arm embedded/9 2019-q4-major/bin/../lib/gcc/arm-none-eabi/9.2.1/thumb/v8-m.base/nofp\libgcc.a(divsf3.o) (__clzsi2)
c:/program files (x86)/gnu tools arm embedded/9 2019-q4-major/bin/../lib/gcc/arm-none-eabi/9.2.1/thumb/v8-m.base/nofp\libgcc.a(_divdi3.o)
                              c:/program files (x86)/gnu tools arm embedded/9 2019-q4-major/bin/../lib/gcc/arm-none-eabi/9.2.1/thumb/v8-m.base/nofp\libgcc.a(bpabi.o) (__divdi3)
c:/program files (x86)/gnu tools arm embedded/9 2019-q4-major/bin/../lib/gcc/arm-none-eabi/9.2.1/thumb/v8-m.base/nofp\libgcc.a(eqsf2.o)
                              c:/program files (x86)/gnu tools arm embedded/9 2019-q4-major/bin/../lib/gcc/arm-none-eabi/9.2.1/thumb/v8-m.base/nofp\libgcc.a(_arm_cmpsf2.o) (__eqsf2)
c:/program files (x86)/gnu tools arm embedded/9 2019-q4-major/bin/../lib/gcc/arm-none-eabi/9.2.1/thumb/v8-m.base/nofp\libgcc.a(gesf2.o)
                              c:/program files (x86)/gnu tools arm embedded/9 2019-q4-major/bin/../lib/gcc/arm-none-eabi/9.2.1/thumb/v8-m.base/nofp\libgcc.a(_arm_cmpsf2.o) (__gesf2)
c:/program files (x86)/gnu tools arm embedded/9 2019-q4-major/bin/../lib/gcc/arm-none-eabi/9.2.1/thumb/v8-m.base/nofp\libgcc.a(lesf2.o)
                              c:/program files (x86)/gnu tools arm embedded/9 2019-q4-major/bin/../lib/gcc/arm-none-eabi/9.2.1/thumb/v8-m.base/nofp\libgcc.a(_arm_cmpsf2.o) (__lesf2)
c:/program files (x86)/gnu tools arm embedded/9 2019-q4-major/bin/../lib/gcc/arm-none-eabi/9.2.1/../../../../arm-none-eabi/lib/thumb/v8-m.base/nofp\libg_nano.a(lib_a-errno.o)
                              ./ra/fsp/src/bsp/mcu/all/bsp_sbrk.o (__errno)
c:/program files (x86)/gnu tools arm embedded/9 2019-q4-major/bin/../lib/gcc/arm-none-eabi/9.2.1/../../../../arm-none-eabi/lib/thumb/v8-m.base/nofp\libg_nano.a(lib_a-exit.o)
[...]
Memory Configuration

Name             Origin             Length             Attributes
FLASH            0x00000000         0x00080000         xr
RAM              0x20000000         0x0000c000         xrw
DATA_FLASH       0x40100000         0x00002000         xr
QSPI_FLASH       0x60000000         0x00000000         xr
OSPI_DEVICE_0    0x80020000         0x00000000         xr
OSPI_DEVICE_1    0x80030000         0x00000000         xr
SDRAM            0x80010000         0x00000000         xrw
OPTION_SETTING   0x00000000         0x00000000         r
OPTION_SETTING_S 0x80000000         0x00000000         r
ID_CODE          0x01010018         0x00000020         xr
*default*        0x00000000         0xffffffff

Linker script and memory map

LOAD c:/program files (x86)/gnu tools arm embedded/9 2019-q4-major/bin/../lib/gcc/arm-none-eabi/9.2.1/thumb/v8-m.base/nofp/crti.o
LOAD c:/program files (x86)/gnu tools arm embedded/9 2019-q4-major/bin/../lib/gcc/arm-none-eabi/9.2.1/thumb/v8-m.base/nofp/crtbegin.o
LOAD c:/program files (x86)/gnu tools arm embedded/9 2019-q4-major/bin/../lib/gcc/arm-none-eabi/9.2.1/../../../../arm-none-eabi/lib/thumb/v8-m.base/nofp/rdimon-crt0.o
START GROUP
LOAD ./src/SEGGER_RTT/SEGGER_RTT.o
LOAD ./src/SEGGER_RTT/SEGGER_RTT_printf.o
LOAD ./src/da16200_AT.o
LOAD ./src/dialog_wifi_demo.o
LOAD ./src/hal_entry.o
LOAD ./src/hs3001.o
LOAD ./src/http_server.o
LOAD ./ra_gen/common_data.o
LOAD ./ra_gen/hal_data.o
LOAD ./ra_gen/main.o
LOAD ./ra_gen/pin_data.o
LOAD ./ra_gen/vector_data.o
LOAD ./ra/fsp/src/r_sci_uart/r_sci_uart.o
LOAD ./ra/fsp/src/r_sci_i2c/r_sci_i2c.o
LOAD ./ra/fsp/src/r_ioport/r_ioport.o
LOAD ./ra/fsp/src/r_icu/r_icu.o
LOAD ./ra/fsp/src/r_agt/r_agt.o
LOAD ./ra/fsp/src/bsp/mcu/all/bsp_clocks.o
LOAD ./ra/fsp/src/bsp/mcu/all/bsp_common.o
LOAD ./ra/fsp/src/bsp/mcu/all/bsp_delay.o
LOAD ./ra/fsp/src/bsp/mcu/all/bsp_group_irq.o
LOAD ./ra/fsp/src/bsp/mcu/all/bsp_guard.o
LOAD ./ra/fsp/src/bsp/mcu/all/bsp_io.o
LOAD ./ra/fsp/src/bsp/mcu/all/bsp_irq.o
LOAD ./ra/fsp/src/bsp/mcu/all/bsp_macl.o
LOAD ./ra/fsp/src/bsp/mcu/all/bsp_register_protection.o
LOAD ./ra/fsp/src/bsp/mcu/all/bsp_rom_registers.o
LOAD ./ra/fsp/src/bsp/mcu/all/bsp_sbrk.o
LOAD ./ra/fsp/src/bsp/mcu/all/bsp_sdram.o
LOAD ./ra/fsp/src/bsp/mcu/all/bsp_security.o
LOAD ./ra/fsp/src/bsp/cmsis/Device/RENESAS/Source/startup.o
LOAD ./ra/fsp/src/bsp/cmsis/Device/RENESAS/Source/system.o
LOAD ./ra/board/ra2a2_ek/board_init.o
LOAD ./ra/board/ra2a2_ek/board_leds.o
END GROUP
START GROUP
LOAD c:/program files (x86)/gnu tools arm embedded/9 2019-q4-major/bin/../lib/gcc/arm-none-eabi/9.2.1/thumb/v8-m.base/nofp\libgcc.a
LOAD c:/program files (x86)/gnu tools arm embedded/9 2019-q4-major/bin/../lib/gcc/arm-none-eabi/9.2.1/../../../../arm-none-eabi/lib/thumb/v8-m.base/nofp\libg_nano.a
LOAD c:/program files (x86)/gnu tools arm embedded/9 2019-q4-major/bin/../lib/gcc/arm-none-eabi/9.2.1/../../../../arm-none-eabi/lib/thumb/v8-m.base/nofp\libc_nano.a
END GROUP
START GROUP
LOAD c:/program files (x86)/gnu tools arm embedded/9 2019-q4-major/bin/../lib/gcc/arm-none-eabi/9.2.1/thumb/v8-m.base/nofp\libgcc.a
LOAD c:/program files (x86)/gnu tools arm embedded/9 2019-q4-major/bin/../lib/gcc/arm-none-eabi/9.2.1/../../../../arm-none-eabi/lib/thumb/v8-m.base/nofp\libc_nano.a
LOAD c:/program files (x86)/gnu tools arm embedded/9 2019-q4-major/bin/../lib/gcc/arm-none-eabi/9.2.1/../../../../arm-none-eabi/lib/thumb/v8-m.base/nofp\librdimon_nano.a
END GROUP
START GROUP
LOAD c:/program files (x86)/gnu tools arm embedded/9 2019-q4-major/bin/../lib/gcc/arm-none-eabi/9.2.1/thumb/v8-m.base/nofp\libgcc.a
LOAD c:/program files (x86)/gnu tools arm embedded/9 2019-q4-major/bin/../lib/gcc/arm-none-eabi/9.2.1/../../../../arm-none-eabi/lib/thumb/v8-m.base/nofp\libc_nano.a
LOAD c:/program files (x86)/gnu tools arm embedded/9 2019-q4-major/bin/../lib/gcc/arm-none-eabi/9.2.1/../../../../arm-none-eabi/lib/thumb/v8-m.base/nofp\librdimon_nano.a
END GROUP
LOAD c:/program files (x86)/gnu tools arm embedded/9 2019-q4-major/bin/../lib/gcc/arm-none-eabi/9.2.1/thumb/v8-m.base/nofp/crtend.o
LOAD c:/program files (x86)/gnu tools arm embedded/9 2019-q4-major/bin/../lib/gcc/arm-none-eabi/9.2.1/thumb/v8-m.base/nofp/crtn.o
                0x20000000                RAM_START = 0x20000000
                0x0000c000                RAM_LENGTH = 0xc000
                0x00000000                FLASH_START = 0x0
                0x00080000                FLASH_LENGTH = 0x80000
                0x40100000                DATA_FLASH_START = 0x40100000
                0x00002000                DATA_FLASH_LENGTH = 0x2000
                0x00000000                OPTION_SETTING_START = 0x0
                0x00000000                OPTION_SETTING_LENGTH = 0x0
                0x80000000                OPTION_SETTING_S_START = 0x80000000
                0x00000000                OPTION_SETTING_S_LENGTH = 0x0
                0x01010018                ID_CODE_START = 0x1010018
                0x00000020                ID_CODE_LENGTH = 0x20
                0x80010000                SDRAM_START = 0x80010000
                0x00000000                SDRAM_LENGTH = 0x0
                0x60000000                QSPI_FLASH_START = 0x60000000
                0x00000000                QSPI_FLASH_LENGTH = 0x0
                0x80020000                OSPI_DEVICE_0_START = 0x80020000
                0x00000000                OSPI_DEVICE_0_LENGTH = 0x0
                0x80030000                OSPI_DEVICE_1_START = 0x80030000
                0x00000000                OSPI_DEVICE_1_LENGTH = 0x0
                0x00000000                QSPI_FLASH_PRV_LENGTH = DEFINED (QSPI_FLASH_SIZE)?ABSOLUTE (QSPI_FLASH_SIZE):ABSOLUTE (QSPI_FLASH_LENGTH)
                0x00000000                OSPI_DEVICE_0_PRV_LENGTH = DEFINED (OSPI_DEVICE_0_SIZE)?ABSOLUTE (OSPI_DEVICE_0_SIZE):ABSOLUTE (OSPI_DEVICE_0_LENGTH)
                0x00000000                OSPI_DEVICE_1_PRV_LENGTH = DEFINED (OSPI_DEVICE_1_SIZE)?ABSOLUTE (OSPI_DEVICE_1_SIZE):ABSOLUTE (OSPI_DEVICE_1_LENGTH)
                0x00000000                __RESERVE_NS_RAM = ((! (DEFINED (PROJECT_NONSECURE)) && DEFINED (RAM_NS_BUFFER_LENGTH)) && (OPTION_SETTING_S_LENGTH != 0x0))
                0x00000000                RAM_NS_BUFFER_BLOCK_LENGTH = DEFINED (RAM_NS_BUFFER_LENGTH)?ALIGN (RAM_NS_BUFFER_LENGTH, 0x2000):0x0
                0x00000000                RAM_NS_BUFFER_LENGTH = DEFINED (RAM_NS_BUFFER_LENGTH)?RAM_NS_BUFFER_LENGTH:0x0
                0x2000c000                RAM_NS_BUFFER_START = ((RAM_START + RAM_LENGTH) - RAM_NS_BUFFER_LENGTH)
                0x2000c000                RAM_NS_BUFFER_BLOCK_START = ((RAM_START + RAM_LENGTH) - RAM_NS_BUFFER_BLOCK_LENGTH)
                0x0100a180                OPTION_SETTING_START_NS = 0x100a180
                0x00000001                __bl_FSP_BOOTABLE_IMAGE = 0x1
                0x00000001                __bln_FSP_BOOTABLE_IMAGE = 0x1
                0x00000000                PROJECT_SECURE_OR_FLAT = ((! (DEFINED (PROJECT_NONSECURE)) && OPTION_SETTING_LENGTH) && ! (DEFINED (FSP_BOOTABLE_IMAGE)))
                0x00000000                USE_OPTION_SETTING_NS = (DEFINED (PROJECT_NONSECURE) && ! (DEFINED (FSP_BOOTABLE_IMAGE)))
                0x00000000                __bl_FLASH_IMAGE_START = ! (DEFINED (FLASH_BOOTLOADER_LENGTH))?0x0:(FLASH_APPLICATION_IMAGE_NUMBER == 0x1)?(FLASH_BOOTLOADER_LENGTH + FLASH_BOOTLOADER_HEADER_LENGTH):(((FLASH_BOOTLOADER_LENGTH + FLASH_BOOTLOADER_SCRATCH_LENGTH) + FLASH_APPLICATION_S_LENGTH) + FLASH_BOOTLOADER_HEADER_LENGTH)
                0x00000000                __bl_FLASH_IMAGE_LENGTH = ! (DEFINED (FLASH_BOOTLOADER_LENGTH))?0x0:(FLASH_APPLICATION_S_LENGTH - FLASH_BOOTLOADER_HEADER_LENGTH)
                0x00000000                __bl_FLASH_IMAGE_END = (__bl_FLASH_IMAGE_START + __bl_FLASH_IMAGE_LENGTH)
                0x00000000                __bl_FLASH_NS_START = ! (DEFINED (FLASH_BOOTLOADER_LENGTH))?0x0:(FLASH_APPLICATION_NS_LENGTH == 0x0)?__bl_FLASH_IMAGE_END:((__bl_FLASH_IMAGE_START - FLASH_BOOTLOADER_HEADER_LENGTH) + FLASH_APPLICATION_S_LENGTH)
                0x00000000                __bl_FLASH_NSC_START = ! (DEFINED (FLASH_BOOTLOADER_LENGTH))?0x0:(FLASH_APPLICATION_NS_LENGTH == 0x0)?__bl_FLASH_IMAGE_END:(__bl_FLASH_NS_START - FLASH_APPLICATION_NSC_LENGTH)
                0x00000000                __bl_RAM_NS_START = ! (DEFINED (FLASH_BOOTLOADER_LENGTH))?0x0:(FLASH_APPLICATION_NS_LENGTH == 0x0)?(RAM_START + RAM_LENGTH):((RAM_START + RAM_LENGTH) - RAM_APPLICATION_NS_LENGTH)
                0x00000000                __bl_RAM_NSC_START = ! (DEFINED (FLASH_BOOTLOADER_LENGTH))?0x0:(FLASH_APPLICATION_NS_LENGTH == 0x0)?(RAM_START + RAM_LENGTH):(__bl_RAM_NS_START - RAM_APPLICATION_NSC_LENGTH)
                0x00000000                __bl_FLASH_NS_IMAGE_START = ! (DEFINED (FLASH_BOOTLOADER_LENGTH))?0x0:(FLASH_APPLICATION_NS_LENGTH == 0x0)?__bl_FLASH_IMAGE_END:(__bl_FLASH_NS_START + FLASH_BOOTLOADER_HEADER_LENGTH_2)
                0x00000000                __bln_FLASH_IMAGE_START = __bl_FLASH_NS_IMAGE_START
                0x00000000                __bln_FLASH_IMAGE_LENGTH = ! (DEFINED (FLASH_BOOTLOADER_LENGTH))?0x0:(FLASH_APPLICATION_NS_LENGTH == 0x0)?__bl_FLASH_IMAGE_END:(FLASH_APPLICATION_NS_LENGTH - FLASH_BOOTLOADER_HEADER_LENGTH_2)
                0x00000000                FLASH_ORIGIN = DEFINED (FLASH_IMAGE_START)?FLASH_IMAGE_START:FLASH_START
                0x00080000                LIMITED_FLASH_LENGTH = DEFINED (FLASH_IMAGE_LENGTH)?FLASH_IMAGE_LENGTH:DEFINED (FLASH_BOOTLOADER_LENGTH)?FLASH_BOOTLOADER_LENGTH:FLASH_LENGTH
START GROUP
LOAD c:/program files (x86)/gnu tools arm embedded/9 2019-q4-major/bin/../lib/gcc/arm-none-eabi/9.2.1/thumb/v8-m.base/nofp\libgcc.a
LOAD c:/program files (x86)/gnu tools arm embedded/9 2019-q4-major/bin/../lib/gcc/arm-none-eabi/9.2.1/../../../../arm-none-eabi/lib/thumb/v8-m.base/nofp\libc.a
LOAD c:/program files (x86)/gnu tools arm embedded/9 2019-q4-major/bin/../lib/gcc/arm-none-eabi/9.2.1/../../../../arm-none-eabi/lib/thumb/v8-m.base/nofp\libm.a
LOAD c:/program files (x86)/gnu tools arm embedded/9 2019-q4-major/bin/../lib/gcc/arm-none-eabi/9.2.1/../../../../arm-none-eabi/lib/thumb/v8-m.base/nofp\libnosys.a
END GROUP

.text           0x00000000     0x50b8
                0x00000000                __tz_FLASH_S = ABSOLUTE (FLASH_START)
                0x00000000                __ROM_Start = .
 *(.fixed_vectors*)
 .fixed_vectors
                0x00000000       0x40 ./ra/fsp/src/bsp/cmsis/Device/RENESAS/Source/startup.o
                0x00000000                __Vectors
 *(.application_vectors*)
 .application_vectors
                0x00000040      0x110 ./ra_gen/vector_data.o
                0x00000040                g_vector_table
                0x00000150                __Vectors_End = .
                0x00000400                . = (OPTION_SETTING_LENGTH > 0x0)?.:(__ROM_Start + 0x400)
 *fill*         0x00000150      0x2b0 ff
 *(.rom_registers*)
 .rom_registers
                0x00000400       0x3c ./ra/fsp/src/bsp/mcu/all/bsp_rom_registers.o
                0x00000500                . = (OPTION_SETTING_LENGTH > 0x0)?.:(__ROM_Start + 0x500)
 *fill*         0x0000043c       0xc4 ff
 *(.text*)
 .text          0x00000500       0x50 c:/program files (x86)/gnu tools arm embedded/9 2019-q4-major/bin/../lib/gcc/arm-none-eabi/9.2.1/thumb/v8-m.base/nofp/crtbegin.o
 .text._WriteNoCheck
                0x00000550       0x54 ./src/SEGGER_RTT/SEGGER_RTT.o
 .text._WriteBlocking
                0x000005a4       0x6c ./src/SEGGER_RTT/SEGGER_RTT.o
 .text._DoInit  0x00000610       0x7c ./src/SEGGER_RTT/SEGGER_RTT.o
 .text.SEGGER_RTT_WriteNoLock
                0x0000068c       0x88 ./src/SEGGER_RTT/SEGGER_RTT.o
                0x0000068c                SEGGER_RTT_WriteNoLock
 .text.SEGGER_RTT_Write
                0x00000714       0x34 ./src/SEGGER_RTT/SEGGER_RTT.o
                0x00000714                SEGGER_RTT_Write
 .text._StoreChar
                0x00000748       0x40 ./src/SEGGER_RTT/SEGGER_RTT_printf.o
 .text._PrintUnsigned
                0x00000788      0x104 ./src/SEGGER_RTT/SEGGER_RTT_printf.o
 .text.SEGGER_RTT_vprintf
                0x0000088c      0x320 ./src/SEGGER_RTT/SEGGER_RTT_printf.o
                0x0000088c                SEGGER_RTT_vprintf
 .text.SEGGER_RTT_printf
                0x00000bac       0x1c ./src/SEGGER_RTT/SEGGER_RTT_printf.o
                0x00000bac                SEGGER_RTT_printf
 .text.is_str_present
                0x00000bc8       0x10 ./src/da16200_AT.o
                0x00000bc8                is_str_present
 .text.wifi_serial_read
                0x00000bd8       0x84 ./src/da16200_AT.o
                0x00000bd8                wifi_serial_read
 .text.wifi_command_ATE
                0x00000c5c       0xa4 ./src/da16200_AT.o
 .text.wifi_init
                0x00000d00       0xcc ./src/da16200_AT.o
                0x00000d00                wifi_init
 .text.wifi_set
                0x00000dcc      0x4b0 ./src/da16200_AT.o
                0x00000dcc                wifi_set
 .text.wifi_serial_write
                0x0000127c       0x1c ./src/da16200_AT.o
                0x0000127c                wifi_serial_write
 .text.user_uart_callback
                0x00001298       0x14 ./src/da16200_AT.o
                0x00001298                user_uart_callback
 .text.timer_1ms_callback
                0x000012ac       0x80 ./src/da16200_AT.o
                0x000012ac                timer_1ms_callback
 .text.dialog_wifi_demo
                0x0000132c      0x188 ./src/dialog_wifi_demo.o
                0x0000132c                dialog_wifi_demo
 .text.sw1_callback
                0x000014b4       0x40 ./src/dialog_wifi_demo.o
                0x000014b4                sw1_callback
 .text.hal_entry
                0x000014f4       0x70 ./src/hal_entry.o
                0x000014f4                hal_entry
 .text.R_BSP_WarmStart
                0x00001564       0x30 ./src/hal_entry.o
                0x00001564                R_BSP_WarmStart
 .text.hs3001_init
                0x00001594       0x14 ./src/hs3001.o
                0x00001594                hs3001_init
 .text.hs3001_read
                0x000015a8       0x9c ./src/hs3001.o
                0x000015a8                hs3001_read
 .text.sci_i2c_master_callback
                0x00001644        0x4 ./src/hs3001.o
                0x00001644                sci_i2c_master_callback
 .text.http_ippt_get.constprop.0
                0x00001648       0x54 ./src/http_server.o
 .text.http_server_receive
                0x0000169c      0x140 ./src/http_server.o
                0x0000169c                http_server_receive
 .text.http_server_send
                0x000017dc       0x54 ./src/http_server.o
                0x000017dc                http_server_send
 .text.http_update
                0x00001830       0xa0 ./src/http_server.o
                0x00001830                http_update
 .text.startup.main
                0x000018d0        0xc ./ra_gen/main.o
                0x000018d0                main
 .text.R_SCI_UART_Read
                0x000018dc        0x8 ./ra/fsp/src/r_sci_uart/r_sci_uart.o
                0x000018dc                R_SCI_UART_Read
 .text.R_SCI_UART_Write
                0x000018e4       0x40 ./ra/fsp/src/r_sci_uart/r_sci_uart.o
                0x000018e4                R_SCI_UART_Write
 .text.R_SCI_UART_CallbackSet
                0x00001924        0xc ./ra/fsp/src/r_sci_uart/r_sci_uart.o
                0x00001924                R_SCI_UART_CallbackSet
 .text.R_SCI_UART_BaudSet
                0x00001930       0x40 ./ra/fsp/src/r_sci_uart/r_sci_uart.o
                0x00001930                R_SCI_UART_BaudSet
 .text.R_SCI_UART_InfoGet
                0x00001970        0xc ./ra/fsp/src/r_sci_uart/r_sci_uart.o
                0x00001970                R_SCI_UART_InfoGet
 .text.R_SCI_UART_Abort
                0x0000197c       0x28 ./ra/fsp/src/r_sci_uart/r_sci_uart.o
                0x0000197c                R_SCI_UART_Abort
 .text.R_SCI_UART_ReadStop
                0x000019a4        0xc ./ra/fsp/src/r_sci_uart/r_sci_uart.o
                0x000019a4                R_SCI_UART_ReadStop
 .text.r_sci_uart_call_callback
                0x000019b0       0x50 ./ra/fsp/src/r_sci_uart/r_sci_uart.o
 .text.R_SCI_UART_Close
                0x00001a00       0x60 ./ra/fsp/src/r_sci_uart/r_sci_uart.o
                0x00001a00                R_SCI_UART_Close
 .text.r_sci_irq_cfg
                0x00001a60       0x20 ./ra/fsp/src/r_sci_uart/r_sci_uart.o
 .text.R_SCI_UART_Open
                0x00001a80      0x1a4 ./ra/fsp/src/r_sci_uart/r_sci_uart.o
                0x00001a80                R_SCI_UART_Open
 .text.sci_uart_txi_isr
                0x00001c24       0x80 ./ra/fsp/src/r_sci_uart/r_sci_uart.o
                0x00001c24                sci_uart_txi_isr
 .text.sci_uart_rxi_isr
                0x00001ca4       0x8c ./ra/fsp/src/r_sci_uart/r_sci_uart.o
                0x00001ca4                sci_uart_rxi_isr
 .text.sci_uart_tei_isr
                0x00001d30       0x34 ./ra/fsp/src/r_sci_uart/r_sci_uart.o
                0x00001d30                sci_uart_tei_isr
 .text.sci_uart_eri_isr
                0x00001d64       0x60 ./ra/fsp/src/r_sci_uart/r_sci_uart.o
                0x00001d64                sci_uart_eri_isr
 .text.R_SCI_I2C_Abort
                0x00001dc4       0x24 ./ra/fsp/src/r_sci_i2c/r_sci_i2c.o
                0x00001dc4                R_SCI_I2C_Abort
 .text.R_SCI_I2C_SlaveAddressSet
                0x00001de8        0x8 ./ra/fsp/src/r_sci_i2c/r_sci_i2c.o
                0x00001de8                R_SCI_I2C_SlaveAddressSet
 .text.R_SCI_I2C_CallbackSet
                0x00001df0        0xc ./ra/fsp/src/r_sci_i2c/r_sci_i2c.o
                0x00001df0                R_SCI_I2C_CallbackSet
 .text.R_SCI_I2C_StatusGet
                0x00001dfc       0x18 ./ra/fsp/src/r_sci_i2c/r_sci_i2c.o
                0x00001dfc                R_SCI_I2C_StatusGet
 .text.R_SCI_I2C_Close
                0x00001e14       0x54 ./ra/fsp/src/r_sci_i2c/r_sci_i2c.o
                0x00001e14                R_SCI_I2C_Close
 .text.sci_i2c_run_hw_master
                0x00001e68       0x60 ./ra/fsp/src/r_sci_i2c/r_sci_i2c.o
 .text.R_SCI_I2C_Read
                0x00001ec8       0x34 ./ra/fsp/src/r_sci_i2c/r_sci_i2c.o
                0x00001ec8                R_SCI_I2C_Read
 .text.R_SCI_I2C_Write
                0x00001efc       0x30 ./ra/fsp/src/r_sci_i2c/r_sci_i2c.o
                0x00001efc                R_SCI_I2C_Write
 .text.R_SCI_I2C_Open
                0x00001f2c       0xd4 ./ra/fsp/src/r_sci_i2c/r_sci_i2c.o
                0x00001f2c                R_SCI_I2C_Open
 .text.sci_i2c_notify
                0x00002000       0x30 ./ra/fsp/src/r_sci_i2c/r_sci_i2c.o
                0x00002000                sci_i2c_notify
 .text.sci_i2c_txi_isr
                0x00002030      0x114 ./ra/fsp/src/r_sci_i2c/r_sci_i2c.o
                0x00002030                sci_i2c_txi_isr
 .text.sci_i2c_tei_isr
                0x00002144       0xb4 ./ra/fsp/src/r_sci_i2c/r_sci_i2c.o
                0x00002144                sci_i2c_tei_isr
 .text.R_IOPORT_Close
                0x000021f8        0x8 ./ra/fsp/src/r_ioport/r_ioport.o
                0x000021f8                R_IOPORT_Close
 .text.R_IOPORT_PinRead
                0x00002200       0x24 ./ra/fsp/src/r_ioport/r_ioport.o
                0x00002200                R_IOPORT_PinRead
 .text.R_IOPORT_PortRead
                0x00002224       0x18 ./ra/fsp/src/r_ioport/r_ioport.o
                0x00002224                R_IOPORT_PortRead
 .text.R_IOPORT_PortWrite
                0x0000223c       0x20 ./ra/fsp/src/r_ioport/r_ioport.o
                0x0000223c                R_IOPORT_PortWrite
 .text.R_IOPORT_PinWrite
                0x0000225c       0x28 ./ra/fsp/src/r_ioport/r_ioport.o
                0x0000225c                R_IOPORT_PinWrite
 .text.R_IOPORT_PortDirectionSet
                0x00002284       0x24 ./ra/fsp/src/r_ioport/r_ioport.o
                0x00002284                R_IOPORT_PortDirectionSet
 .text.R_IOPORT_PortEventInputRead
                0x000022a8       0x18 ./ra/fsp/src/r_ioport/r_ioport.o
                0x000022a8                R_IOPORT_PortEventInputRead
 .text.R_IOPORT_PinEventInputRead
                0x000022c0       0x2c ./ra/fsp/src/r_ioport/r_ioport.o
                0x000022c0                R_IOPORT_PinEventInputRead
 .text.R_IOPORT_PortEventOutputWrite
                0x000022ec       0x20 ./ra/fsp/src/r_ioport/r_ioport.o
                0x000022ec                R_IOPORT_PortEventOutputWrite
 .text.R_IOPORT_PinEventOutputWrite
                0x0000230c       0x30 ./ra/fsp/src/r_ioport/r_ioport.o
                0x0000230c                R_IOPORT_PinEventOutputWrite
 .text.bsp_vbatt_init.isra.0
                0x0000233c       0xc0 ./ra/fsp/src/r_ioport/r_ioport.o
 .text.r_ioport_pins_config
                0x000023fc      0x104 ./ra/fsp/src/r_ioport/r_ioport.o
 .text.R_IOPORT_Open
                0x00002500       0x18 ./ra/fsp/src/r_ioport/r_ioport.o
                0x00002500                R_IOPORT_Open
 .text.R_IOPORT_PinsCfg
                0x00002518        0xc ./ra/fsp/src/r_ioport/r_ioport.o
                0x00002518                R_IOPORT_PinsCfg
 .text.R_IOPORT_PinCfg
                0x00002524       0xb0 ./ra/fsp/src/r_ioport/r_ioport.o
                0x00002524                R_IOPORT_PinCfg
 .text.R_ICU_ExternalIrqCallbackSet
                0x000025d4        0x8 ./ra/fsp/src/r_icu/r_icu.o
                0x000025d4                R_ICU_ExternalIrqCallbackSet
 .text.R_ICU_ExternalIrqOpen
                0x000025dc       0x80 ./ra/fsp/src/r_icu/r_icu.o
                0x000025dc                R_ICU_ExternalIrqOpen
 .text.R_ICU_ExternalIrqEnable
                0x0000265c       0x10 ./ra/fsp/src/r_icu/r_icu.o
                0x0000265c                R_ICU_ExternalIrqEnable
 .text.R_ICU_ExternalIrqDisable
                0x0000266c       0x10 ./ra/fsp/src/r_icu/r_icu.o
                0x0000266c                R_ICU_ExternalIrqDisable
 .text.R_ICU_ExternalIrqClose
                0x0000267c       0x2c ./ra/fsp/src/r_icu/r_icu.o
                0x0000267c                R_ICU_ExternalIrqClose
 .text.r_icu_isr
                0x000026a8       0x60 ./ra/fsp/src/r_icu/r_icu.o
                0x000026a8                r_icu_isr
 .text.R_AGT_Start
                0x00002708       0x58 ./ra/fsp/src/r_agt/r_agt.o
                0x00002708                R_AGT_Start
 .text.R_AGT_Stop
                0x00002760       0x28 ./ra/fsp/src/r_agt/r_agt.o
                0x00002760                R_AGT_Stop
 .text.R_AGT_Reset
                0x00002788       0x30 ./ra/fsp/src/r_agt/r_agt.o
                0x00002788                R_AGT_Reset
 .text.R_AGT_Enable
                0x000027b8       0x24 ./ra/fsp/src/r_agt/r_agt.o
                0x000027b8                R_AGT_Enable
 .text.R_AGT_Disable
                0x000027dc       0x18 ./ra/fsp/src/r_agt/r_agt.o
                0x000027dc                R_AGT_Disable
 .text.R_AGT_PeriodSet
                0x000027f4       0x58 ./ra/fsp/src/r_agt/r_agt.o
                0x000027f4                R_AGT_PeriodSet
 .text.R_AGT_DutyCycleSet
                0x0000284c        0x4 ./ra/fsp/src/r_agt/r_agt.o
                0x0000284c                R_AGT_DutyCycleSet
 .text.R_AGT_CompareMatchSet
                0x00002850        0x4 ./ra/fsp/src/r_agt/r_agt.o
                0x00002850                R_AGT_CompareMatchSet
 .text.R_AGT_StatusGet
                0x00002854       0x38 ./ra/fsp/src/r_agt/r_agt.o
                0x00002854                R_AGT_StatusGet
 .text.R_AGT_CallbackSet
                0x0000288c        0xc ./ra/fsp/src/r_agt/r_agt.o
                0x0000288c                R_AGT_CallbackSet
 .text.R_AGT_Close
                0x00002898       0x74 ./ra/fsp/src/r_agt/r_agt.o
                0x00002898                R_AGT_Close
 .text.r_agt_clock_frequency_get
                0x0000290c       0x50 ./ra/fsp/src/r_agt/r_agt.o
 .text.R_AGT_InfoGet
                0x0000295c       0x94 ./ra/fsp/src/r_agt/r_agt.o
                0x0000295c                R_AGT_InfoGet
 .text.R_AGT_Open
                0x000029f0      0x184 ./ra/fsp/src/r_agt/r_agt.o
                0x000029f0                R_AGT_Open
 .text.agt_int_isr
                0x00002b74       0xb0 ./ra/fsp/src/r_agt/r_agt.o
                0x00002b74                agt_int_isr
 .text.bsp_prv_operating_mode_opccr_set
                0x00002c24       0x44 ./ra/fsp/src/bsp/mcu/all/bsp_clocks.o
 .text.SystemCoreClockUpdate
                0x00002c68       0x2c ./ra/fsp/src/bsp/mcu/all/bsp_clocks.o
                0x00002c68                SystemCoreClockUpdate
 .text.R_BSP_SubClockStabilizeWaitAfterReset
                0x00002c94        0x4 ./ra/fsp/src/bsp/mcu/all/bsp_clocks.o
                0x00002c94                R_BSP_SubClockStabilizeWaitAfterReset
 .text.bsp_prv_sosc_init
                0x00002c98       0x70 ./ra/fsp/src/bsp/mcu/all/bsp_clocks.o
 .text.bsp_clock_init
                0x00002d08       0xc8 ./ra/fsp/src/bsp/mcu/all/bsp_clocks.o
                0x00002d08                bsp_clock_init
 .text.R_BSP_Init_RTC
                0x00002dd0      0x110 ./ra/fsp/src/bsp/mcu/all/bsp_clocks.o
                0x00002dd0                R_BSP_Init_RTC
 .text.R_FSP_VersionGet
                0x00002ee0        0xc ./ra/fsp/src/bsp/mcu/all/bsp_common.o
                0x00002ee0                R_FSP_VersionGet
 .text.bsp_prv_software_delay_loop
                0x00002eec        0x8 ./ra/fsp/src/bsp/mcu/all/bsp_delay.o
                0x00002eec                bsp_prv_software_delay_loop
 .text.R_BSP_SoftwareDelay
                0x00002ef4       0x5c ./ra/fsp/src/bsp/mcu/all/bsp_delay.o
                0x00002ef4                R_BSP_SoftwareDelay
 .text.NMI_Handler
                0x00002f50       0x50 ./ra/fsp/src/bsp/mcu/all/bsp_group_irq.o
                0x00002f50                NMI_Handler
 .text.R_BSP_IrqStatusClear
                0x00002fa0       0x1c ./ra/fsp/src/bsp/mcu/all/bsp_irq.o
                0x00002fa0                R_BSP_IrqStatusClear
 .text.R_BSP_IrqCfg
                0x00002fbc       0x4c ./ra/fsp/src/bsp/mcu/all/bsp_irq.o
                0x00002fbc                R_BSP_IrqCfg
 .text.R_BSP_IrqEnable
                0x00003008       0x44 ./ra/fsp/src/bsp/mcu/all/bsp_irq.o
                0x00003008                R_BSP_IrqEnable
 .text.R_BSP_IrqDisable
                0x0000304c       0x24 ./ra/fsp/src/bsp/mcu/all/bsp_irq.o
                0x0000304c                R_BSP_IrqDisable
 .text.R_BSP_IrqCfgEnable
                0x00003070       0x8c ./ra/fsp/src/bsp/mcu/all/bsp_irq.o
                0x00003070                R_BSP_IrqCfgEnable
 .text.bsp_irq_cfg
                0x000030fc       0x28 ./ra/fsp/src/bsp/mcu/all/bsp_irq.o
                0x000030fc                bsp_irq_cfg
 .text.R_BSP_RegisterProtectEnable
                0x00003124       0x54 ./ra/fsp/src/bsp/mcu/all/bsp_register_protection.o
                0x00003124                R_BSP_RegisterProtectEnable
 .text.R_BSP_RegisterProtectDisable
                0x00003178       0x4c ./ra/fsp/src/bsp/mcu/all/bsp_register_protection.o
                0x00003178                R_BSP_RegisterProtectDisable
 .text._sbrk    0x000031c4       0x44 ./ra/fsp/src/bsp/mcu/all/bsp_sbrk.o
                0x000031c4                _sbrk
 .text.Default_Handler
                0x00003208        0x4 ./ra/fsp/src/bsp/cmsis/Device/RENESAS/Source/startup.o
                0x00003208                DebugMon_Handler
                0x00003208                HardFault_Handler
                0x00003208                SysTick_Handler
                0x00003208                PendSV_Handler
                0x00003208                UsageFault_Handler
                0x00003208                SecureFault_Handler
                0x00003208                Default_Handler
                0x00003208                MemManage_Handler
                0x00003208                SVC_Handler
                0x00003208                BusFault_Handler
 .text.Reset_Handler
                0x0000320c        0xc ./ra/fsp/src/bsp/cmsis/Device/RENESAS/Source/startup.o
                0x0000320c                Reset_Handler
 .text.SystemInit
                0x00003218      0x144 ./ra/fsp/src/bsp/cmsis/Device/RENESAS/Source/system.o
                0x00003218                SystemInit
 .text.bsp_init
                0x0000335c        0x4 ./ra/board/ra2a2_ek/board_init.o
                0x0000335c                bsp_init
 .text          0x00003360       0x5c c:/program files (x86)/gnu tools arm embedded/9 2019-q4-major/bin/../lib/gcc/arm-none-eabi/9.2.1/thumb/v8-m.base/nofp\libgcc.a(_muldi3.o)
                0x00003360                __muldi3
                0x00003360                __aeabi_lmul
 .text          0x000033bc       0x30 c:/program files (x86)/gnu tools arm embedded/9 2019-q4-major/bin/../lib/gcc/arm-none-eabi/9.2.1/thumb/v8-m.base/nofp\libgcc.a(_fixunssfsi.o)
                0x000033bc                __fixunssfsi
                0x000033bc                __aeabi_f2uiz
 .text          0x000033ec      0x218 c:/program files (x86)/gnu tools arm embedded/9 2019-q4-major/bin/../lib/gcc/arm-none-eabi/9.2.1/thumb/v8-m.base/nofp\libgcc.a(divsf3.o)
                0x000033ec                __aeabi_fdiv
 .text          0x00003604      0x240 c:/program files (x86)/gnu tools arm embedded/9 2019-q4-major/bin/../lib/gcc/arm-none-eabi/9.2.1/thumb/v8-m.base/nofp\libgcc.a(mulsf3.o)
                0x00003604                __aeabi_fmul
 .text          0x00003844      0x394 c:/program files (x86)/gnu tools arm embedded/9 2019-q4-major/bin/../lib/gcc/arm-none-eabi/9.2.1/thumb/v8-m.base/nofp\libgcc.a(subsf3.o)
                0x00003844                __aeabi_fsub
 .text          0x00003bd8       0x40 c:/program files (x86)/gnu tools arm embedded/9 2019-q4-major/bin/../lib/gcc/arm-none-eabi/9.2.1/thumb/v8-m.base/nofp\libgcc.a(fixsfsi.o)
                0x00003bd8                __aeabi_f2iz
 .text          0x00003c18       0x78 c:/program files (x86)/gnu tools arm embedded/9 2019-q4-major/bin/../lib/gcc/arm-none-eabi/9.2.1/thumb/v8-m.base/nofp\libgcc.a(floatunsisf.o)
                0x00003c18                __aeabi_ui2f
 .text          0x00003c90       0x74 c:/program files (x86)/gnu tools arm embedded/9 2019-q4-major/bin/../lib/gcc/arm-none-eabi/9.2.1/thumb/v8-m.base/nofp\libgcc.a(_arm_cmpsf2.o)
                0x00003c90                __aeabi_cfrcmple
                0x00003c98                __aeabi_cfcmpeq
                0x00003c98                __aeabi_cfcmple
                0x00003ca8                __aeabi_fcmpeq
                0x00003cb4                __aeabi_fcmplt
                0x00003cc8                __aeabi_fcmple
                0x00003cdc                __aeabi_fcmpgt
                0x00003cf0                __aeabi_fcmpge
 .text          0x00003d04       0x3c c:/program files (x86)/gnu tools arm embedded/9 2019-q4-major/bin/../lib/gcc/arm-none-eabi/9.2.1/thumb/v8-m.base/nofp\libgcc.a(_clzsi2.o)
                0x00003d04                __clzsi2
 .text          0x00003d40       0x50 c:/program files (x86)/gnu tools arm embedded/9 2019-q4-major/bin/../lib/gcc/arm-none-eabi/9.2.1/thumb/v8-m.base/nofp\libgcc.a(eqsf2.o)
                0x00003d40                __eqsf2
                0x00003d40                __nesf2
 .text          0x00003d90       0x8c c:/program files (x86)/gnu tools arm embedded/9 2019-q4-major/bin/../lib/gcc/arm-none-eabi/9.2.1/thumb/v8-m.base/nofp\libgcc.a(gesf2.o)
                0x00003d90                __gesf2
                0x00003d90                __gtsf2
 .text          0x00003e1c       0x84 c:/program files (x86)/gnu tools arm embedded/9 2019-q4-major/bin/../lib/gcc/arm-none-eabi/9.2.1/thumb/v8-m.base/nofp\libgcc.a(lesf2.o)
                0x00003e1c                __ltsf2
                0x00003e1c                __lesf2
 .text.__errno  0x00003ea0        0xc c:/program files (x86)/gnu tools arm embedded/9 2019-q4-major/bin/../lib/gcc/arm-none-eabi/9.2.1/../../../../arm-none-eabi/lib/thumb/v8-m.base/nofp\libg_nano.a(lib_a-errno.o)
                0x00003ea0                __errno
 .text.memcpy   0x00003eac       0x12 c:/program files (x86)/gnu tools arm embedded/9 2019-q4-major/bin/../lib/gcc/arm-none-eabi/9.2.1/../../../../arm-none-eabi/lib/thumb/v8-m.base/nofp\libg_nano.a(lib_a-memcpy-stub.o)
                0x00003eac                memcpy
 .text.memset   0x00003ebe       0x10 c:/program files (x86)/gnu tools arm embedded/9 2019-q4-major/bin/../lib/gcc/arm-none-eabi/9.2.1/../../../../arm-none-eabi/lib/thumb/v8-m.base/nofp\libg_nano.a(lib_a-memset.o)
                0x00003ebe                memset
 *fill*         0x00003ece        0x2 ff
 .text.sprintf  0x00003ed0       0x40 c:/program files (x86)/gnu tools arm embedded/9 2019-q4-major/bin/../lib/gcc/arm-none-eabi/9.2.1/../../../../arm-none-eabi/lib/thumb/v8-m.base/nofp\libg_nano.a(lib_a-sprintf.o)
                0x00003ed0                siprintf
                0x00003ed0                sprintf
 .text.strcat   0x00003f10       0x1a c:/program files (x86)/gnu tools arm embedded/9 2019-q4-major/bin/../lib/gcc/arm-none-eabi/9.2.1/../../../../arm-none-eabi/lib/thumb/v8-m.base/nofp\libg_nano.a(lib_a-strcat.o)
                0x00003f10                strcat
 .text.strcpy   0x00003f2a       0x10 c:/program files (x86)/gnu tools arm embedded/9 2019-q4-major/bin/../lib/gcc/arm-none-eabi/9.2.1/../../../../arm-none-eabi/lib/thumb/v8-m.base/nofp\libg_nano.a(lib_a-strcpy.o)
                0x00003f2a                strcpy
 .text          0x00003f3a        0xe c:/program files (x86)/gnu tools arm embedded/9 2019-q4-major/bin/../lib/gcc/arm-none-eabi/9.2.1/../../../../arm-none-eabi/lib/thumb/v8-m.base/nofp\libg_nano.a(lib_a-strlen.o)
                0x00003f3a                strlen
 .text.strstr   0x00003f48       0x2a c:/program files (x86)/gnu tools arm embedded/9 2019-q4-major/bin/../lib/gcc/arm-none-eabi/9.2.1/../../../../arm-none-eabi/lib/thumb/v8-m.base/nofp\libg_nano.a(lib_a-strstr.o)
                0x00003f48                strstr
 *fill*         0x00003f72        0x2 ff
 .text.__ssputs_r
                0x00003f74       0xc4 c:/program files (x86)/gnu tools arm embedded/9 2019-q4-major/bin/../lib/gcc/arm-none-eabi/9.2.1/../../../../arm-none-eabi/lib/thumb/v8-m.base/nofp\libg_nano.a(lib_a-nano-svfprintf.o)
                0x00003f74                __ssputs_r
 .text._svfprintf_r
                0x00004038      0x1fc c:/program files (x86)/gnu tools arm embedded/9 2019-q4-major/bin/../lib/gcc/arm-none-eabi/9.2.1/../../../../arm-none-eabi/lib/thumb/v8-m.base/nofp\libg_nano.a(lib_a-nano-svfprintf.o)
                0x00004038                _svfiprintf_r
                0x00004038                _svfprintf_r
 .text._printf_common
                0x00004234       0xdc c:/program files (x86)/gnu tools arm embedded/9 2019-q4-major/bin/../lib/gcc/arm-none-eabi/9.2.1/../../../../arm-none-eabi/lib/thumb/v8-m.base/nofp\libg_nano.a(lib_a-nano-vfprintf_i.o)
                0x00004234                _printf_common
 .text._printf_i
                0x00004310      0x218 c:/program files (x86)/gnu tools arm embedded/9 2019-q4-major/bin/../lib/gcc/arm-none-eabi/9.2.1/../../../../arm-none-eabi/lib/thumb/v8-m.base/nofp\libg_nano.a(lib_a-nano-vfprintf_i.o)
                0x00004310                _printf_i
 .text.memchr   0x00004528       0x16 c:/program files (x86)/gnu tools arm embedded/9 2019-q4-major/bin/../lib/gcc/arm-none-eabi/9.2.1/../../../../arm-none-eabi/lib/thumb/v8-m.base/nofp\libg_nano.a(lib_a-memchr-stub.o)
                0x00004528                memchr
 .text.memmove  0x0000453e       0x26 c:/program files (x86)/gnu tools arm embedded/9 2019-q4-major/bin/../lib/gcc/arm-none-eabi/9.2.1/../../../../arm-none-eabi/lib/thumb/v8-m.base/nofp\libg_nano.a(lib_a-memmove.o)
                0x0000453e                memmove
 .text._free_r  0x00004564       0x94 c:/program files (x86)/gnu tools arm embedded/9 2019-q4-major/bin/../lib/gcc/arm-none-eabi/9.2.1/../../../../arm-none-eabi/lib/thumb/v8-m.base/nofp\libg_nano.a(lib_a-nano-freer.o)
                0x00004564                _free_r
 .text._malloc_r
                0x000045f8       0xb8 c:/program files (x86)/gnu tools arm embedded/9 2019-q4-major/bin/../lib/gcc/arm-none-eabi/9.2.1/../../../../arm-none-eabi/lib/thumb/v8-m.base/nofp\libg_nano.a(lib_a-nano-mallocr.o)
                0x000045f8                _malloc_r
 .text._realloc_r
                0x000046b0       0x4a c:/program files (x86)/gnu tools arm embedded/9 2019-q4-major/bin/../lib/gcc/arm-none-eabi/9.2.1/../../../../arm-none-eabi/lib/thumb/v8-m.base/nofp\libg_nano.a(lib_a-nano-reallocr.o)
                0x000046b0                _realloc_r
 *fill*         0x000046fa        0x2 ff
 .text._sbrk_r  0x000046fc       0x20 c:/program files (x86)/gnu tools arm embedded/9 2019-q4-major/bin/../lib/gcc/arm-none-eabi/9.2.1/../../../../arm-none-eabi/lib/thumb/v8-m.base/nofp\libg_nano.a(lib_a-sbrkr.o)
                0x000046fc                _sbrk_r
 .text.__malloc_lock
                0x0000471c       0x10 c:/program files (x86)/gnu tools arm embedded/9 2019-q4-major/bin/../lib/gcc/arm-none-eabi/9.2.1/../../../../arm-none-eabi/lib/thumb/v8-m.base/nofp\libg_nano.a(lib_a-mlock.o)
                0x0000471c                __malloc_lock
 .text.__malloc_unlock
                0x0000472c       0x10 c:/program files (x86)/gnu tools arm embedded/9 2019-q4-major/bin/../lib/gcc/arm-none-eabi/9.2.1/../../../../arm-none-eabi/lib/thumb/v8-m.base/nofp\libg_nano.a(lib_a-mlock.o)
                0x0000472c                __malloc_unlock
 .text._malloc_usable_size_r
                0x0000473c       0x10 c:/program files (x86)/gnu tools arm embedded/9 2019-q4-major/bin/../lib/gcc/arm-none-eabi/9.2.1/../../../../arm-none-eabi/lib/thumb/v8-m.base/nofp\libg_nano.a(lib_a-nano-msizer.o)
                0x0000473c                _malloc_usable_size_r
 .text.__retarget_lock_acquire_recursive
                0x0000474c        0x2 c:/program files (x86)/gnu tools arm embedded/9 2019-q4-major/bin/../lib/gcc/arm-none-eabi/9.2.1/../../../../arm-none-eabi/lib/thumb/v8-m.base/nofp\libg_nano.a(lib_a-lock.o)
                0x0000474c                __retarget_lock_acquire_recursive
 .text.__retarget_lock_release_recursive
                0x0000474e        0x2 c:/program files (x86)/gnu tools arm embedded/9 2019-q4-major/bin/../lib/gcc/arm-none-eabi/9.2.1/../../../../arm-none-eabi/lib/thumb/v8-m.base/nofp\libg_nano.a(lib_a-lock.o)
                0x0000474e                __retarget_lock_release_recursive
 .text          0x00004750       0x14 c:/program files (x86)/gnu tools arm embedded/9 2019-q4-major/bin/../lib/gcc/arm-none-eabi/9.2.1/thumb/v8-m.base/nofp\libgcc.a(_thumb1_case_shi.o)
                0x00004750                __gnu_thumb1_case_shi
 *(.version)
 .version       0x00004764       0x50 ./ra/fsp/src/bsp/mcu/all/bsp_common.o
 *(.init)
 .init          0x000047b4        0x4 c:/program files (x86)/gnu tools arm embedded/9 2019-q4-major/bin/../lib/gcc/arm-none-eabi/9.2.1/thumb/v8-m.base/nofp/crti.o
                0x000047b4                _init
 .init          0x000047b8        0x8 c:/program files (x86)/gnu tools arm embedded/9 2019-q4-major/bin/../lib/gcc/arm-none-eabi/9.2.1/thumb/v8-m.base/nofp/crtn.o
 *(.fini)
 .fini          0x000047c0        0x4 c:/program files (x86)/gnu tools arm embedded/9 2019-q4-major/bin/../lib/gcc/arm-none-eabi/9.2.1/thumb/v8-m.base/nofp/crti.o
                0x000047c0                _fini
 .fini          0x000047c4        0x8 c:/program files (x86)/gnu tools arm embedded/9 2019-q4-major/bin/../lib/gcc/arm-none-eabi/9.2.1/thumb/v8-m.base/nofp/crtn.o
 *crtbegin.o(.ctors)
 *crtbegin?.o(.ctors)
 *(EXCLUDE_FILE(*crtend.o *crtend?.o) .ctors)
 *(SORT_BY_NAME(.ctors.*))
 *(.ctors)
 *crtbegin.o(.dtors)
 *crtbegin?.o(.dtors)
 *(EXCLUDE_FILE(*crtend.o *crtend?.o) .dtors)
 *(SORT_BY_NAME(.dtors.*))
 *(.dtors)
 *(.rodata*)
 .rodata._DoInit.str1.4
                0x000047cc       0x17 ./src/SEGGER_RTT/SEGGER_RTT.o
 *fill*         0x000047e3        0x1 ff
 .rodata.SEGGER_RTT_vprintf
                0x000047e4       0x84 ./src/SEGGER_RTT/SEGGER_RTT_printf.o
 .rodata._aV2C.4628
                0x00004868       0x10 ./src/SEGGER_RTT/SEGGER_RTT_printf.o
 .rodata.str1.4
                0x00004878      0x100 ./src/da16200_AT.o
 .rodata.dialog_wifi_demo.str1.4
                0x00004978      0x175 ./src/dialog_wifi_demo.o
 *fill*         0x00004aed        0x3 ff
 .rodata.dialog_wifi_demo
                0x00004af0       0x1c ./src/dialog_wifi_demo.o
 .rodata.hal_entry.str1.4
                0x00004b0c      0x17b ./src/hal_entry.o
 *fill*         0x00004c87        0x1 ff
 .rodata.http_ippt_get.constprop.0.str1.4
                0x00004c88        0xa ./src/http_server.o
 *fill*         0x00004c92        0x2 ff
 .rodata.http_server_receive.str1.4
                0x00004c94       0x38 ./src/http_server.o
 .rodata.http_server_send.str1.4
                0x00004ccc        0x7 ./src/http_server.o
 *fill*         0x00004cd3        0x1 ff
 .rodata.http_update.str1.4
                0x00004cd4       0x3f ./src/http_server.o
 *fill*         0x00004d13        0x1 ff
 .rodata.g_external_sw1
                0x00004d14        0xc ./ra_gen/common_data.o
                0x00004d14                g_external_sw1
 .rodata.g_external_sw1_cfg
                0x00004d20       0x14 ./ra_gen/common_data.o
                0x00004d20                g_external_sw1_cfg
 .rodata.g_ioport
                0x00004d34        0xc ./ra_gen/common_data.o
                0x00004d34                g_ioport
 .rodata.g_i2c_hs3001
                0x00004d40        0xc ./ra_gen/hal_data.o
                0x00004d40                g_i2c_hs3001
 .rodata.g_i2c_hs3001_cfg
                0x00004d4c       0x28 ./ra_gen/hal_data.o
                0x00004d4c                g_i2c_hs3001_cfg
 .rodata.g_i2c_hs3001_cfg_extend
                0x00004d74        0x6 ./ra_gen/hal_data.o
                0x00004d74                g_i2c_hs3001_cfg_extend
 *fill*         0x00004d7a        0x2 ff
 .rodata.g_timer
                0x00004d7c        0xc ./ra_gen/hal_data.o
                0x00004d7c                g_timer
 .rodata.g_timer_cfg
                0x00004d88       0x20 ./ra_gen/hal_data.o
                0x00004d88                g_timer_cfg
 .rodata.g_timer_extend
                0x00004da8        0x8 ./ra_gen/hal_data.o
                0x00004da8                g_timer_extend
 .rodata.g_wifi_uart
                0x00004db0        0xc ./ra_gen/hal_data.o
                0x00004db0                g_wifi_uart
 .rodata.g_wifi_uart_cfg
                0x00004dbc       0x20 ./ra_gen/hal_data.o
                0x00004dbc                g_wifi_uart_cfg
 .rodata.g_wifi_uart_cfg_extend
                0x00004ddc       0x14 ./ra_gen/hal_data.o
                0x00004ddc                g_wifi_uart_cfg_extend
 .rodata.g_bsp_pin_cfg
                0x00004df0        0xc ./ra_gen/pin_data.o
                0x00004df0                g_bsp_pin_cfg
 .rodata.g_bsp_pin_cfg_data
                0x00004dfc       0x50 ./ra_gen/pin_data.o
                0x00004dfc                g_bsp_pin_cfg_data
 .rodata.g_interrupt_event_link_select
                0x00004e4c       0x44 ./ra_gen/vector_data.o
                0x00004e4c                g_interrupt_event_link_select
 .rodata.g_uart_on_sci
                0x00004e90       0x24 ./ra/fsp/src/r_sci_uart/r_sci_uart.o
                0x00004e90                g_uart_on_sci
 .rodata.g_i2c_master_on_sci
                0x00004eb4       0x20 ./ra/fsp/src/r_sci_i2c/r_sci_i2c.o
                0x00004eb4                g_i2c_master_on_sci
 .rodata.g_ioport_on_ioport
                0x00004ed4       0x34 ./ra/fsp/src/r_ioport/r_ioport.o
                0x00004ed4                g_ioport_on_ioport
 .rodata.g_vbatt_pins_input
                0x00004f08        0x6 ./ra/fsp/src/r_ioport/r_ioport.o
 *fill*         0x00004f0e        0x2 ff
 .rodata.g_external_irq_on_icu
                0x00004f10       0x14 ./ra/fsp/src/r_icu/r_icu.o
                0x00004f10                g_external_irq_on_icu
 .rodata.g_timer_on_agt
                0x00004f24       0x34 ./ra/fsp/src/r_agt/r_agt.o
                0x00004f24                g_timer_on_agt
 .rodata.g_prcr_masks
                0x00004f58        0x8 ./ra/fsp/src/bsp/mcu/all/bsp_register_protection.o
 .rodata        0x00004f60       0x80 c:/program files (x86)/gnu tools arm embedded/9 2019-q4-major/bin/../lib/gcc/arm-none-eabi/9.2.1/thumb/v8-m.base/nofp\libgcc.a(divsf3.o)
 .rodata        0x00004fe0       0x40 c:/program files (x86)/gnu tools arm embedded/9 2019-q4-major/bin/../lib/gcc/arm-none-eabi/9.2.1/thumb/v8-m.base/nofp\libgcc.a(mulsf3.o)
 .rodata._svfprintf_r.str1.1
                0x00005020       0x11 c:/program files (x86)/gnu tools arm embedded/9 2019-q4-major/bin/../lib/gcc/arm-none-eabi/9.2.1/../../../../arm-none-eabi/lib/thumb/v8-m.base/nofp\libg_nano.a(lib_a-nano-svfprintf.o)
 .rodata._printf_i.str1.1
                0x00005031       0x22 c:/program files (x86)/gnu tools arm embedded/9 2019-q4-major/bin/../lib/gcc/arm-none-eabi/9.2.1/../../../../arm-none-eabi/lib/thumb/v8-m.base/nofp\libg_nano.a(lib_a-nano-vfprintf_i.o)
 *fill*         0x00005053        0x1 ff
 .rodata.__sf_fake_stderr
                0x00005054       0x20 c:/program files (x86)/gnu tools arm embedded/9 2019-q4-major/bin/../lib/gcc/arm-none-eabi/9.2.1/../../../../arm-none-eabi/lib/thumb/v8-m.base/nofp\libc_nano.a(lib_a-findfp.o)
                0x00005054                __sf_fake_stderr
 .rodata.__sf_fake_stdin
                0x00005074       0x20 c:/program files (x86)/gnu tools arm embedded/9 2019-q4-major/bin/../lib/gcc/arm-none-eabi/9.2.1/../../../../arm-none-eabi/lib/thumb/v8-m.base/nofp\libc_nano.a(lib_a-findfp.o)
                0x00005074                __sf_fake_stdin
 .rodata.__sf_fake_stdout
                0x00005094       0x20 c:/program files (x86)/gnu tools arm embedded/9 2019-q4-major/bin/../lib/gcc/arm-none-eabi/9.2.1/../../../../arm-none-eabi/lib/thumb/v8-m.base/nofp\libc_nano.a(lib_a-findfp.o)
                0x00005094                __sf_fake_stdout
                0x000050b4                __usb_dev_descriptor_start_fs = .
 *(.usb_device_desc_fs*)
                0x000050b4                __usb_cfg_descriptor_start_fs = .
 *(.usb_config_desc_fs*)
                0x000050b4                __usb_interface_descriptor_start_fs = .
 *(.usb_interface_desc_fs*)
                0x000050b4                __usb_descriptor_end_fs = .
                0x000050b4                __usb_dev_descriptor_start_hs = .
 *(.usb_device_desc_hs*)
                0x000050b4                __usb_cfg_descriptor_start_hs = .
 *(.usb_config_desc_hs*)
                0x000050b4                __usb_interface_descriptor_start_hs = .
 *(.usb_interface_desc_hs*)
                0x000050b4                __usb_descriptor_end_hs = .
 *(.eh_frame*)
 .eh_frame      0x000050b4        0x0 c:/program files (x86)/gnu tools arm embedded/9 2019-q4-major/bin/../lib/gcc/arm-none-eabi/9.2.1/thumb/v8-m.base/nofp/crtbegin.o
 .eh_frame      0x000050b4        0x4 c:/program files (x86)/gnu tools arm embedded/9 2019-q4-major/bin/../lib/gcc/arm-none-eabi/9.2.1/thumb/v8-m.base/nofp/crtend.o
                0x000050b8                __ROM_End = .
                0x00000150                __Vectors_Size = (__Vectors_End - __Vectors)

.glue_7         0x000050b8        0x0
 .glue_7        0x000050b8        0x0 linker stubs

.glue_7t        0x000050b8        0x0
 .glue_7t       0x000050b8        0x0 linker stubs

.vfp11_veneer   0x000050b8        0x0
 .vfp11_veneer  0x000050b8        0x0 linker stubs

.v4_bx          0x000050b8        0x0
 .v4_bx         0x000050b8        0x0 linker stubs

.iplt           0x000050b8        0x0
 .iplt          0x000050b8        0x0 c:/program files (x86)/gnu tools arm embedded/9 2019-q4-major/bin/../lib/gcc/arm-none-eabi/9.2.1/thumb/v8-m.base/nofp/crtbegin.o

.ARM.extab
 *(.ARM.extab* .gnu.linkonce.armextab.*)
                0x000050b8                __exidx_start = .

.ARM.exidx
 *(.ARM.exidx* .gnu.linkonce.armexidx.*)
                0x000050b8                __exidx_end = .
                0x000050b8                __etext = .
                0x20000000                __tz_RAM_S = ORIGIN (RAM)

.fsp_dtc_vector_table
                0x20000000        0x0
                0x20000000                . = ORIGIN (RAM)
 *(.fsp_dtc_vector_table)

.data           0x20000000      0x598 load address 0x000050b8
                0x20000000                __data_start__ = .
                0x20000000                . = ALIGN (0x4)
                0x20000000                __Code_In_RAM_Start = .
 *(.code_in_ram*)
                0x20000000                __Code_In_RAM_End = .
 *(vtable)
 *(.data.*)
 .data.g_da16200_cmd_set
                0x20000000       0xb0 ./src/da16200_AT.o
                0x20000000                g_da16200_cmd_set
 .data.my_get_contents_updated
                0x200000b0      0x477 ./src/http_server.o
 *fill*         0x20000527        0x1 
 .data.g_wifi_uart_baud_setting
                0x20000528        0x4 ./ra_gen/hal_data.o
                0x20000528                g_wifi_uart_baud_setting
 .data._impure_ptr
                0x2000052c        0x4 c:/program files (x86)/gnu tools arm embedded/9 2019-q4-major/bin/../lib/gcc/arm-none-eabi/9.2.1/../../../../arm-none-eabi/lib/thumb/v8-m.base/nofp\libg_nano.a(lib_a-impure.o)
                0x2000052c                _impure_ptr
 .data.impure_data
                0x20000530       0x60 c:/program files (x86)/gnu tools arm embedded/9 2019-q4-major/bin/../lib/gcc/arm-none-eabi/9.2.1/../../../../arm-none-eabi/lib/thumb/v8-m.base/nofp\libg_nano.a(lib_a-impure.o)
 *(.data)
                0x20000590                . = ALIGN (0x4)
                0x20000590                PROVIDE (__preinit_array_start = .)
 *(.preinit_array)
                0x20000590                PROVIDE (__preinit_array_end = .)
                0x20000590                . = ALIGN (0x4)
                0x20000590                PROVIDE (__init_array_start = .)
 *(SORT_BY_NAME(.init_array.*))
 *(.init_array)
 .init_array    0x20000590        0x4 c:/program files (x86)/gnu tools arm embedded/9 2019-q4-major/bin/../lib/gcc/arm-none-eabi/9.2.1/thumb/v8-m.base/nofp/crtbegin.o
                0x20000594                PROVIDE (__init_array_end = .)
                0x20000594                . = ALIGN (0x4)
                [!provide]                PROVIDE (__fini_array_start = .)
 *(SORT_BY_NAME(.fini_array.*))
 *(.fini_array)
 .fini_array    0x20000594        0x4 c:/program files (x86)/gnu tools arm embedded/9 2019-q4-major/bin/../lib/gcc/arm-none-eabi/9.2.1/thumb/v8-m.base/nofp/crtbegin.o
                [!provide]                PROVIDE (__fini_array_end = .)
 *(.jcr*)
                0x20000598                . = ALIGN (0x4)
                0x20000598                __data_end__ = .

.igot.plt       0x20000598        0x0 load address 0x00005650
 .igot.plt      0x20000598        0x0 c:/program files (x86)/gnu tools arm embedded/9 2019-q4-major/bin/../lib/gcc/arm-none-eabi/9.2.1/thumb/v8-m.base/nofp/crtbegin.o

.gnu.sgstubs    0x00005800        0x0
                0x00005800                . = (DEFINED (PROJECT_SECURE) && DEFINED (FLASH_NSC_START))?ABSOLUTE (FLASH_NSC_START):ALIGN (0x400)
                0x00005800                __tz_FLASH_C = DEFINED (FLASH_NSC_START)?ABSOLUTE (FLASH_NSC_START):__RESERVE_NS_RAM?ABSOLUTE ((FLASH_START + FLASH_LENGTH)):ALIGN (0x400)
                0x00005800                _start_sg = .
 *(.gnu.sgstubs*)
                0x00005800                . = ALIGN (0x20)
                0x00005800                _end_sg = .
                0x00008000                __tz_FLASH_N = DEFINED (FLASH_NS_START)?ABSOLUTE (FLASH_NS_START):__RESERVE_NS_RAM?ABSOLUTE ((FLASH_START + FLASH_LENGTH)):ALIGN (0x8000)
                0x00008000                FLASH_NS_IMAGE_START = DEFINED (FLASH_NS_IMAGE_START)?FLASH_NS_IMAGE_START:__tz_FLASH_N
                0x60000000                __tz_QSPI_FLASH_S = ORIGIN (QSPI_FLASH)

.qspi_flash     0x60000000        0x0
                0x60000000                __qspi_flash_start__ = .
 *(.qspi_flash*)
 *(.code_in_qspi*)
                0x60000000                __qspi_flash_end__ = .
                0x00000000                __qspi_flash_code_size__ = (__qspi_flash_end__ - __qspi_flash_start__)
                0x00005650                __qspi_flash_code_addr__ = (__etext + (__data_end__ - __data_start__))

.qspi_non_retentive
                0x60000000        0x0 load address 0x00005650
                0x60000000                __qspi_non_retentive_start__ = .
 *(.qspi_non_retentive*)
                0x60000000                __qspi_non_retentive_end__ = .
                0x00000000                __qspi_non_retentive_size__ = (__qspi_non_retentive_end__ - __qspi_non_retentive_start__)
                0x04000000                __qspi_region_max_size__ = 0x4000000
                0x60000000                __qspi_region_start_address__ = __qspi_flash_start__
                0x64000000                __qspi_region_end_address__ = (__qspi_flash_start__ + __qspi_region_max_size__)
                0x60000000                __tz_QSPI_FLASH_N = __qspi_non_retentive_end__
                0x80020000                __tz_OSPI_DEVICE_0_S = ORIGIN (OSPI_DEVICE_0)

.OSPI_DEVICE_0  0x80020000        0x0
                0x80020000                __ospi_device_0_start__ = .
 *(.ospi_device_0*)
 *(.code_in_ospi_device_0*)
                0x80020000                __ospi_device_0_end__ = .
                0x00000000                __ospi_device_0_code_size__ = (__ospi_device_0_end__ - __ospi_device_0_start__)
                0x00005650                __ospi_device_0_code_addr__ = (__etext + (__data_end__ - __data_start__))

.ospi_device_0_non_retentive
                0x80020000        0x0 load address 0x00005650
                0x80020000                __ospi_device_0_non_retentive_start__ = .
 *(.ospi_device_0_non_retentive*)
                0x80020000                __ospi_device_0_non_retentive_end__ = .
                0x00000000                __ospi_device_0_non_retentive_size__ = (__ospi_device_0_non_retentive_end__ - __ospi_device_0_non_retentive_start__)
                0x08000000                __ospi_device_0_region_max_size__ = 0x8000000
                0x80020000                __ospi_device_0_region_start_address__ = __ospi_device_0_start__
                0x88020000                __ospi_device_0_region_end_address__ = (__ospi_device_0_start__ + __ospi_device_0_region_max_size__)
                0x80020000                __tz_OSPI_DEVICE_0_N = __ospi_device_0_non_retentive_end__
                0x80030000                __tz_OSPI_DEVICE_1_S = ORIGIN (OSPI_DEVICE_1)

.OSPI_DEVICE_1  0x80030000        0x0
                0x80030000                __ospi_device_1_start__ = .
 *(.ospi_device_1*)
 *(.code_in_ospi_device_1*)
                0x80030000                __ospi_device_1_end__ = .
                0x00000000                __ospi_device_1_code_size__ = (__ospi_device_1_end__ - __ospi_device_1_start__)
                0x00005650                __ospi_device_1_code_addr__ = (__etext + (__data_end__ - __data_start__))

.ospi_device_1_non_retentive
                0x80030000        0x0 load address 0x00005650
                0x80030000                __ospi_device_1_non_retentive_start__ = .
 *(.ospi_device_1_non_retentive*)
                0x80030000                __ospi_device_1_non_retentive_end__ = .
                0x00000000                __ospi_device_1_non_retentive_size__ = (__ospi_device_1_non_retentive_end__ - __ospi_device_1_non_retentive_start__)
                0x10000000                __ospi_device_1_region_max_size__ = 0x10000000
                0x80030000                __ospi_device_1_region_start_address__ = __ospi_device_1_start__
                0x90030000                __ospi_device_1_region_end_address__ = (__ospi_device_1_start__ + __ospi_device_1_region_max_size__)
                0x80030000                __tz_OSPI_DEVICE_1_N = __ospi_device_1_non_retentive_end__

.noinit         0x20000598       0x18
                0x20000598                . = ALIGN (0x4)
                0x20000598                __noinit_start = .
 *(.noinit*)
 .noinit        0x20000598       0x18 ./ra/fsp/src/bsp/mcu/all/bsp_clocks.o
                0x200005b0                . = ALIGN (0x8)
 *(.heap.*)
                0x200005b0                __noinit_end = .

.bss            0x200005b0     0x2924
                0x200005b0                . = ALIGN (0x4)
                0x200005b0                __bss_start__ = .
 *(.bss*)
 .bss           0x200005b0       0x1c c:/program files (x86)/gnu tools arm embedded/9 2019-q4-major/bin/../lib/gcc/arm-none-eabi/9.2.1/thumb/v8-m.base/nofp/crtbegin.o
 .bss._acDownBuffer
                0x200005cc       0x10 ./src/SEGGER_RTT/SEGGER_RTT.o
 .bss._acUpBuffer
                0x200005dc      0x400 ./src/SEGGER_RTT/SEGGER_RTT.o
 .bss.count     0x200009dc        0x2 ./src/da16200_AT.o
 .bss.g_wifi_receive_complete
                0x200009de        0x1 ./src/da16200_AT.o
                0x200009de                g_wifi_receive_complete
 *fill*         0x200009df        0x1 
 .bss.g_wifi_receive_time_count
                0x200009e0        0x2 ./src/da16200_AT.o
                0x200009e0                g_wifi_receive_time_count
 *fill*         0x200009e2        0x2 
 .bss.http_ip_port
                0x200009e4      0x1f4 ./src/dialog_wifi_demo.o
 .bss.data      0x20000bd8        0x4 ./src/hs3001.o
 .bss.http_buffer
                0x20000bdc      0x800 ./src/http_server.o
 .bss.resp_buff
                0x200013dc      0x800 ./src/http_server.o
 .bss.temp_buffer
                0x20001bdc      0x800 ./src/http_server.o
 .bss.user_buffer
                0x200023dc      0x800 ./src/http_server.o
 .bss.gp_prv_agt_periods
                0x20002bdc       0x28 ./ra/fsp/src/r_agt/r_agt.o
 .bss.current_heap_end.17079
                0x20002c04        0x4 ./ra/fsp/src/bsp/mcu/all/bsp_sbrk.o
 .bss.__malloc_free_list
                0x20002c08        0x4 c:/program files (x86)/gnu tools arm embedded/9 2019-q4-major/bin/../lib/gcc/arm-none-eabi/9.2.1/../../../../arm-none-eabi/lib/thumb/v8-m.base/nofp\libg_nano.a(lib_a-nano-mallocr.o)
                0x20002c08                __malloc_free_list
 .bss.__malloc_sbrk_start
                0x20002c0c        0x4 c:/program files (x86)/gnu tools arm embedded/9 2019-q4-major/bin/../lib/gcc/arm-none-eabi/9.2.1/../../../../arm-none-eabi/lib/thumb/v8-m.base/nofp\libg_nano.a(lib_a-nano-mallocr.o)
                0x20002c0c                __malloc_sbrk_start
 *(COMMON)
 COMMON         0x20002c10       0xa8 ./src/SEGGER_RTT/SEGGER_RTT.o
                0x20002c10                _SEGGER_RTT
 COMMON         0x20002cb8       0x10 ./src/dialog_wifi_demo.o
                0x20002cb8                g_demo_data
 COMMON         0x20002cc8       0x18 ./ra_gen/common_data.o
                0x20002cc8                g_ioport_ctrl
                0x20002cd0                g_external_sw1_ctrl
 COMMON         0x20002ce0       0x90 ./ra_gen/hal_data.o
                0x20002ce0                g_wifi_uart_ctrl
                0x20002d10                g_timer_ctrl
                0x20002d30                g_i2c_hs3001_ctrl
 COMMON         0x20002d70       0x34 ./ra/fsp/src/bsp/mcu/all/bsp_group_irq.o
                0x20002d70                g_bsp_group_irq_sources
 COMMON         0x20002da4        0x4 ./ra/fsp/src/bsp/mcu/all/bsp_io.o
                0x20002da4                g_protect_pfswe_counter
 COMMON         0x20002da8      0x110 ./ra/fsp/src/bsp/mcu/all/bsp_irq.o
                0x20002da8                gp_renesas_isr_context
 COMMON         0x20002eb8        0x8 ./ra/fsp/src/bsp/mcu/all/bsp_register_protection.o
                0x20002eb8                g_protect_counters
 COMMON         0x20002ec0        0x4 ./ra/fsp/src/bsp/cmsis/Device/RENESAS/Source/system.o
                0x20002ec0                SystemCoreClock
 COMMON         0x20002ec4        0x4 c:/program files (x86)/gnu tools arm embedded/9 2019-q4-major/bin/../lib/gcc/arm-none-eabi/9.2.1/../../../../arm-none-eabi/lib/thumb/v8-m.base/nofp\libg_nano.a(lib_a-reent.o)
                0x20002ec4                errno
 COMMON         0x20002ec8        0x9 c:/program files (x86)/gnu tools arm embedded/9 2019-q4-major/bin/../lib/gcc/arm-none-eabi/9.2.1/../../../../arm-none-eabi/lib/thumb/v8-m.base/nofp\libg_nano.a(lib_a-lock.o)
                0x20002ec8                __lock___atexit_recursive_mutex
                0x20002ec9                __lock___arc4random_mutex
                0x20002eca                __lock___env_recursive_mutex
                0x20002ecb                __lock___sinit_recursive_mutex
                0x20002ecc                __lock___malloc_recursive_mutex
                0x20002ecd                __lock___at_quick_exit_mutex
                0x20002ece                __lock___dd_hash_mutex
                0x20002ecf                __lock___tz_mutex
                0x20002ed0                __lock___sfp_recursive_mutex
                0x20002ed4                . = ALIGN (0x4)
 *fill*         0x20002ed1        0x3 
                0x20002ed4                __bss_end__ = .

.heap           0x20002ed4        0x4
                0x20002ed8                . = ALIGN (0x8)
 *fill*         0x20002ed4        0x4 
                0x20002ed8                __HeapBase = .
 *(.heap)
                0x20002ed8                __HeapLimit = .

.stack_dummy    0x20002ed8      0x400
                0x20002ed8                . = ALIGN (0x8)
                0x20002ed8                __StackLimit = .
 *(.stack)
 .stack         0x20002ed8      0x400 ./ra/fsp/src/bsp/cmsis/Device/RENESAS/Source/startup.o
                0x200032d8                __StackTop = .
 *(.stack*)
                0x200032d8                __StackTopAll = .
                [!provide]                PROVIDE (__stack = __StackTopAll)
                0x200032d8                __RAM_segment_used_end__ = ALIGN (__StackTopAll, 0x4)
                0x20003400                __tz_RAM_C = DEFINED (RAM_NSC_START)?ABSOLUTE (RAM_NSC_START):__RESERVE_NS_RAM?ABSOLUTE (RAM_NS_BUFFER_BLOCK_START):ALIGN (__RAM_segment_used_end__, 0x400)
                0x20004000                __tz_RAM_N = DEFINED (RAM_NS_START)?ABSOLUTE (RAM_NS_START):__RESERVE_NS_RAM?ABSOLUTE (RAM_NS_BUFFER_BLOCK_START):ALIGN (__tz_RAM_C, 0x2000)

.ns_buffer      0x200032d8        0x0
                0x200032d8                . = __RESERVE_NS_RAM?ABSOLUTE ((RAM_NS_BUFFER_START & 0xffffffe0)):.
 *(.ns_buffer*)

.data_flash     0x40100000        0x0
                0x40100000                . = ORIGIN (DATA_FLASH)
                0x40100000                __tz_DATA_FLASH_S = .
                0x40100000                __Data_Flash_Start = .
 *(.data_flash*)
                0x40100000                __Data_Flash_End = .
                0x40100000                __tz_DATA_FLASH_N = DEFINED (DATA_FLASH_NS_START)?ABSOLUTE (DATA_FLASH_NS_START):__RESERVE_NS_RAM?ABSOLUTE ((DATA_FLASH_START + DATA_FLASH_LENGTH)):ALIGN (0x400)
                0x80010000                __tz_SDRAM_S = ORIGIN (SDRAM)

.sdram          0x80010000        0x0
                0x80010000                __SDRAM_Start = .
 *(.sdram*)
 *(.frame*)
                0x80010000                __SDRAM_End = .
                0x80010000                __tz_SDRAM_N = __SDRAM_End
                0x01010018                __tz_ID_CODE_S = ORIGIN (ID_CODE)

.id_code        0x01010018       0x1c
                0x01010018                __ID_Code_Start = .
 *(.id_code*)
 .id_code       0x01010018       0x1c ./ra/fsp/src/bsp/mcu/all/bsp_rom_registers.o
                0x01010034                __ID_Code_End = .
                0x01010034                __tz_ID_CODE_N = __ID_Code_End
                0x00000000                __tz_OPTION_SETTING_S = ORIGIN (OPTION_SETTING)

.rel.dyn        0x01010034        0x0
 .rel.iplt      0x01010034        0x0 c:/program files (x86)/gnu tools arm embedded/9 2019-q4-major/bin/../lib/gcc/arm-none-eabi/9.2.1/thumb/v8-m.base/nofp/crtbegin.o

.option_setting
                0x00000000        0x0
                0x00000000                __OPTION_SETTING_Start = .
 *(.option_setting_ofs0)
                0x00000000                . = PROJECT_SECURE_OR_FLAT?(__OPTION_SETTING_Start + 0x10):__OPTION_SETTING_Start
 *(.option_setting_dualsel)
                0x00000000                . = PROJECT_SECURE_OR_FLAT?(__OPTION_SETTING_Start + 0x34):__OPTION_SETTING_Start
 *(.option_setting_sas)
                0x00000000                __OPTION_SETTING_End = .
                0x0100a180                __tz_OPTION_SETTING_N = OPTION_SETTING_START_NS

.option_setting_ns
                0x00000000        0x0
                0x00000000                __OPTION_SETTING_NS_Start = .
 *(.option_setting_ofs1)
                0x00000000                . = USE_OPTION_SETTING_NS?(__OPTION_SETTING_NS_Start + 0x10):__OPTION_SETTING_NS_Start
 *(.option_setting_banksel)
                0x00000000                . = USE_OPTION_SETTING_NS?(__OPTION_SETTING_NS_Start + 0x40):__OPTION_SETTING_NS_Start
 *(.option_setting_bps0)
                0x00000000                . = USE_OPTION_SETTING_NS?(__OPTION_SETTING_NS_Start + 0x44):__OPTION_SETTING_NS_Start
 *(.option_setting_bps1)
                0x00000000                . = USE_OPTION_SETTING_NS?(__OPTION_SETTING_NS_Start + 0x48):__OPTION_SETTING_NS_Start
 *(.option_setting_bps2)
                0x00000000                . = USE_OPTION_SETTING_NS?(__OPTION_SETTING_NS_Start + 0x60):__OPTION_SETTING_NS_Start
 *(.option_setting_pbps0)
                0x00000000                . = USE_OPTION_SETTING_NS?(__OPTION_SETTING_NS_Start + 0x64):__OPTION_SETTING_NS_Start
 *(.option_setting_pbps1)
                0x00000000                . = USE_OPTION_SETTING_NS?(__OPTION_SETTING_NS_Start + 0x68):__OPTION_SETTING_NS_Start
 *(.option_setting_pbps2)
                0x00000000                __OPTION_SETTING_NS_End = .
                0x80000000                __tz_OPTION_SETTING_S_S = ORIGIN (OPTION_SETTING_S)

.option_setting_s
                0x80000000        0x0
                0x80000000                __OPTION_SETTING_S_Start = .
 *(.option_setting_ofs1_sec)
                0x80000000                . = PROJECT_SECURE_OR_FLAT?(__OPTION_SETTING_S_Start + 0x10):__OPTION_SETTING_S_Start
 *(.option_setting_banksel_sec)
                0x80000000                . = PROJECT_SECURE_OR_FLAT?(__OPTION_SETTING_S_Start + 0x40):__OPTION_SETTING_S_Start
 *(.option_setting_bps_sec0)
                0x80000000                . = PROJECT_SECURE_OR_FLAT?(__OPTION_SETTING_S_Start + 0x44):__OPTION_SETTING_S_Start
 *(.option_setting_bps_sec1)
                0x80000000                . = PROJECT_SECURE_OR_FLAT?(__OPTION_SETTING_S_Start + 0x48):__OPTION_SETTING_S_Start
 *(.option_setting_bps_sec2)
                0x80000000                . = PROJECT_SECURE_OR_FLAT?(__OPTION_SETTING_S_Start + 0x60):__OPTION_SETTING_S_Start
 *(.option_setting_pbps_sec0)
                0x80000000                . = PROJECT_SECURE_OR_FLAT?(__OPTION_SETTING_S_Start + 0x64):__OPTION_SETTING_S_Start
 *(.option_setting_pbps_sec1)
                0x80000000                . = PROJECT_SECURE_OR_FLAT?(__OPTION_SETTING_S_Start + 0x68):__OPTION_SETTING_S_Start
 *(.option_setting_pbps_sec2)
                0x80000000                . = PROJECT_SECURE_OR_FLAT?(__OPTION_SETTING_S_Start + 0x80):__OPTION_SETTING_S_Start
 *(.option_setting_ofs1_sel)
                0x80000000                . = PROJECT_SECURE_OR_FLAT?(__OPTION_SETTING_S_Start + 0x90):__OPTION_SETTING_S_Start
 *(.option_setting_banksel_sel)
                0x80000000                . = PROJECT_SECURE_OR_FLAT?(__OPTION_SETTING_S_Start + 0xc0):__OPTION_SETTING_S_Start
 *(.option_setting_bps_sel0)
                0x80000000                . = PROJECT_SECURE_OR_FLAT?(__OPTION_SETTING_S_Start + 0xc4):__OPTION_SETTING_S_Start
 *(.option_setting_bps_sel1)
                0x80000000                . = PROJECT_SECURE_OR_FLAT?(__OPTION_SETTING_S_Start + 0xc8):__OPTION_SETTING_S_Start
 *(.option_setting_bps_sel2)
                0x80000000                __OPTION_SETTING_S_End = .
                0x80000000                __tz_OPTION_SETTING_S_N = __OPTION_SETTING_S_End
OUTPUT(Renesas_Wifi_DA16200_RA6M4_Demo.elf elf32-littlearm)

.ARM.attributes
                0x00000000       0x2c
 .ARM.attributes
                0x00000000       0x22 c:/program files (x86)/gnu tools arm embedded/9 2019-q4-major/bin/../lib/gcc/arm-none-eabi/9.2.1/thumb/v8-m.base/nofp/crti.o
 .ARM.attributes
                0x00000022       0x30 c:/program files (x86)/gnu tools arm embedded/9 2019-q4-major/bin/../lib/gcc/arm-none-eabi/9.2.1/thumb/v8-m.base/nofp/crtbegin.o
 .ARM.attributes
                0x00000052       0x30 ./src/SEGGER_RTT/SEGGER_RTT.o
 .ARM.attributes
                0x00000082       0x30 ./src/SEGGER_RTT/SEGGER_RTT_printf.o
 .ARM.attributes
                0x000000b2       0x30 ./src/da16200_AT.o
 .ARM.attributes
                0x000000e2       0x30 ./src/dialog_wifi_demo.o
 .ARM.attributes
                0x00000112       0x30 ./src/hal_entry.o
 .ARM.attributes
                0x00000142       0x30 ./src/hs3001.o
 .ARM.attributes
                0x00000172       0x30 ./src/http_server.o
 .ARM.attributes
                0x000001a2       0x30 ./ra_gen/common_data.o
 .ARM.attributes
                0x000001d2       0x30 ./ra_gen/hal_data.o
 .ARM.attributes
                0x00000202       0x30 ./ra_gen/main.o
 .ARM.attributes
                0x00000232       0x32 ./ra_gen/pin_data.o
 .ARM.attributes
                0x00000264       0x32 ./ra_gen/vector_data.o
 .ARM.attributes
                0x00000296       0x30 ./ra/fsp/src/r_sci_uart/r_sci_uart.o
 .ARM.attributes
                0x000002c6       0x30 ./ra/fsp/src/r_sci_i2c/r_sci_i2c.o
 .ARM.attributes
                0x000002f6       0x30 ./ra/fsp/src/r_ioport/r_ioport.o
 .ARM.attributes
                0x00000326       0x30 ./ra/fsp/src/r_icu/r_icu.o
 .ARM.attributes
                0x00000356       0x30 ./ra/fsp/src/r_agt/r_agt.o
 .ARM.attributes
                0x00000386       0x30 ./ra/fsp/src/bsp/mcu/all/bsp_clocks.o
 .ARM.attributes
                0x000003b6       0x30 ./ra/fsp/src/bsp/mcu/all/bsp_common.o
 .ARM.attributes
                0x000003e6       0x30 ./ra/fsp/src/bsp/mcu/all/bsp_delay.o
 .ARM.attributes
                0x00000416       0x30 ./ra/fsp/src/bsp/mcu/all/bsp_group_irq.o
 .ARM.attributes
                0x00000446       0x32 ./ra/fsp/src/bsp/mcu/all/bsp_io.o
 .ARM.attributes
                0x00000478       0x30 ./ra/fsp/src/bsp/mcu/all/bsp_irq.o
 .ARM.attributes
                0x000004a8       0x30 ./ra/fsp/src/bsp/mcu/all/bsp_register_protection.o
 .ARM.attributes
                0x000004d8       0x32 ./ra/fsp/src/bsp/mcu/all/bsp_rom_registers.o
 .ARM.attributes
                0x0000050a       0x30 ./ra/fsp/src/bsp/mcu/all/bsp_sbrk.o
 .ARM.attributes
                0x0000053a       0x30 ./ra/fsp/src/bsp/cmsis/Device/RENESAS/Source/startup.o
 .ARM.attributes
                0x0000056a       0x30 ./ra/fsp/src/bsp/cmsis/Device/RENESAS/Source/system.o
 .ARM.attributes
                0x0000059a       0x30 ./ra/board/ra2a2_ek/board_init.o
 .ARM.attributes
                0x000005ca       0x30 c:/program files (x86)/gnu tools arm embedded/9 2019-q4-major/bin/../lib/gcc/arm-none-eabi/9.2.1/thumb/v8-m.base/nofp\libgcc.a(_muldi3.o)
 .ARM.attributes
                0x000005fa       0x30 c:/program files (x86)/gnu tools arm embedded/9 2019-q4-major/bin/../lib/gcc/arm-none-eabi/9.2.1/thumb/v8-m.base/nofp\libgcc.a(_fixunssfsi.o)
 .ARM.attributes
                0x0000062a       0x30 c:/program files (x86)/gnu tools arm embedded/9 2019-q4-major/bin/../lib/gcc/arm-none-eabi/9.2.1/thumb/v8-m.base/nofp\libgcc.a(divsf3.o)
 .ARM.attributes
                0x0000065a       0x30 c:/program files (x86)/gnu tools arm embedded/9 2019-q4-major/bin/../lib/gcc/arm-none-eabi/9.2.1/thumb/v8-m.base/nofp\libgcc.a(mulsf3.o)
 .ARM.attributes
                0x0000068a       0x30 c:/program files (x86)/gnu tools arm embedded/9 2019-q4-major/bin/../lib/gcc/arm-none-eabi/9.2.1/thumb/v8-m.base/nofp\libgcc.a(subsf3.o)
 .ARM.attributes
                0x000006ba       0x30 c:/program files (x86)/gnu tools arm embedded/9 2019-q4-major/bin/../lib/gcc/arm-none-eabi/9.2.1/thumb/v8-m.base/nofp\libgcc.a(fixsfsi.o)
 .ARM.attributes
                0x000006ea       0x30 c:/program files (x86)/gnu tools arm embedded/9 2019-q4-major/bin/../lib/gcc/arm-none-eabi/9.2.1/thumb/v8-m.base/nofp\libgcc.a(floatunsisf.o)
 .ARM.attributes
                0x0000071a       0x22 c:/program files (x86)/gnu tools arm embedded/9 2019-q4-major/bin/../lib/gcc/arm-none-eabi/9.2.1/thumb/v8-m.base/nofp\libgcc.a(_arm_cmpsf2.o)
 .ARM.attributes
                0x0000073c       0x22 c:/program files (x86)/gnu tools arm embedded/9 2019-q4-major/bin/../lib/gcc/arm-none-eabi/9.2.1/thumb/v8-m.base/nofp\libgcc.a(_clzsi2.o)
 .ARM.attributes
                0x0000075e       0x30 c:/program files (x86)/gnu tools arm embedded/9 2019-q4-major/bin/../lib/gcc/arm-none-eabi/9.2.1/thumb/v8-m.base/nofp\libgcc.a(eqsf2.o)
 .ARM.attributes
                0x0000078e       0x30 c:/program files (x86)/gnu tools arm embedded/9 2019-q4-major/bin/../lib/gcc/arm-none-eabi/9.2.1/thumb/v8-m.base/nofp\libgcc.a(gesf2.o)
 .ARM.attributes
                0x000007be       0x30 c:/program files (x86)/gnu tools arm embedded/9 2019-q4-major/bin/../lib/gcc/arm-none-eabi/9.2.1/thumb/v8-m.base/nofp\libgcc.a(lesf2.o)
 .ARM.attributes
                0x000007ee       0x30 c:/program files (x86)/gnu tools arm embedded/9 2019-q4-major/bin/../lib/gcc/arm-none-eabi/9.2.1/../../../../arm-none-eabi/lib/thumb/v8-m.base/nofp\libg_nano.a(lib_a-errno.o)
 .ARM.attributes
                0x0000081e       0x30 c:/program files (x86)/gnu tools arm embedded/9 2019-q4-major/bin/../lib/gcc/arm-none-eabi/9.2.1/../../../../arm-none-eabi/lib/thumb/v8-m.base/nofp\libg_nano.a(lib_a-impure.o)
 .ARM.attributes
                0x0000084e       0x30 c:/program files (x86)/gnu tools arm embedded/9 2019-q4-major/bin/../lib/gcc/arm-none-eabi/9.2.1/../../../../arm-none-eabi/lib/thumb/v8-m.base/nofp\libg_nano.a(lib_a-memcpy-stub.o)
 .ARM.attributes
                0x0000087e       0x30 c:/program files (x86)/gnu tools arm embedded/9 2019-q4-major/bin/../lib/gcc/arm-none-eabi/9.2.1/../../../../arm-none-eabi/lib/thumb/v8-m.base/nofp\libg_nano.a(lib_a-memset.o)
 .ARM.attributes
                0x000008ae       0x30 c:/program files (x86)/gnu tools arm embedded/9 2019-q4-major/bin/../lib/gcc/arm-none-eabi/9.2.1/../../../../arm-none-eabi/lib/thumb/v8-m.base/nofp\libg_nano.a(lib_a-sprintf.o)
 .ARM.attributes
                0x000008de       0x30 c:/program files (x86)/gnu tools arm embedded/9 2019-q4-major/bin/../lib/gcc/arm-none-eabi/9.2.1/../../../../arm-none-eabi/lib/thumb/v8-m.base/nofp\libg_nano.a(lib_a-strcat.o)
 .ARM.attributes
                0x0000090e       0x30 c:/program files (x86)/gnu tools arm embedded/9 2019-q4-major/bin/../lib/gcc/arm-none-eabi/9.2.1/../../../../arm-none-eabi/lib/thumb/v8-m.base/nofp\libg_nano.a(lib_a-strcpy.o)
 .ARM.attributes
                0x0000093e       0x1c c:/program files (x86)/gnu tools arm embedded/9 2019-q4-major/bin/../lib/gcc/arm-none-eabi/9.2.1/../../../../arm-none-eabi/lib/thumb/v8-m.base/nofp\libg_nano.a(lib_a-strlen.o)
 .ARM.attributes
                0x0000095a       0x30 c:/program files (x86)/gnu tools arm embedded/9 2019-q4-major/bin/../lib/gcc/arm-none-eabi/9.2.1/../../../../arm-none-eabi/lib/thumb/v8-m.base/nofp\libg_nano.a(lib_a-strstr.o)
 .ARM.attributes
                0x0000098a       0x30 c:/program files (x86)/gnu tools arm embedded/9 2019-q4-major/bin/../lib/gcc/arm-none-eabi/9.2.1/../../../../arm-none-eabi/lib/thumb/v8-m.base/nofp\libg_nano.a(lib_a-nano-svfprintf.o)
 .ARM.attributes
                0x000009ba       0x30 c:/program files (x86)/gnu tools arm embedded/9 2019-q4-major/bin/../lib/gcc/arm-none-eabi/9.2.1/../../../../arm-none-eabi/lib/thumb/v8-m.base/nofp\libg_nano.a(lib_a-nano-vfprintf_i.o)
 .ARM.attributes
                0x000009ea       0x30 c:/program files (x86)/gnu tools arm embedded/9 2019-q4-major/bin/../lib/gcc/arm-none-eabi/9.2.1/../../../../arm-none-eabi/lib/thumb/v8-m.base/nofp\libg_nano.a(lib_a-memchr-stub.o)
 .ARM.attributes
                0x00000a1a       0x30 c:/program files (x86)/gnu tools arm embedded/9 2019-q4-major/bin/../lib/gcc/arm-none-eabi/9.2.1/../../../../arm-none-eabi/lib/thumb/v8-m.base/nofp\libg_nano.a(lib_a-memmove.o)
 .ARM.attributes
                0x00000a4a       0x30 c:/program files (x86)/gnu tools arm embedded/9 2019-q4-major/bin/../lib/gcc/arm-none-eabi/9.2.1/../../../../arm-none-eabi/lib/thumb/v8-m.base/nofp\libg_nano.a(lib_a-nano-freer.o)
 .ARM.attributes
                0x00000a7a       0x30 c:/program files (x86)/gnu tools arm embedded/9 2019-q4-major/bin/../lib/gcc/arm-none-eabi/9.2.1/../../../../arm-none-eabi/lib/thumb/v8-m.base/nofp\libg_nano.a(lib_a-nano-mallocr.o)
 .ARM.attributes
                0x00000aaa       0x30 c:/program files (x86)/gnu tools arm embedded/9 2019-q4-major/bin/../lib/gcc/arm-none-eabi/9.2.1/../../../../arm-none-eabi/lib/thumb/v8-m.base/nofp\libg_nano.a(lib_a-nano-reallocr.o)
 .ARM.attributes
                0x00000ada       0x30 c:/program files (x86)/gnu tools arm embedded/9 2019-q4-major/bin/../lib/gcc/arm-none-eabi/9.2.1/../../../../arm-none-eabi/lib/thumb/v8-m.base/nofp\libg_nano.a(lib_a-sbrkr.o)
 .ARM.attributes
                0x00000b0a       0x30 c:/program files (x86)/gnu tools arm embedded/9 2019-q4-major/bin/../lib/gcc/arm-none-eabi/9.2.1/../../../../arm-none-eabi/lib/thumb/v8-m.base/nofp\libg_nano.a(lib_a-mlock.o)
 .ARM.attributes
                0x00000b3a       0x30 c:/program files (x86)/gnu tools arm embedded/9 2019-q4-major/bin/../lib/gcc/arm-none-eabi/9.2.1/../../../../arm-none-eabi/lib/thumb/v8-m.base/nofp\libg_nano.a(lib_a-nano-msizer.o)
 .ARM.attributes
                0x00000b6a       0x30 c:/program files (x86)/gnu tools arm embedded/9 2019-q4-major/bin/../lib/gcc/arm-none-eabi/9.2.1/../../../../arm-none-eabi/lib/thumb/v8-m.base/nofp\libg_nano.a(lib_a-reent.o)
 .ARM.attributes
                0x00000b9a       0x30 c:/program files (x86)/gnu tools arm embedded/9 2019-q4-major/bin/../lib/gcc/arm-none-eabi/9.2.1/../../../../arm-none-eabi/lib/thumb/v8-m.base/nofp\libg_nano.a(lib_a-lock.o)
 .ARM.attributes
                0x00000bca       0x22 c:/program files (x86)/gnu tools arm embedded/9 2019-q4-major/bin/../lib/gcc/arm-none-eabi/9.2.1/thumb/v8-m.base/nofp\libgcc.a(_thumb1_case_shi.o)
 .ARM.attributes
                0x00000bec       0x30 c:/program files (x86)/gnu tools arm embedded/9 2019-q4-major/bin/../lib/gcc/arm-none-eabi/9.2.1/../../../../arm-none-eabi/lib/thumb/v8-m.base/nofp\libc_nano.a(lib_a-findfp.o)
 .ARM.attributes
                0x00000c1c       0x30 c:/program files (x86)/gnu tools arm embedded/9 2019-q4-major/bin/../lib/gcc/arm-none-eabi/9.2.1/thumb/v8-m.base/nofp/crtend.o
 .ARM.attributes
                0x00000c4c       0x22 c:/program files (x86)/gnu tools arm embedded/9 2019-q4-major/bin/../lib/gcc/arm-none-eabi/9.2.1/thumb/v8-m.base/nofp/crtn.o

.comment        0x00000000       0x79
 .comment       0x00000000       0x79 ./src/SEGGER_RTT/SEGGER_RTT.o
                                 0x7a (size before relaxing)
 .comment       0x00000079       0x7a ./src/SEGGER_RTT/SEGGER_RTT_printf.o
 .comment       0x00000079       0x7a ./src/da16200_AT.o
 .comment       0x00000079       0x7a ./src/dialog_wifi_demo.o
 .comment       0x00000079       0x7a ./src/hal_entry.o
 .comment       0x00000079       0x7a ./src/hs3001.o
 .comment       0x00000079       0x7a ./src/http_server.o
 .comment       0x00000079       0x7a ./ra_gen/common_data.o
 .comment       0x00000079       0x7a ./ra_gen/hal_data.o
 .comment       0x00000079       0x7a ./ra_gen/main.o
 .comment       0x00000079       0x7a ./ra_gen/pin_data.o
 .comment       0x00000079       0x7a ./ra_gen/vector_data.o
 .comment       0x00000079       0x7a ./ra/fsp/src/r_sci_uart/r_sci_uart.o
 .comment       0x00000079       0x7a ./ra/fsp/src/r_sci_i2c/r_sci_i2c.o
 .comment       0x00000079       0x7a ./ra/fsp/src/r_ioport/r_ioport.o
 .comment       0x00000079       0x7a ./ra/fsp/src/r_icu/r_icu.o
 .comment       0x00000079       0x7a ./ra/fsp/src/r_agt/r_agt.o
 .comment       0x00000079       0x7a ./ra/fsp/src/bsp/mcu/all/bsp_clocks.o
 .comment       0x00000079       0x7a ./ra/fsp/src/bsp/mcu/all/bsp_common.o
 .comment       0x00000079       0x7a ./ra/fsp/src/bsp/mcu/all/bsp_delay.o
 .comment       0x00000079       0x7a ./ra/fsp/src/bsp/mcu/all/bsp_group_irq.o
 .comment       0x00000079       0x7a ./ra/fsp/src/bsp/mcu/all/bsp_io.o
 .comment       0x00000079       0x7a ./ra/fsp/src/bsp/mcu/all/bsp_irq.o
 .comment       0x00000079       0x7a ./ra/fsp/src/bsp/mcu/all/bsp_register_protection.o
 .comment       0x00000079       0x7a ./ra/fsp/src/bsp/mcu/all/bsp_rom_registers.o
 .comment       0x00000079       0x7a ./ra/fsp/src/bsp/mcu/all/bsp_sbrk.o
 .comment       0x00000079       0x7a ./ra/fsp/src/bsp/cmsis/Device/RENESAS/Source/startup.o
 .comment       0x00000079       0x7a ./ra/fsp/src/bsp/cmsis/Device/RENESAS/Source/system.o
 .comment       0x00000079       0x7a ./ra/board/ra2a2_ek/board_init.o

.debug_info     0x00000000    0x6d38b
 .debug_info    0x00000000     0x29d3 ./src/SEGGER_RTT/SEGGER_RTT.o
 .debug_info    0x000029d3     0x10fa ./src/SEGGER_RTT/SEGGER_RTT_printf.o
 .debug_info    0x00003acd     0x7da2 ./src/da16200_AT.o
 .debug_info    0x0000b86f     0x6826 ./src/dialog_wifi_demo.o
 .debug_info    0x00012095     0x6ec4 ./src/hal_entry.o
 .debug_info    0x00018f59     0x5cfd ./src/hs3001.o
 .debug_info    0x0001ec56     0x62e5 ./src/http_server.o
 .debug_info    0x00024f3b     0x1ec7 ./ra_gen/common_data.o
 .debug_info    0x00026e02     0x5ec7 ./ra_gen/hal_data.o
 .debug_info    0x0002ccc9     0x5bbd ./ra_gen/main.o
 .debug_info    0x00032886     0x1b04 ./ra_gen/pin_data.o
 .debug_info    0x0003438a     0x12bb ./ra_gen/vector_data.o
 .debug_info    0x00035645     0x9ed2 ./ra/fsp/src/r_sci_uart/r_sci_uart.o
 .debug_info    0x0003f517     0x5156 ./ra/fsp/src/r_sci_i2c/r_sci_i2c.o
 .debug_info    0x0004466d     0x551d ./ra/fsp/src/r_ioport/r_ioport.o
 .debug_info    0x00049b8a     0x2233 ./ra/fsp/src/r_icu/r_icu.o
 .debug_info    0x0004bdbd     0x7b4f ./ra/fsp/src/r_agt/r_agt.o
 .debug_info    0x0005390c     0x986f ./ra/fsp/src/bsp/mcu/all/bsp_clocks.o
 .debug_info    0x0005d17b     0x121d ./ra/fsp/src/bsp/mcu/all/bsp_common.o
 .debug_info    0x0005e398      0xaaa ./ra/fsp/src/bsp/mcu/all/bsp_delay.o
 .debug_info    0x0005ee42     0x1bcd ./ra/fsp/src/bsp/mcu/all/bsp_group_irq.o
 .debug_info    0x00060a0f      0x974 ./ra/fsp/src/bsp/mcu/all/bsp_io.o
 .debug_info    0x00061383     0x22c1 ./ra/fsp/src/bsp/mcu/all/bsp_irq.o
 .debug_info    0x00063644     0x4aa7 ./ra/fsp/src/bsp/mcu/all/bsp_register_protection.o
 .debug_info    0x000680eb      0x9b9 ./ra/fsp/src/bsp/mcu/all/bsp_rom_registers.o
 .debug_info    0x00068aa4      0xa45 ./ra/fsp/src/bsp/mcu/all/bsp_sbrk.o
 .debug_info    0x000694e9      0xa35 ./ra/fsp/src/bsp/cmsis/Device/RENESAS/Source/startup.o
 .debug_info    0x00069f1e     0x2ade ./ra/fsp/src/bsp/cmsis/Device/RENESAS/Source/system.o
 .debug_info    0x0006c9fc      0x98f ./ra/board/ra2a2_ek/board_init.o

.debug_abbrev   0x00000000     0x65ff
 .debug_abbrev  0x00000000      0x46d ./src/SEGGER_RTT/SEGGER_RTT.o
 .debug_abbrev  0x0000046d      0x3a5 ./src/SEGGER_RTT/SEGGER_RTT_printf.o
 .debug_abbrev  0x00000812      0x53b ./src/da16200_AT.o
 .debug_abbrev  0x00000d4d      0x401 ./src/dialog_wifi_demo.o
 .debug_abbrev  0x0000114e      0x365 ./src/hal_entry.o
 .debug_abbrev  0x000014b3      0x39b ./src/hs3001.o
 .debug_abbrev  0x0000184e      0x42b ./src/http_server.o
 .debug_abbrev  0x00001c79      0x23d ./ra_gen/common_data.o
 .debug_abbrev  0x00001eb6      0x2f3 ./ra_gen/hal_data.o
 .debug_abbrev  0x000021a9      0x2d3 ./ra_gen/main.o
 .debug_abbrev  0x0000247c      0x222 ./ra_gen/pin_data.o
 .debug_abbrev  0x0000269e      0x1e9 ./ra_gen/vector_data.o
 .debug_abbrev  0x00002887      0x585 ./ra/fsp/src/r_sci_uart/r_sci_uart.o
 .debug_abbrev  0x00002e0c      0x572 ./ra/fsp/src/r_sci_i2c/r_sci_i2c.o
 .debug_abbrev  0x0000337e      0x519 ./ra/fsp/src/r_ioport/r_ioport.o
 .debug_abbrev  0x00003897      0x4b2 ./ra/fsp/src/r_icu/r_icu.o
 .debug_abbrev  0x00003d49      0x5d0 ./ra/fsp/src/r_agt/r_agt.o
 .debug_abbrev  0x00004319      0x4ee ./ra/fsp/src/bsp/mcu/all/bsp_clocks.o
 .debug_abbrev  0x00004807      0x29d ./ra/fsp/src/bsp/mcu/all/bsp_common.o
 .debug_abbrev  0x00004aa4      0x293 ./ra/fsp/src/bsp/mcu/all/bsp_delay.o
 .debug_abbrev  0x00004d37      0x342 ./ra/fsp/src/bsp/mcu/all/bsp_group_irq.o
 .debug_abbrev  0x00005079      0x1c7 ./ra/fsp/src/bsp/mcu/all/bsp_io.o
 .debug_abbrev  0x00005240      0x40c ./ra/fsp/src/bsp/mcu/all/bsp_irq.o
 .debug_abbrev  0x0000564c      0x357 ./ra/fsp/src/bsp/mcu/all/bsp_register_protection.o
 .debug_abbrev  0x000059a3      0x1c9 ./ra/fsp/src/bsp/mcu/all/bsp_rom_registers.o
 .debug_abbrev  0x00005b6c      0x24b ./ra/fsp/src/bsp/mcu/all/bsp_sbrk.o
 .debug_abbrev  0x00005db7      0x240 ./ra/fsp/src/bsp/cmsis/Device/RENESAS/Source/startup.o
 .debug_abbrev  0x00005ff7      0x421 ./ra/fsp/src/bsp/cmsis/Device/RENESAS/Source/system.o
 .debug_abbrev  0x00006418      0x1e7 ./ra/board/ra2a2_ek/board_init.o

.debug_loc      0x00000000     0xa3d7
 .debug_loc     0x00000000     0x39fb ./src/SEGGER_RTT/SEGGER_RTT.o
 .debug_loc     0x000039fb      0xb57 ./src/SEGGER_RTT/SEGGER_RTT_printf.o
 .debug_loc     0x00004552      0xebd ./src/da16200_AT.o
 .debug_loc     0x0000540f       0x8c ./src/dialog_wifi_demo.o
 .debug_loc     0x0000549b       0x42 ./src/hal_entry.o
 .debug_loc     0x000054dd       0xdb ./src/hs3001.o
 .debug_loc     0x000055b8      0x1fb ./src/http_server.o
 .debug_loc     0x000057b3      0xf10 ./ra/fsp/src/r_sci_uart/r_sci_uart.o
 .debug_loc     0x000066c3      0xa2f ./ra/fsp/src/r_sci_i2c/r_sci_i2c.o
 .debug_loc     0x000070f2      0xd32 ./ra/fsp/src/r_ioport/r_ioport.o
 .debug_loc     0x00007e24      0x370 ./ra/fsp/src/r_icu/r_icu.o
 .debug_loc     0x00008194     0x1385 ./ra/fsp/src/r_agt/r_agt.o
 .debug_loc     0x00009519      0x524 ./ra/fsp/src/bsp/mcu/all/bsp_clocks.o
 .debug_loc     0x00009a3d       0x25 ./ra/fsp/src/bsp/mcu/all/bsp_common.o
 .debug_loc     0x00009a62      0x16b ./ra/fsp/src/bsp/mcu/all/bsp_delay.o
 .debug_loc     0x00009bcd       0xc1 ./ra/fsp/src/bsp/mcu/all/bsp_group_irq.o
 .debug_loc     0x00009c8e      0x42c ./ra/fsp/src/bsp/mcu/all/bsp_irq.o
 .debug_loc     0x0000a0ba      0x110 ./ra/fsp/src/bsp/mcu/all/bsp_register_protection.o
 .debug_loc     0x0000a1ca       0xf3 ./ra/fsp/src/bsp/mcu/all/bsp_sbrk.o
 .debug_loc     0x0000a2bd      0x11a ./ra/fsp/src/bsp/cmsis/Device/RENESAS/Source/system.o

.debug_aranges  0x00000000      0x7d8
 .debug_aranges
                0x00000000      0x130 ./src/SEGGER_RTT/SEGGER_RTT.o
 .debug_aranges
                0x00000130       0x38 ./src/SEGGER_RTT/SEGGER_RTT_printf.o
 .debug_aranges
                0x00000168       0x58 ./src/da16200_AT.o
 .debug_aranges
                0x000001c0       0x28 ./src/dialog_wifi_demo.o
 .debug_aranges
                0x000001e8       0x28 ./src/hal_entry.o
 .debug_aranges
                0x00000210       0x30 ./src/hs3001.o
 .debug_aranges
                0x00000240       0x38 ./src/http_server.o
 .debug_aranges
                0x00000278       0x20 ./ra_gen/common_data.o
 .debug_aranges
                0x00000298       0x20 ./ra_gen/hal_data.o
 .debug_aranges
                0x000002b8       0x20 ./ra_gen/main.o
 .debug_aranges
                0x000002d8       0x18 ./ra_gen/pin_data.o
 .debug_aranges
                0x000002f0       0x18 ./ra_gen/vector_data.o
 .debug_aranges
                0x00000308       0x98 ./ra/fsp/src/r_sci_uart/r_sci_uart.o
 .debug_aranges
                0x000003a0       0x78 ./ra/fsp/src/r_sci_i2c/r_sci_i2c.o
 .debug_aranges
                0x00000418       0x90 ./ra/fsp/src/r_ioport/r_ioport.o
 .debug_aranges
                0x000004a8       0x48 ./ra/fsp/src/r_icu/r_icu.o
 .debug_aranges
                0x000004f0       0x90 ./ra/fsp/src/r_agt/r_agt.o
 .debug_aranges
                0x00000580       0x98 ./ra/fsp/src/bsp/mcu/all/bsp_clocks.o
 .debug_aranges
                0x00000618       0x30 ./ra/fsp/src/bsp/mcu/all/bsp_common.o
 .debug_aranges
                0x00000648       0x28 ./ra/fsp/src/bsp/mcu/all/bsp_delay.o
 .debug_aranges
                0x00000670       0x28 ./ra/fsp/src/bsp/mcu/all/bsp_group_irq.o
 .debug_aranges
                0x00000698       0x18 ./ra/fsp/src/bsp/mcu/all/bsp_io.o
 .debug_aranges
                0x000006b0       0x58 ./ra/fsp/src/bsp/mcu/all/bsp_irq.o
 .debug_aranges
                0x00000708       0x28 ./ra/fsp/src/bsp/mcu/all/bsp_register_protection.o
 .debug_aranges
                0x00000730       0x18 ./ra/fsp/src/bsp/mcu/all/bsp_rom_registers.o
 .debug_aranges
                0x00000748       0x20 ./ra/fsp/src/bsp/mcu/all/bsp_sbrk.o
 .debug_aranges
                0x00000768       0x28 ./ra/fsp/src/bsp/cmsis/Device/RENESAS/Source/startup.o
 .debug_aranges
                0x00000790       0x28 ./ra/fsp/src/bsp/cmsis/Device/RENESAS/Source/system.o
 .debug_aranges
                0x000007b8       0x20 ./ra/board/ra2a2_ek/board_init.o

.debug_ranges   0x00000000     0x14b8
 .debug_ranges  0x00000000      0x600 ./src/SEGGER_RTT/SEGGER_RTT.o
 .debug_ranges  0x00000600       0x68 ./src/SEGGER_RTT/SEGGER_RTT_printf.o
 .debug_ranges  0x00000668      0x1c0 ./src/da16200_AT.o
 .debug_ranges  0x00000828       0x30 ./src/dialog_wifi_demo.o
 .debug_ranges  0x00000858       0x18 ./src/hal_entry.o
 .debug_ranges  0x00000870       0x20 ./src/hs3001.o
 .debug_ranges  0x00000890       0x28 ./src/http_server.o
 .debug_ranges  0x000008b8       0x10 ./ra_gen/common_data.o
 .debug_ranges  0x000008c8       0x10 ./ra_gen/hal_data.o
 .debug_ranges  0x000008d8       0x10 ./ra_gen/main.o
 .debug_ranges  0x000008e8      0x2e8 ./ra/fsp/src/r_sci_uart/r_sci_uart.o
 .debug_ranges  0x00000bd0      0x228 ./ra/fsp/src/r_sci_i2c/r_sci_i2c.o
 .debug_ranges  0x00000df8      0x158 ./ra/fsp/src/r_ioport/r_ioport.o
 .debug_ranges  0x00000f50       0xa0 ./ra/fsp/src/r_icu/r_icu.o
 .debug_ranges  0x00000ff0      0x1a0 ./ra/fsp/src/r_agt/r_agt.o
 .debug_ranges  0x00001190      0x120 ./ra/fsp/src/bsp/mcu/all/bsp_clocks.o
 .debug_ranges  0x000012b0       0x20 ./ra/fsp/src/bsp/mcu/all/bsp_common.o
 .debug_ranges  0x000012d0       0x40 ./ra/fsp/src/bsp/mcu/all/bsp_delay.o
 .debug_ranges  0x00001310       0x30 ./ra/fsp/src/bsp/mcu/all/bsp_group_irq.o
 .debug_ranges  0x00001340       0xe0 ./ra/fsp/src/bsp/mcu/all/bsp_irq.o
 .debug_ranges  0x00001420       0x48 ./ra/fsp/src/bsp/mcu/all/bsp_register_protection.o
 .debug_ranges  0x00001468       0x10 ./ra/fsp/src/bsp/mcu/all/bsp_sbrk.o
 .debug_ranges  0x00001478       0x18 ./ra/fsp/src/bsp/cmsis/Device/RENESAS/Source/startup.o
 .debug_ranges  0x00001490       0x18 ./ra/fsp/src/bsp/cmsis/Device/RENESAS/Source/system.o
 .debug_ranges  0x000014a8       0x10 ./ra/board/ra2a2_ek/board_init.o

.debug_line     0x00000000     0xeb69
 .debug_line    0x00000000     0x1ac7 ./src/SEGGER_RTT/SEGGER_RTT.o
 .debug_line    0x00001ac7      0x7cd ./src/SEGGER_RTT/SEGGER_RTT_printf.o
 .debug_line    0x00002294     0x10aa ./src/da16200_AT.o
 .debug_line    0x0000333e      0x7e4 ./src/dialog_wifi_demo.o
 .debug_line    0x00003b22      0x6ef ./src/hal_entry.o
 .debug_line    0x00004211      0x684 ./src/hs3001.o
 .debug_line    0x00004895      0x888 ./src/http_server.o
 .debug_line    0x0000511d      0x4a1 ./ra_gen/common_data.o
 .debug_line    0x000055be      0x53d ./ra_gen/hal_data.o
 .debug_line    0x00005afb      0x539 ./ra_gen/main.o
 .debug_line    0x00006034      0x3c5 ./ra_gen/pin_data.o
 .debug_line    0x000063f9      0x3c5 ./ra_gen/vector_data.o
 .debug_line    0x000067be     0x12a3 ./ra/fsp/src/r_sci_uart/r_sci_uart.o
 .debug_line    0x00007a61      0xfae ./ra/fsp/src/r_sci_i2c/r_sci_i2c.o
 .debug_line    0x00008a0f      0xd0a ./ra/fsp/src/r_ioport/r_ioport.o
 .debug_line    0x00009719      0x7ef ./ra/fsp/src/r_icu/r_icu.o
 .debug_line    0x00009f08     0x1196 ./ra/fsp/src/r_agt/r_agt.o
 .debug_line    0x0000b09e      0xc6c ./ra/fsp/src/bsp/mcu/all/bsp_clocks.o
 .debug_line    0x0000bd0a      0x496 ./ra/fsp/src/bsp/mcu/all/bsp_common.o
 .debug_line    0x0000c1a0      0x384 ./ra/fsp/src/bsp/mcu/all/bsp_delay.o
 .debug_line    0x0000c524      0x416 ./ra/fsp/src/bsp/mcu/all/bsp_group_irq.o
 .debug_line    0x0000c93a      0x2c5 ./ra/fsp/src/bsp/mcu/all/bsp_io.o
 .debug_line    0x0000cbff      0x777 ./ra/fsp/src/bsp/mcu/all/bsp_irq.o
 .debug_line    0x0000d376      0x4dd ./ra/fsp/src/bsp/mcu/all/bsp_register_protection.o
 .debug_line    0x0000d853      0x2d0 ./ra/fsp/src/bsp/mcu/all/bsp_rom_registers.o
 .debug_line    0x0000db23      0x359 ./ra/fsp/src/bsp/mcu/all/bsp_sbrk.o
 .debug_line    0x0000de7c      0x334 ./ra/fsp/src/bsp/cmsis/Device/RENESAS/Source/startup.o
 .debug_line    0x0000e1b0      0x6dd ./ra/fsp/src/bsp/cmsis/Device/RENESAS/Source/system.o
 .debug_line    0x0000e88d      0x2dc ./ra/board/ra2a2_ek/board_init.o

.debug_str      0x00000000     0xfa1c
 .debug_str     0x00000000      0xa38 ./src/SEGGER_RTT/SEGGER_RTT.o
                                0xae9 (size before relaxing)
 .debug_str     0x00000a38      0x11b ./src/SEGGER_RTT/SEGGER_RTT_printf.o
                                0x7a8 (size before relaxing)
 .debug_str     0x00000b53     0x6fd3 ./src/da16200_AT.o
                               0x77d2 (size before relaxing)
 .debug_str     0x00007b26      0x117 ./src/dialog_wifi_demo.o
                               0x7599 (size before relaxing)
 .debug_str     0x00007c3d      0x5e5 ./src/hal_entry.o
                               0x651c (size before relaxing)
 .debug_str     0x00008222       0x46 ./src/hs3001.o
                               0x5edf (size before relaxing)
 .debug_str     0x00008268       0xcd ./src/http_server.o
                               0x60cf (size before relaxing)
 .debug_str     0x00008335       0x26 ./ra_gen/common_data.o